06-19 15:59:29.612  2603  2632 D InsetsSourceProvider: updateControlForTarget: control=InsetsSourceControl: {3 mType=ime mSurfacePosition=Point(0, 87) mInsetsHint=Insets{left=0, top=0, right=0, bottom=863}}, target=Window{4432304 u0 com.bruste68.englishplayondevice.play/com.bruste68.englishplayondevice.MainActivity}, from=com.android.server.wm.ImeInsetsSourceProvider.updateControlForTarget:165 com.android.server.wm.InsetsStateController.onControlTargetChanged:363 com.android.server.wm.InsetsStateController.onImeControlTargetChanged:307 com.android.server.wm.DisplayContent.updateImeControlTarget:5763 com.android.server.wm.DisplayContent.updateImeInputAndControlTarget:5723 
06-19 15:59:29.615  9530  9530 I HBD     : b [AiWriter] setContact : com.bruste68.englishplayondevice.play
06-19 15:59:29.615  9530  9530 I HBD     : a [AiWriter] setContact : com.bruste68.englishplayondevice.play
06-19 15:59:29.615  6481  8700 I SAMSUNGWALLET: [Hint_SimpleHintProcessMonitor] isHomePackageRunning topPkgName = com.bruste68.englishplayondevice.play, topClsName = com.bruste68.englishplayondevice.MainActivity, return false , se : false
06-19 15:59:29.616  3779  3779 D SamsungLightBarControlHelper: updateStatusBar (WHITE icon) numStacks:1, StatusBarMode:MODE_TRANSPARENT, lightBarBounds:[], StatusBarState:SHADE, packageName:com.bruste68.englishplayondevice.play, isWhiteKeyguardStatusBar:false
06-19 15:59:29.617  7039  7039 I InsetsSourceConsumer: applyRequestedVisibilityToControl: visible=false, type=ime, host=com.bruste68.englishplayondevice.play/com.bruste68.englishplayondevice.MainActivity
06-19 15:59:29.624  1892  1892 I Layer   : Layer::reparent [ImeContainer#18] newParent : ActivityRecord{5d71642 u0 com.bruste68.englishplayondevice.play/com.bruste68.englishplayondevice.MainActivity t91003}#51659 , isRemovedFromCurrentState : 0 -------------------------
06-19 15:59:29.649  2603  4539 V WindowManager: Relayout Window{7b931ee u0 Splash Screen com.bruste68.englishplayondevice.play}: viewVisibility=8 req=904x2316 ty=3 d0
06-19 15:59:29.650  2603  4539 D WindowManager: updateSystemBarAttributes: displayId=0, win=Window{4432304 u0 com.bruste68.englishplayondevice.play/com.bruste68.englishplayondevice.MainActivity}, navColorWin=Window{4432304 u0 com.bruste68.englishplayondevice.play/com.bruste68.englishplayondevice.MainActivity}, focusedCanBeNavColorWin=false, behavior=1, appearance=16, statusBarAppearanceRegions=[AppearanceRegion{ bounds=[0,0][904,2316]}], requestedVisibilities=-9, from=com.android.server.wm.DisplayPolicy.finishPostLayoutPolicyLw:2339 com.android.server.wm.DisplayContent.applySurfaceChangesTransaction:6181 com.android.server.wm.RootWindowContainer.applySurfaceChangesTransaction:1183 
06-19 15:59:29.650  7039  7082 D nativeloader: Load /data/app/~~dV9zonWjho18V0Hr0EL34g==/com.bruste68.englishplayondevice.play-ILuDfzhHvOsKZVQv9WedUg==/base.apk!/lib/arm64-v8a/libreact_nativemodule_core.so using ns clns-6 from class loader (caller=/data/app/~~dV9zonWjho18V0Hr0EL34g==/com.bruste68.englishplayondevice.play-ILuDfzhHvOsKZVQv9WedUg==/base.apk): ok
06-19 15:59:29.651  7039  7082 D nativeloader: Load /data/app/~~dV9zonWjho18V0Hr0EL34g==/com.bruste68.englishplayondevice.play-ILuDfzhHvOsKZVQv9WedUg==/base.apk!/lib/arm64-v8a/libexpo-modules-core.so using ns clns-6 from class loader (caller=/data/app/~~dV9zonWjho18V0Hr0EL34g==/com.bruste68.englishplayondevice.play-ILuDfzhHvOsKZVQv9WedUg==/base.apk): ok
06-19 15:59:29.652  2603  2632 D CoreBackPreview: Window{7b931ee u0 Splash Screen com.bruste68.englishplayondevice.play EXITING}: Setting back callback null
06-19 15:59:29.652  2603  2632 D WindowManager: Starting window removed Window{7b931ee u0 Splash Screen com.bruste68.englishplayondevice.play EXITING}
06-19 15:59:29.652  2603  2632 I WindowManager: Cancelling animation restarting=false, leash=Surface(name=Surface(name=4432304 com.bruste68.englishplayondevice.play/com.bruste68.englishplayondevice.MainActivity)/@0xc9995a3 - animation-leash of starting_reveal)/@0xa048459
06-19 15:59:29.652  2603  2632 I WindowManager: Reparenting to original parent: Surface(name=ActivityRecord{5d71642 u0 com.bruste68.englishplayondevice.play/com.bruste68.englishplayondevice.MainActivity t91003})/@0x8d6a675, destroy=false, surface=Surface(name=4432304 com.bruste68.englishplayondevice.play/com.bruste68.englishplayondevice.MainActivity)/@0xc9995a3
06-19 15:59:29.652  2603  2632 W InputManager-JNI: Input channel object '7b931ee Splash Screen com.bruste68.englishplayondevice.play (client)' was disposed without first being removed with the input manager!
06-19 15:59:29.652  2603  2632 V WindowManager: Remove Window{7b931ee u0 Splash Screen com.bruste68.englishplayondevice.play EXITING}: mSurfaceController=Surface(name=Splash Screen com.bruste68.englishplayondevice.play$_3779)/@0x382b219 mAnimatingExit=true mRemoveOnExit=false mHasSurface=true surfaceShowing=true animating=false app-animation=false mDisplayFrozen=false callers=com.android.server.wm.WindowManagerService.removeWindow:2151 com.android.server.wm.Session.remove:257 android.view.IWindowSession$Stub.onTransact:747 com.android.server.wm.Session.onTransact:204 android.os.Binder.execTransactInternal:1380 android.os.Binder.execTransact:1311 
06-19 15:59:29.656  7039  7082 D nativeloader: Load /data/app/~~dV9zonWjho18V0Hr0EL34g==/com.bruste68.englishplayondevice.play-ILuDfzhHvOsKZVQv9WedUg==/base.apk!/lib/arm64-v8a/libturbomodulejsijni.so using ns clns-6 from class loader (caller=/data/app/~~dV9zonWjho18V0Hr0EL34g==/com.bruste68.englishplayondevice.play-ILuDfzhHvOsKZVQv9WedUg==/base.apk): ok
06-19 15:59:29.658  1892  1892 I Layer   : Layer::reparent [4432304 com.bruste68.englishplayondevice.play/com.bruste68.englishplayondevice.MainActivity#51672] newParent : ActivityRecord{5d71642 u0 com.bruste68.englishplayondevice.play/com.bruste68.englishplayondevice.MainActivity t91003}#51659 , isRemovedFromCurrentState : 0 -------------------------
06-19 15:59:29.658  1892  1892 I Layer   : Layer::reparent [4432304 com.bruste68.englishplayondevice.play/com.bruste68.englishplayondevice.MainActivity#51672] End -------------------------
06-19 15:59:29.658  1892  1892 I Layer   : Layer::reparent [Surface(name=4432304 com.bruste68.englishplayondevice.play/com.bruste68.englishplayondevice.MainActivity)/@0xc9995a3 - animation-leash of starting_reveal#51679] newParentHandle : null -------------------------
06-19 15:59:29.658  1892  1892 I Layer   : id=51679 removeFromCurrentState Surface(name=4432304 com.bruste68.englishplayondevice.play/com.bruste68.englishplayondevice.MainActivity)/@0xc9995a3 - animation-leash of starting_reveal#51679 (230)
06-19 15:59:29.658  1892  1892 I Layer   : Layer::reparent [Surface(name=4432304 com.bruste68.englishplayondevice.play/com.bruste68.englishplayondevice.MainActivity)/@0xc9995a3 - animation-leash of starting_reveal#51679] End -------------------------
06-19 15:59:29.662  1892  1892 D SurfaceFlinger:      CLIENT | 0xb400006fb492bc80 | 0102 | RGBA_8888    |    0.0    0.0  904.0 2316.0 |    2   28  880 2277 | com.bruste68.englishplayondevice.pla[...]layondevice.MainActivity$_7039#51675
06-19 15:59:29.663  3779  3779 D NavigationBar: onSystemBarAttributesChanged() -  displayId:0, appearance:16, packageName: com.bruste68.englishplayondevice.play (APPEARANCE_LIGHT_NAVIGATION_BARS ), navbarColorManagedByIme:false
06-19 15:59:29.664  3779  3779 D SamsungLightBarControlHelper: updateNavigationBar (BLACK button) isLightOpaque:false, hasLightNavigationBarFlag:true, packageName:com.bruste68.englishplayondevice.play, DirectReplying:false, NavBarColorMangedByIme:false, ForceDarkForScrim:false, QsCustomizing:false, PanelHasWhiteBg:true
06-19 15:59:29.684  7039  7082 D nativeloader: Load /data/app/~~dV9zonWjho18V0Hr0EL34g==/com.bruste68.englishplayondevice.play-ILuDfzhHvOsKZVQv9WedUg==/base.apk!/lib/arm64-v8a/libreactnativeblob.so using ns clns-6 from class loader (caller=/data/app/~~dV9zonWjho18V0Hr0EL34g==/com.bruste68.englishplayondevice.play-ILuDfzhHvOsKZVQv9WedUg==/base.apk): ok
06-19 15:59:29.710  9530  5387 I HBD     : i [SKE_SPECIFIC] specific model[com.bruste68.englishplayondevice.play] loaded, 22829063 ns
06-19 15:59:29.742  2603  4539 V WindowManager: Relayout Window{4432304 u0 com.bruste68.englishplayondevice.play/com.bruste68.englishplayondevice.MainActivity}: viewVisibility=0 req=904x2316 ty=1 d0
06-19 15:59:29.745  2603  4539 D WindowManager: updateSystemBarAttributes: displayId=0, win=Window{4432304 u0 com.bruste68.englishplayondevice.play/com.bruste68.englishplayondevice.MainActivity}, navColorWin=Window{4432304 u0 com.bruste68.englishplayondevice.play/com.bruste68.englishplayondevice.MainActivity}, focusedCanBeNavColorWin=false, behavior=1, appearance=24, statusBarAppearanceRegions=[AppearanceRegion{LIGHT_STATUS_BARS bounds=[0,0][904,2316]}], requestedVisibilities=-9, from=com.android.server.wm.DisplayPolicy.finishPostLayoutPolicyLw:2339 com.android.server.wm.DisplayContent.applySurfaceChangesTransaction:6181 com.android.server.wm.RootWindowContainer.applySurfaceChangesTransaction:1183 
06-19 15:59:29.750  3779  3779 D SamsungLightBarControlHelper: onStatusBarAppearanceChanged() -  sbModeChanged:false, statusBarMode:0, barState:MODE_TRANSPARENT, isKeyguardShowing:false, navbarColorManagedByIme:false, stackAppearanceChanged:true, (AppearanceRegion{LIGHT_STATUS_BARS bounds=[0,0][904,2316]}, ), packageName:com.bruste68.englishplayondevice.play
06-19 15:59:29.750  3779  3779 D NavigationBar: onSystemBarAttributesChanged() -  displayId:0, appearance:24, packageName: com.bruste68.englishplayondevice.play (APPEARANCE_LIGHT_STATUS_BARS APPEARANCE_LIGHT_NAVIGATION_BARS ), navbarColorManagedByIme:false
06-19 15:59:29.750  2603  6195 I WindowManager: Destroying surface Surface(name=Splash Screen com.bruste68.englishplayondevice.play$_3779)/@0x382b219 called by com.android.server.wm.WindowStateAnimator.destroySurface:811 com.android.server.wm.WindowStateAnimator.destroySurfaceLocked:478 com.android.server.wm.WindowState.removeImmediately:2958 com.android.server.wm.WindowState.handleCompleteDeferredRemoval:5797 com.android.server.wm.WindowContainer.handleCompleteDeferredRemoval:1510 com.android.server.wm.ActivityRecord.handleCompleteDeferredRemoval:5229 com.android.server.wm.WindowContainer.handleCompleteDeferredRemoval:1510 com.android.server.wm.TaskFragment.handleCompleteDeferredRemoval:3445 
06-19 15:59:29.758  1892  1892 I Layer   : id=51659 removeFromCurrentState ActivityRecord{5d71642 u0 com.bruste68.englishplayondevice.play/com.bruste68.englishplayondevice.MainActivity t91003}#51659 (230)
06-19 15:59:29.758  1892  1892 I Layer   : id=51668 removeFromCurrentState b4fe124 ActivityRecordInputSink com.bruste68.englishplayondevice.play/com.bruste68.englishplayondevice.MainActivity#51668 (230)
06-19 15:59:29.758  1892  1892 I Layer   : id=51672 removeFromCurrentState 4432304 com.bruste68.englishplayondevice.play/com.bruste68.englishplayondevice.MainActivity#51672 (230)
06-19 15:59:29.758  1892  1892 I Layer   : id=51675 removeFromCurrentState com.bruste68.englishplayondevice.play/com.bruste68.englishplayondevice.MainActivity$_7039#51675 (230)
06-19 15:59:29.758  1892  1892 I Layer   : id=51660 removeFromCurrentState 7b931ee Splash Screen com.bruste68.englishplayondevice.play#51660 (230)
06-19 15:59:29.758  1892  1892 I Layer   : id=51661 removeFromCurrentState Splash Screen com.bruste68.englishplayondevice.play$_3779#51661 (230)
06-19 15:59:29.758  1892  1892 I Layer   : id=51659 addToCurrentState ActivityRecord{5d71642 u0 com.bruste68.englishplayondevice.play/com.bruste68.englishplayondevice.MainActivity t91003}#51659 (230)
06-19 15:59:29.758  1892  1892 I Layer   : id=51668 addToCurrentState b4fe124 ActivityRecordInputSink com.bruste68.englishplayondevice.play/com.bruste68.englishplayondevice.MainActivity#51668 (230)
06-19 15:59:29.758  1892  1892 I Layer   : id=51672 addToCurrentState 4432304 com.bruste68.englishplayondevice.play/com.bruste68.englishplayondevice.MainActivity#51672 (230)
06-19 15:59:29.758  1892  1892 I Layer   : id=51675 addToCurrentState com.bruste68.englishplayondevice.play/com.bruste68.englishplayondevice.MainActivity$_7039#51675 (230)
06-19 15:59:29.758  1892  1892 I Layer   : id=51660 addToCurrentState 7b931ee Splash Screen com.bruste68.englishplayondevice.play#51660 (230)
06-19 15:59:29.758  1892  1892 I Layer   : id=51661 addToCurrentState Splash Screen com.bruste68.englishplayondevice.play$_3779#51661 (230)
06-19 15:59:29.758  1892  1892 I Layer   : Layer::reparent [7b931ee Splash Screen com.bruste68.englishplayondevice.play#51660] newParentHandle : null -------------------------
06-19 15:59:29.758  1892  1892 I Layer   : id=51660 removeFromCurrentState 7b931ee Splash Screen com.bruste68.englishplayondevice.play#51660 (230)
06-19 15:59:29.758  1892  1892 I Layer   : id=51661 removeFromCurrentState Splash Screen com.bruste68.englishplayondevice.play$_3779#51661 (230)
06-19 15:59:29.758  1892  1892 I Layer   : Layer::reparent [7b931ee Splash Screen com.bruste68.englishplayondevice.play#51660] End -------------------------
06-19 15:59:29.758  1892  1892 I Layer   : Layer::reparent [Splash Screen com.bruste68.englishplayondevice.play$_3779#51661] newParentHandle : null -------------------------
06-19 15:59:29.758  1892  1892 I Layer   : id=51661 removeFromCurrentState Splash Screen com.bruste68.englishplayondevice.play$_3779#51661 (230)
06-19 15:59:29.758  1892  1892 I Layer   : Layer::reparent [Splash Screen com.bruste68.englishplayondevice.play$_3779#51661] End -------------------------
06-19 15:59:29.759  1892  1892 I SurfaceFlinger: id=51661 Removed Splash Screen com.bruste68.englishplayondevice.play$_3779#51661 (230)
06-19 15:59:29.759  1892  1892 I SurfaceFlinger: id=51660 Removed 7b931ee Splash Screen com.bruste68.englishplayondevice.play#51660 (230)
06-19 15:59:29.760  2603  4539 V WindowManager: Relayout Window{4432304 u0 com.bruste68.englishplayondevice.play/com.bruste68.englishplayondevice.MainActivity}: viewVisibility=0 req=904x2316 ty=1 d0
06-19 15:59:29.761  1892  1892 D SurfaceFlinger:      DEVICE | 0xb400006fb491cc50 | 0102 | RGBA_8888    |    0.0    0.0  904.0 2316.0 |    0    0  904 2316 | com.bruste68.englishplayondevice.pla[...]layondevice.MainActivity$_7039#51675
06-19 15:59:29.766  3779  3779 D SamsungLightBarControlHelper: updateStatusBar (BLACK icon) numStacks:1, StatusBarMode:MODE_TRANSPARENT, lightBarBounds:[Rect(0, 0 - 904, 2316)], StatusBarState:SHADE, packageName:com.bruste68.englishplayondevice.play, isWhiteKeyguardStatusBar:false
06-19 15:59:29.775  1892  1892 I Layer   : id=51661 Destroyed Splash Screen com.bruste68.englishplayondevice.play$_3779#51661
06-19 15:59:29.775  1892  1892 I Layer   : id=51660 Destroyed 7b931ee Splash Screen com.bruste68.englishplayondevice.play#51660
06-19 15:59:29.781  2603  2716 D ScreenCurtainController: onForegroundActivitiesChanged: com.bruste68.englishplayondevice.play
06-19 15:59:29.784  6481  8700 I SAMSUNGWALLET: [Hint_SimpleHintProcessMonitor] isHomePackageRunning topPkgName = com.bruste68.englishplayondevice.play, topClsName = com.bruste68.englishplayondevice.MainActivity, return false , se : false
06-19 15:59:29.820  2603  2632 D SGM:GameManager: identifyForegroundApp. com.bruste68.englishplayondevice.play, mCurrentUserId: 0, callerUserId: 0
06-19 15:59:29.820  2603  2632 D SGM:PkgDataHelper: getGamePkgData(). com.bruste68.englishplayondevice.play
06-19 15:59:29.837  2603  2632 V WindowManager: Relayout Window{4432304 u0 com.bruste68.englishplayondevice.play/com.bruste68.englishplayondevice.MainActivity}: viewVisibility=0 req=904x2316 ty=1 d0
06-19 15:59:29.869  7039  7083 E AndroidRuntime: Process: com.bruste68.englishplayondevice.play, PID: 7039
06-19 15:59:29.869  1673  1673 E audit   : type=1400 audit(1750319969.863:996973): avc:  denied  { ioctl } for  pid=7039 comm=4173796E635461736B202331 path="/data/data/com.bruste68.englishplayondevice.play/databases/RKStorage" dev="dm-56" ino=1479159 ioctlcmd=0xf522 scontext=u:r:untrusted_app:s0:c177,c258,c512,c768 tcontext=u:object_r:app_data_file:s0:c177,c258,c512,c768 tclass=file permissive=0 SEPF_SM-F936N_12_0001 audit_filtered
06-19 15:59:29.870  1673  1673 E audit   : type=1400 audit(1750319969.863:996974): avc:  denied  { ioctl } for  pid=7039 comm=4173796E635461736B202331 path="/data/data/com.bruste68.englishplayondevice.play/databases/RKStorage-journal" dev="dm-56" ino=1477159 ioctlcmd=0xf522 scontext=u:r:untrusted_app:s0:c177,c258,c512,c768 tcontext=u:object_r:app_data_file:s0:c177,c258,c512,c768 tclass=file permissive=0 SEPF_SM-F936N_12_0001 audit_filtered
06-19 15:59:29.871  2603  7110 W ActivityManager: crash : com.bruste68.englishplayondevice.play,10689
06-19 15:59:29.871  2603  2632 W ActivityTaskManager:   Force finishing activity com.bruste68.englishplayondevice.play/com.bruste68.englishplayondevice.MainActivity
06-19 15:59:29.872  2603  2632 D ActivityTaskManager: scheduleTopResumedActivityChanged, onTop=false, r=ActivityRecord{5d71642 u0 com.bruste68.englishplayondevice.play/com.bruste68.englishplayondevice.MainActivity t91003 f}}, caller=com.android.server.wm.ActivityTaskSupervisor.updateTopResumedActivityIfNeeded:2873 com.android.server.wm.TaskDisplayArea.positionChildTaskAt:569 com.android.server.wm.TaskDisplayArea.positionChildAt:485 com.android.server.wm.WindowContainer.positionChildAt:993 com.android.server.wm.Task.positionChildAt:3373 com.android.server.wm.Task.moveToFront:6140 
06-19 15:59:29.873  2603  2632 V WindowManager: Changing focus from Window{4432304 u0 com.bruste68.englishplayondevice.play/com.bruste68.englishplayondevice.MainActivity} to null displayId=0 Callers=com.android.server.wm.RootWindowContainer.updateFocusedWindowLocked:581 com.android.server.wm.WindowManagerService.updateFocusedWindowLocked:6910 com.android.server.wm.ActivityTaskManagerService.setLastResumedActivityUncheckLocked:6164 com.android.server.wm.ActivityRecord.moveFocusableActivityToTop:4165 
06-19 15:59:29.874  2603  2632 V WindowManager: Collecting in transition 2927: Task{63beb90 #91003 type=standard A=10689:com.bruste68.englishplayondevice.play}, caller=com.android.server.wm.Transition.collect:753 com.android.server.wm.Transition.collectExistenceChange:936 com.android.server.wm.TransitionController.collectExistenceChange:1025 com.android.server.wm.TransitionController.requestCloseTransitionIfNeeded:963 com.android.server.wm.ActivityRecord.finishIfPossible:4361 
06-19 15:59:29.874  2603  2632 D WindowManager: prepareSync <SYNC_STATE_WAITING_FOR_DRAW>, mPrepareSyncSeqId=0, win=Window{4432304 u0 com.bruste68.englishplayondevice.play/com.bruste68.englishplayondevice.MainActivity}
06-19 15:59:29.875  2603  2632 V WindowManager: Collecting in transition 2927: ActivityRecord{5d71642 u0 com.bruste68.englishplayondevice.play/com.bruste68.englishplayondevice.MainActivity t91003 f}}, caller=com.android.server.wm.Transition.collect:753 com.android.server.wm.TransitionController.collect:975 com.android.server.wm.ActivityRecord.setVisibility:6429 com.android.server.wm.ActivityRecord.setVisibility:6381 com.android.server.wm.ActivityRecord.finishIfPossible:4440 
06-19 15:59:29.875  2603  2632 D WindowManager: VisibleRequested updated, r=ActivityRecord{5d71642 u0 com.bruste68.englishplayondevice.play/com.bruste68.englishplayondevice.MainActivity t91003 f}}
06-19 15:59:29.902  6238  6238 I SDHMS:BarTender:Gatherer:AppError: update AppError : uid=10689, pkg=com.bruste68.englishplayondevice.play, errorType=crash
06-19 15:59:29.910  6238  6238 I SDHMS:BarTender:Analyzer:AppError: analyze app error : uid=10689, pkg=com.bruste68.englishplayondevice.play, appErrorCount=1
06-19 15:59:29.915  2603  5353 I WindowManager: WIN DEATH: Window{4432304 u0 com.bruste68.englishplayondevice.play/com.bruste68.englishplayondevice.MainActivity}
06-19 15:59:29.915  2603  2633 I ImeTracker: com.bruste68.englishplayondevice.play:9d27fa8d: onRequestHide at ORIGIN_SERVER_HIDE_INPUT reason HIDE_REMOVE_CLIENT
06-19 15:59:29.915  2603  5353 W InputManager-JNI: Input channel object '4432304 com.bruste68.englishplayondevice.play/com.bruste68.englishplayondevice.MainActivity (client)' was disposed without first being removed with the input manager!
06-19 15:59:29.915  2603  2633 I ImeTracker: com.bruste68.englishplayondevice.play:9d27fa8d: onCancelled at PHASE_SERVER_SHOULD_HIDE
06-19 15:59:29.915  2603  5353 V WindowManager: Remove Window{4432304 u0 com.bruste68.englishplayondevice.play/com.bruste68.englishplayondevice.MainActivity}: mSurfaceController=Surface(name=com.bruste68.englishplayondevice.play/com.bruste68.englishplayondevice.MainActivity$_7039)/@0x16e79a7 mAnimatingExit=false mRemoveOnExit=false mHasSurface=true surfaceShowing=true animating=false app-animation=false mDisplayFrozen=false callers=com.android.server.wm.WindowState$DeathRecipient.binderDied:3698 android.os.IBinder$DeathRecipient.binderDied:325 android.os.BinderProxy.sendDeathNotice:781 <bottom of call stack> <bottom of call stack> <bottom of call stack> 
06-19 15:59:29.916  2603  5353 D WindowManager: updateSystemBarAttributes: displayId=0, win=Window{4432304 u0 com.bruste68.englishplayondevice.play/com.bruste68.englishplayondevice.MainActivity EXITING}, navColorWin=null, focusedCanBeNavColorWin=false, behavior=1, appearance=8, statusBarAppearanceRegions=[AppearanceRegion{LIGHT_STATUS_BARS bounds=[0,0][904,2316]}], requestedVisibilities=-9, from=com.android.server.wm.DisplayPolicy.finishPostLayoutPolicyLw:2339 com.android.server.wm.DisplayContent.applySurfaceChangesTransaction:6181 com.android.server.wm.RootWindowContainer.applySurfaceChangesTransaction:1183 
06-19 15:59:29.918  2603  6396 I ActivityManager: Process com.bruste68.englishplayondevice.play (pid 7039) has died: fg  TOP (1129,4181)
06-19 15:59:29.919  2603  6396 V WindowManager: Collecting in transition 2927: Task{63beb90 #91003 type=standard A=10689:com.bruste68.englishplayondevice.play}, caller=com.android.server.wm.Transition.collect:753 com.android.server.wm.TransitionController.collect:975 com.android.server.wm.TransitionController.requestCloseTransitionIfNeeded:967 com.android.server.wm.ActivityRecord.handleAppDied:5182 com.android.server.wm.WindowProcessController.handleAppDied:1480 
06-19 15:59:29.919  2603  6396 V WindowManager: Collecting in transition 2927: ActivityRecord{5d71642 u0 com.bruste68.englishplayondevice.play/com.bruste68.englishplayondevice.MainActivity t91003 f}}, caller=com.android.server.wm.Transition.collect:753 com.android.server.wm.TransitionController.collect:975 com.android.server.wm.ActivityRecord.onRemovedFromDisplay:5272 com.android.server.wm.DisplayContent.removeAppToken:1892 com.android.server.wm.ActivityRecord.removeFromHistory:4899 
06-19 15:59:29.926  2603  3122 D InputDispatcher: Focus left window (0): 4432304 com.bruste68.englishplayondevice.play/com.bruste68.englishplayondevice.MainActivity
06-19 15:59:29.926  3779  3779 D NavigationBar: onSystemBarAttributesChanged() -  displayId:0, appearance:8, packageName: com.bruste68.englishplayondevice.play (APPEARANCE_LIGHT_STATUS_BARS ), navbarColorManagedByIme:false
06-19 15:59:29.926  3779  3779 D SamsungLightBarControlHelper: updateNavigationBar (WHITE button) isLightOpaque:false, hasLightNavigationBarFlag:false, packageName:com.bruste68.englishplayondevice.play, DirectReplying:false, NavBarColorMangedByIme:false, ForceDarkForScrim:false, QsCustomizing:false, PanelHasWhiteBg:true
06-19 15:59:29.961  2603  2719 V WindowManager: Start calculating TransitionInfo based on participants: {ActivityRecord{5317feb u0 com.sec.android.app.launcher/.activities.LauncherActivity t90694}, ActivityRecord{5d71642 u0 com.bruste68.englishplayondevice.play/com.bruste68.englishplayondevice.MainActivity t91003 f} isExiting}, Task{63beb90 #91003 type=standard A=10689:com.bruste68.englishplayondevice.play}, WallpaperWindowToken{cc03b4b token=android.os.Binder@defe41a}}
06-19 15:59:29.961  2603  2719 V WindowManager:   Final targets: [Task{4a84f50 #1 type=home}, Task{63beb90 #91003 type=standard A=10689:com.bruste68.englishplayondevice.play}]
06-19 15:59:29.965  1892  2010 D RenderEngine: [SEC_GC_CMN_SF_EFFECTS] drawLayersInternal,1279, Rendering layer com.bruste68.englishplayondevice.play/com.bruste68.englishplayondevice.MainActivity$_7039#51675 at index 1
06-19 15:59:29.967  2603  2719 V WindowManager:         {WCT{RemoteToken{26c498 Task{63beb90 #91003 type=standard A=10689:com.bruste68.englishplayondevice.play}}} m=CLOSE f=NONE leash=Surface(name=Task=91003)/@0xd9ab60a sb=Rect(0, 0 - 904, 2316) eb=Rect(0, 0 - 904, 2316) d=0 inset=Rect(0, 0 - 0, 0)}
06-19 15:59:29.968  2603  2719 W WindowManager: Failed to deliver inset control state change to w=Window{4432304 u0 com.bruste68.englishplayondevice.play/com.bruste68.englishplayondevice.MainActivity EXITING}
06-19 15:59:29.968  2603  2715 V WindowManager:         {WCT{RemoteToken{26c498 Task{63beb90 #91003 type=standard A=10689:com.bruste68.englishplayondevice.play}}} m=CLOSE f=NONE leash=Surface(name=Task=91003)/@0xd9ab60a sb=Rect(0, 0 - 904, 2316) eb=Rect(0, 0 - 904, 2316) d=0 inset=Rect(0, 0 - 0, 0)}
06-19 15:59:29.976  4116  4116 I HoneySpace.AppListFastRecyclerViewAdapter: findCloseTarget : 62080, ComponentInfo{com.bruste68.englishplayondevice.play/com.bruste68.englishplayondevice.MainActivity}
06-19 15:59:29.980  4116  4116 I AppIconSolution: getThemeIconWithBG called with public API, pkg = com.bruste68.englishplayondevice.play, mode = 48
06-19 15:59:29.980  4116  4116 I AppIconSolution: return adaptive icon for com.bruste68.englishplayondevice.play, isNight = false
06-19 15:59:29.980  4116  4116 I LauncherActivityInfo: packageName: com.bruste68.englishplayondevice.play, useThemeIcon: false, height: 288, width: 288, density: 640
06-19 15:59:30.012  1892  1892 D SurfaceFlinger:      CLIENT | 0xb400006fb490ee20 | 0102 | RGBA_8888    |    0.0    0.0  904.0 2316.0 |    0    0  904 2316 | com.bruste68.englishplayondevice.pla[...]layondevice.MainActivity$_7039#51675
06-19 15:59:30.018  2603  2719 W WindowManager: Failed to deliver inset control state change to w=Window{4432304 u0 com.bruste68.englishplayondevice.play/com.bruste68.englishplayondevice.MainActivity EXITING}
06-19 15:59:30.346  2603  5353 V WindowManager: Setting visibility of Window{4432304 u0 com.bruste68.englishplayondevice.play/com.bruste68.englishplayondevice.MainActivity EXITING}: false, caller=com.android.server.wm.WindowContainer.sendAppVisibilityToClients:1305 com.android.server.wm.WindowToken.setClientVisible:454 com.android.server.wm.ActivityRecord.setClientVisible:8235 com.android.server.wm.ActivityRecord.postApplyAnimation:6766 com.android.server.wm.ActivityRecord.commitVisibility:6709 
06-19 15:59:30.347  2603  5353 W WindowManager: Client process is already killed Window{4432304 u0 com.bruste68.englishplayondevice.play/com.bruste68.englishplayondevice.MainActivity EXITING}
06-19 15:59:30.347  2603  5353 V WindowManager: Remove Window{4432304 u0 com.bruste68.englishplayondevice.play/com.bruste68.englishplayondevice.MainActivity EXITING}: mSurfaceController=Surface(name=com.bruste68.englishplayondevice.play/com.bruste68.englishplayondevice.MainActivity$_7039)/@0x16e79a7 mAnimatingExit=true mRemoveOnExit=true mHasSurface=true surfaceShowing=true animating=false app-animation=false mDisplayFrozen=false callers=com.android.server.wm.WindowToken.removeAllWindowsIfPossible:258 com.android.server.wm.ActivityRecord.removeIfPossible:5220 com.android.server.wm.ActivityRecord.handleCompleteDeferredRemoval:5227 com.android.server.wm.WindowContainer.handleCompleteDeferredRemoval:1510 com.android.server.wm.TaskFragment.handleCompleteDeferredRemoval:3445 com.android.server.wm.WindowContainer.handleCompleteDeferredRemoval:1510 
06-19 15:59:30.349  2603  5353 V WindowManager: Remove Window{4432304 u0 com.bruste68.englishplayondevice.play/com.bruste68.englishplayondevice.MainActivity EXITING}: mSurfaceController=Surface(name=com.bruste68.englishplayondevice.play/com.bruste68.englishplayondevice.MainActivity$_7039)/@0x16e79a7 mAnimatingExit=true mRemoveOnExit=true mHasSurface=true surfaceShowing=false animating=false app-animation=false mDisplayFrozen=false callers=com.android.server.wm.WindowToken.removeAllWindowsIfPossible:258 com.android.server.wm.ActivityRecord.removeIfPossible:5220 com.android.server.wm.ActivityRecord.onRemovedFromDisplay:5308 com.android.server.wm.ActivityRecord.removeImmediately:5210 com.android.server.wm.ActivityRecord.removeIfPossible:5221 com.android.server.wm.ActivityRecord.handleCompleteDeferredRemoval:5227 
06-19 15:59:30.350  2603  5353 I WindowManager: Destroying surface Surface(name=com.bruste68.englishplayondevice.play/com.bruste68.englishplayondevice.MainActivity$_7039)/@0x16e79a7 called by com.android.server.wm.WindowStateAnimator.destroySurface:811 com.android.server.wm.WindowStateAnimator.destroySurfaceLocked:478 com.android.server.wm.WindowState.removeImmediately:2958 com.android.server.wm.WindowState.removeIfPossible:3226 com.android.server.wm.WindowToken.removeAllWindowsIfPossible:258 com.android.server.wm.ActivityRecord.removeIfPossible:5220 com.android.server.wm.ActivityRecord.onRemovedFromDisplay:5308 com.android.server.wm.ActivityRecord.removeImmediately:5210 
06-19 15:59:30.351  1892  1996 I SurfaceFlinger: id=51668 Removed b4fe124 ActivityRecordInputSink com.bruste68.englishplayondevice.play/com.bruste68.englishplayondevice.MainActivity#51668 (225)
06-19 15:59:30.358  1892  1892 I Layer   : id=51659 removeFromCurrentState ActivityRecord{5d71642 u0 com.bruste68.englishplayondevice.play/com.bruste68.englishplayondevice.MainActivity t91003}#51659 (226)
06-19 15:59:30.358  1892  1892 I Layer   : id=51668 removeFromCurrentState b4fe124 ActivityRecordInputSink com.bruste68.englishplayondevice.play/com.bruste68.englishplayondevice.MainActivity#51668 (226)
06-19 15:59:30.358  1892  1892 I Layer   : id=51672 removeFromCurrentState 4432304 com.bruste68.englishplayondevice.play/com.bruste68.englishplayondevice.MainActivity#51672 (226)
06-19 15:59:30.358  1892  1892 I Layer   : id=51675 removeFromCurrentState com.bruste68.englishplayondevice.play/com.bruste68.englishplayondevice.MainActivity$_7039#51675 (226)
06-19 15:59:30.358  1892  1892 I Layer   : id=51659 addToCurrentState ActivityRecord{5d71642 u0 com.bruste68.englishplayondevice.play/com.bruste68.englishplayondevice.MainActivity t91003}#51659 (226)
06-19 15:59:30.358  1892  1892 I Layer   : id=51668 addToCurrentState b4fe124 ActivityRecordInputSink com.bruste68.englishplayondevice.play/com.bruste68.englishplayondevice.MainActivity#51668 (226)
06-19 15:59:30.358  1892  1892 I Layer   : id=51672 addToCurrentState 4432304 com.bruste68.englishplayondevice.play/com.bruste68.englishplayondevice.MainActivity#51672 (226)
06-19 15:59:30.358  1892  1892 I Layer   : id=51675 addToCurrentState com.bruste68.englishplayondevice.play/com.bruste68.englishplayondevice.MainActivity$_7039#51675 (226)
06-19 15:59:30.359  1892  1892 I Layer   : Layer [ActivityRecord{5d71642 u0 com.bruste68.englishplayondevice.play/com.bruste68.englishplayondevice.MainActivity t91003}#51659] hidden!! flag(1)
06-19 15:59:30.359  1892  1892 I Layer   : Layer [com.bruste68.englishplayondevice.play/com.bruste68.englishplayondevice.MainActivity$_7039#51675] hidden!! flag(1)
06-19 15:59:30.359  1892  1892 I Layer   : Layer::reparent [com.bruste68.englishplayondevice.play/com.bruste68.englishplayondevice.MainActivity$_7039#51675] newParentHandle : null -------------------------
06-19 15:59:30.359  1892  1892 I Layer   : id=51675 removeFromCurrentState com.bruste68.englishplayondevice.play/com.bruste68.englishplayondevice.MainActivity$_7039#51675 (226)
06-19 15:59:30.359  1892  1892 I Layer   : Layer::reparent [com.bruste68.englishplayondevice.play/com.bruste68.englishplayondevice.MainActivity$_7039#51675] End -------------------------
06-19 15:59:30.359  1892  1892 I Layer   : Layer::reparent [4432304 com.bruste68.englishplayondevice.play/com.bruste68.englishplayondevice.MainActivity#51672] newParentHandle : null -------------------------
06-19 15:59:30.359  1892  1892 I Layer   : id=51672 removeFromCurrentState 4432304 com.bruste68.englishplayondevice.play/com.bruste68.englishplayondevice.MainActivity#51672 (226)
06-19 15:59:30.359  1892  1892 I Layer   : Layer::reparent [4432304 com.bruste68.englishplayondevice.play/com.bruste68.englishplayondevice.MainActivity#51672] End -------------------------
06-19 15:59:30.359  1892  1892 I Layer   : Layer::reparent [ActivityRecord{5d71642 u0 com.bruste68.englishplayondevice.play/com.bruste68.englishplayondevice.MainActivity t91003}#51659] newParentHandle : null -------------------------
06-19 15:59:30.359  1892  1892 I Layer   : id=51659 removeFromCurrentState ActivityRecord{5d71642 u0 com.bruste68.englishplayondevice.play/com.bruste68.englishplayondevice.MainActivity t91003}#51659 (226)
06-19 15:59:30.359  1892  1892 I Layer   : id=51668 removeFromCurrentState b4fe124 ActivityRecordInputSink com.bruste68.englishplayondevice.play/com.bruste68.englishplayondevice.MainActivity#51668 (226)
06-19 15:59:30.359  1892  1892 I Layer   : Layer::reparent [ActivityRecord{5d71642 u0 com.bruste68.englishplayondevice.play/com.bruste68.englishplayondevice.MainActivity t91003}#51659] End -------------------------
06-19 15:59:30.359  1892  1892 I SurfaceFlinger: id=51672 Removed 4432304 com.bruste68.englishplayondevice.play/com.bruste68.englishplayondevice.MainActivity#51672 (226)
06-19 15:59:30.359  1892  1892 I SurfaceFlinger: id=51675 Removed com.bruste68.englishplayondevice.play/com.bruste68.englishplayondevice.MainActivity$_7039#51675 (226)
06-19 15:59:30.359  1892  1892 I SurfaceFlinger: id=51659 Removed ActivityRecord{5d71642 u0 com.bruste68.englishplayondevice.play/com.bruste68.englishplayondevice.MainActivity t91003}#51659 (226)
06-19 15:59:30.372  2603  2718 W ActivityTaskManager: Activity top resumed state loss timeout for ActivityRecord{5d71642 u0 com.bruste68.englishplayondevice.play/com.bruste68.englishplayondevice.MainActivity t-1 f}}
06-19 15:59:30.375  1892  1892 I Layer   : id=51672 Destroyed 4432304 com.bruste68.englishplayondevice.play/com.bruste68.englishplayondevice.MainActivity#51672
06-19 15:59:30.375  1892  1892 I Layer   : id=51659 Destroyed ActivityRecord{5d71642 u0 com.bruste68.englishplayondevice.play/com.bruste68.englishplayondevice.MainActivity t91003}#51659
06-19 15:59:30.375  1892  1892 I Layer   : id=51668 Destroyed b4fe124 ActivityRecordInputSink com.bruste68.englishplayondevice.play/com.bruste68.englishplayondevice.MainActivity#51668
06-19 15:59:30.375  1892  1892 I Layer   : id=51675 Destroyed com.bruste68.englishplayondevice.play/com.bruste68.englishplayondevice.MainActivity$_7039#51675
06-19 15:59:31.827  2603  2633 W NotificationService: Toast already killed. pkg=com.bruste68.englishplayondevice.play token=android.os.BinderProxy@a9f077a
06-19 15:59:31.828  3779  3779 W ToastPresenter: Error calling back com.bruste68.englishplayondevice.play to notify onToastHide()
06-19 15:59:34.441  2603  3637 I Pageboost: db update :com.bruste68.englishplayondevice.play ret 1
06-19 15:59:41.001  2603  3634 I Pageboost: start alp : com.bruste68.englishplayondevice.play
06-19 15:59:41.002  2603  3637 I Pageboost: alp for : com.bruste68.englishplayondevice.play , 0
06-19 15:59:41.003  4505  7204 E pageboostd: alp start : app combruste68englishplayondeviceplay
06-19 15:59:41.004  4505  7204 E pageboostd: combruste68englishplayondeviceplay, amt 30584744 scnt 2 fcnt 0
06-19 15:59:41.004  4505  7204 E pageboostd: combruste68englishplayondeviceplay, amt 0 scnt 0 fcnt 0
06-19 15:59:41.004  4505  7204 E pageboostd: alp end : app combruste68englishplayondeviceplay data_amount 30584744
06-19 15:59:41.005  2603  2718 I ChimeraSystemEventListener: appLaunchIntent package name is: com.bruste68.englishplayondevice.play
06-19 15:59:41.011  3779  3852 D ShellStartingWindow: preload Icon com.bruste68.englishplayondevice.play
06-19 15:59:41.041  2603  2734 I ActivityManager: Start proc 7206:com.bruste68.englishplayondevice.play/u0a689 for activelaunch {com.bruste68.englishplayondevice.play/com.bruste68.englishplayondevice.MainActivity}
06-19 15:59:41.048  2603  2718 I ChimeraSystemEventListener: appLaunchIntent package name is: com.bruste68.englishplayondevice.play
06-19 15:59:41.048  2603  5946 I Pageboost: onAppLaunch : com.bruste68.englishplayondevice.play
06-19 15:59:41.048  2603  3637 I Pageboost: Record App IO : com.bruste68.englishplayondevice.play pid 7206
06-19 15:59:41.051  2603  5946 V WindowManager: Collecting in transition 2928: ActivityRecord{7a5031c u0 com.bruste68.englishplayondevice.play/com.bruste68.englishplayondevice.MainActivity, caller=com.android.server.wm.Transition.collect:753 com.android.server.wm.TransitionController.collect:975 com.android.server.wm.ActivityStarter.startActivityUnchecked:2407 com.android.server.wm.ActivityStarter.executeRequest:1959 com.android.server.wm.ActivityStarter.execute:1075 
06-19 15:59:41.051  2603  5946 D ActivityTaskManager: TaskLaunchParamsModifier:task=null activity=ActivityRecord{7a5031c u0 com.bruste68.englishplayondevice.play/com.bruste68.englishplayondevice.MainActivity t-1} display-from-option=0 display-id=0 task-display-area-windowing-mode=1 suggested-display-area=DefaultTaskDisplayArea_d0@11399115
06-19 15:59:41.053  2603  5946 D ActivityTaskManager: TaskLaunchParamsModifier:task=null activity=ActivityRecord{7a5031c u0 com.bruste68.englishplayondevice.play/com.bruste68.englishplayondevice.MainActivity t-1} display-from-option=0 display-id=0 task-display-area-windowing-mode=1 suggested-display-area=DefaultTaskDisplayArea_d0@11399115 inherit-from-source=fullscreen non-freeform-task-display-area display-area=DefaultTaskDisplayArea_d0@11399115 activity-requested-portrait freeform-size-mismatch=Rect(249, 617 - 656, 1659)
06-19 15:59:41.057  2603  5946 D ActivityTaskManager: TaskLaunchParamsModifier:task=Task{f8d3508 #91004 type=standard A=10689:com.bruste68.englishplayondevice.play} activity=ActivityRecord{7a5031c u0 com.bruste68.englishplayondevice.play/com.bruste68.englishplayondevice.MainActivity t-1} display-from-option=0 display-id=0 task-display-area-windowing-mode=1 suggested-display-area=DefaultTaskDisplayArea_d0@11399115 inherit-from-source=fullscreen non-freeform-task-display-area display-area=DefaultTaskDisplayArea_d0@11399115 activity-requested-portrait freeform-size-mismatch=Rect(249, 617 - 656, 1659)
06-19 15:59:41.057  2603  5946 V WindowManager: Collecting in transition 2928: Task{f8d3508 #91004 type=standard A=10689:com.bruste68.englishplayondevice.play}, caller=com.android.server.wm.Transition.collect:753 com.android.server.wm.Transition.collectExistenceChange:936 com.android.server.wm.TransitionController.collectExistenceChange:1025 com.android.server.wm.ActivityStarter.setNewTask:4833 com.android.server.wm.ActivityStarter.startActivityInner:3041 
06-19 15:59:41.058  1892  1996 I SurfaceFlinger: id=51694 createSurf, flag=84004, ActivityRecord{7a5031c u0 com.bruste68.englishplayondevice.play/com.bruste68.englishplayondevice.MainActivity t91004}#51694
06-19 15:59:41.060  2603  5946 D ActivityTaskManager: Add starting ActivityRecord{7a5031c u0 com.bruste68.englishplayondevice.play/com.bruste68.englishplayondevice.MainActivity t91004}: typeParam=139 startingData=com.android.server.wm.SplashScreenStartingData@a4499b4
06-19 15:59:41.060  2603  5946 V WindowManager: Added starting ActivityRecord{7a5031c u0 com.bruste68.englishplayondevice.play/com.bruste68.englishplayondevice.MainActivity t91004}: startingWindow=null startingView=com.android.server.wm.StartingSurfaceController$StartingSurface@b4279dd
06-19 15:59:41.062  2603  5946 V WindowManager: Collecting in transition 2928: ActivityRecord{7a5031c u0 com.bruste68.englishplayondevice.play/com.bruste68.englishplayondevice.MainActivity t91004}, caller=com.android.server.wm.Transition.collect:753 com.android.server.wm.Transition.collectExistenceChange:936 com.android.server.wm.TransitionController.collectExistenceChange:1025 com.android.server.wm.ActivityStarter.handleStartResult:2632 com.android.server.wm.ActivityStarter.startActivityUnchecked:2415 
06-19 15:59:41.063  2603  5946 I ActivityTaskManager: START u0 {act=android.intent.action.MAIN cat=[android.intent.category.LAUNCHER] flg=0x10200000 cmp=com.bruste68.englishplayondevice.play/com.bruste68.englishplayondevice.MainActivity bnds=[31,862][241,1158]} with LAUNCH_SINGLE_TASK from uid 10150 (BAL_ALLOW_ALLOWLISTED_COMPONENT) result code=0
06-19 15:59:41.066  4116  4199 I HoneySpace.SALoggingUtils: SA Logging screenID: 1201 eventId: 1001 detail: {PackageName=com.bruste68.englishplayondevice.play, det=3} value: -1
06-19 15:59:41.066  3779  3805 V WindowManagerShell: Transition requested: android.os.BinderProxy@b667e22 TransitionRequestInfo { type = OPEN, triggerTask = TaskInfo{userId=0 taskId=91004 displayId=0 isRunning=true baseIntent=Intent { act=android.intent.action.MAIN cat=[android.intent.category.LAUNCHER] flg=0x10200000 cmp=com.bruste68.englishplayondevice.play/com.bruste68.englishplayondevice.MainActivity } baseActivity=ComponentInfo{com.bruste68.englishplayondevice.play/com.bruste68.englishplayondevice.MainActivity} topActivity=ComponentInfo{com.bruste68.englishplayondevice.play/com.bruste68.englishplayondevice.MainActivity} origActivity=null realActivity=ComponentInfo{com.bruste68.englishplayondevice.play/com.bruste68.englishplayondevice.MainActivity} numActivities=1 lastActiveTime=619632236 supportsMultiWindow=true resizeMode=1 isResizeable=true minWidth=-1 minHeight=-1 maxWidth=-1 maxHeight=-1 defaultMinSize=220 token=WCT{android.window.IWindowContainerToken$Stub$Proxy@55e40b3} topActivityType=1 pictureInPictureParams=null shouldDockBigOverlays=false launchIntoPipHostTaskId=-1 lastParentTaskIdBeforePip=-1 displayCutoutSafeInsets=Rect(0, 87 - 0, 0) topActivityInfo=ActivityInfo{e4a4670 com.bruste68.englishplayondevice.MainActivity} launchCookies=[android.os.BinderProxy@1b64de9] positionInParent=Point(0, 0) parentTaskId=-1 isFocused=false isVisible=false isVisibleRequested=false isSleeping=false topActivityInSizeCompat=false topActivityEligibleForLetterboxEducation= false topActivityLetterboxed= false isFromDoubleTap= false topActivityLetterboxVerticalPosition= -1 topActivityLetterboxHorizontalPosition= -1 topActivityLetterboxWidth=-1 topActivityLetterboxHeight=-1 locusId=null displayAreaFeatureId=1 cameraCompatControlState=hidden originallySupportedMultiWindow=true hasWallpaper=false topActivityInFixedAspectRatio=false rootAffinity=10689:com.bruste68.englishplayondevice.play topActivityInDisplayCompat=false topActivityInBoundsCompat=false topActivityBounds=null singleTapFromLetterbox=false isTopTaskInStage=false topActivityUiMode=17 CoverLauncherWidgetTask=false CoverScreenTask=false isAllowedSeamlessRotation=false isTopTransparentActivity=false hasPopOver=false}, remoteTransition = RemoteTransition { remoteTransition = android.window.IRemoteTransition$Stub$Proxy@1925a6e, appThread = android.app.IApplicationThread$Stub$Proxy@1f2350f, debugName = QuickstepLaunch }, displayChange = null }
06-19 15:59:41.066  4116  6957 I HoneySpace.SuggestedAppsRepositoryImpl: sendSuggestedAppsLaunchTarget: ComponentInfo{com.bruste68.englishplayondevice.play/com.bruste68.englishplayondevice.MainActivity}
06-19 15:59:41.067  2603  2633 V WindowManager: Collecting in transition 2928: ActivityRecord{7a5031c u0 com.bruste68.englishplayondevice.play/com.bruste68.englishplayondevice.MainActivity t91004}, caller=com.android.server.wm.Transition.collect:753 com.android.server.wm.TransitionController.collect:975 com.android.server.wm.ActivityRecord.setVisibility:6429 com.android.server.wm.ActivityRecord.setVisibility:6381 com.android.server.wm.EnsureActivitiesVisibleHelper.makeVisibleAndRestartIfNeeded:338 
06-19 15:59:41.069  2603  5353 D WindowManager: prepareSync <SYNC_STATE_WAITING_FOR_DRAW>, mPrepareSyncSeqId=0, win=Window{1c4c89e u0 Splash Screen com.bruste68.englishplayondevice.play}
06-19 15:59:41.070  1892  2507 I SurfaceFlinger: id=51695 createSurf, flag=84004, 1c4c89e Splash Screen com.bruste68.englishplayondevice.play#51695
06-19 15:59:41.071  2603  5353 V WindowManager: addWindow: ActivityRecord{7a5031c u0 com.bruste68.englishplayondevice.play/com.bruste68.englishplayondevice.MainActivity t91004} startingWindow=Window{1c4c89e u0 Splash Screen com.bruste68.englishplayondevice.play}
06-19 15:59:41.072  2603  5353 D WindowManager: rotationForOrientation, orientationSource=ActivityRecord{7a5031c u0 com.bruste68.englishplayondevice.play/com.bruste68.englishplayondevice.MainActivity t91004}
06-19 15:59:41.072  3779  3850 I InsetsController: onStateChanged: host=Splash Screen com.bruste68.englishplayondevice.play, from=android.view.ViewRootImpl.setView:1797, state=InsetsState: {mDisplayFrame=Rect(0, 0 - 904, 2316), mDisplayCutout=DisplayCutout{insets=Rect(0, 87 - 0, 0) waterfall=Insets{left=0, top=0, right=0, bottom=0} boundingRect={Bounds=[Rect(0, 0 - 0, 0), Rect(418, 0 - 486, 87), Rect(0, 0 - 0, 0), Rect(0, 0 - 0, 0)]} cutoutPathParserInfo={CutoutPathParserInfo{displayWidth=904 displayHeight=2316 physicalDisplayWidth=904 physicalDisplayHeight=2316 density={2.625} cutoutSpec={M 0,0 H -12.95238095238095 V 33.14285714285714 H 12.95238095238095 V 0 H 0 Z @dp} rotation={0} scale={1.0} physicalPixelDisplaySizeRatio={1.0}}}}, mRoundedCorners=RoundedCorners{[RoundedCorner{position=TopLeft, radius=53, center=Point(53, 53)}, RoundedCorner{position=TopRight, radius=53, center=Point(851, 53)}, RoundedCorner{position=BottomRight, radius=53, center=Point(851, 2263)}, RoundedCorner{position=BottomLeft, radius=53, center=Point(53, 2263)}]}  mRoundedCornerFrame=Rect(0, 0 - 904, 2316), mPrivacyIndicatorBounds=PrivacyIndicatorBounds {static bounds=Rect(788, 0 - 904, 87) rotation=0}, mDisplayShape=DisplayShape{ spec=-311912193 displayWidth=904 displayHeight=2316 physicalPixelDisplaySizeRatio=1.0 rotation=0 offsetX=0 offsetY=0 scale=1.0}, mSources= { InsetsSource: {cc250000 mType=statusBars mFrame=[0,0][904,87] mVisible=true mFlags=[]}, InsetsSource: {cc250005 mType=mandatorySystemGestures mFrame=[0,0][904,119] mVisible=true mFlags=[]}, InsetsSource: {cc250006 mType=tappableElement mFrame=[0,0][904,87] mVisible=true mFlags=[]}, InsetsSource: {eb2d0004 mType=systemGestures mFrame=[0,0][0,0] mVisible=false mFlags=[]}, InsetsSource: {eb2d0005 mType=mandatorySystemGestures mFrame=[0,0][0,0] mVisible=false mFlags=[]}, InsetsSource: {eb2d0006 mType=tappableElement mFrame=[0,0][0,0] mVisible=false mFlags=[]}, InsetsSource: {eb2d0024 mType=systemGestures mFrame=[0,0][0,0] mVisible=false mFlags=[]}, InsetsSource: {3 mType=ime mFrame=[0,0][0,0] mVisible=false mFlags=[]}, InsetsSource: {27 mType=displayCutout mFrame=[0,0][904,87] mVisible=true mFlags=[]}, InsetsSource: {53680001 mType=navigationBars mFrame=[0,2190][904,2316] mVisible=true mFlags=[]}, InsetsSource: {53680004 mType=systemGestures mFrame=[0,0][0,0] mVisible=true mFlags=[]}, InsetsSource: {53680005 mType=mandatorySystemGestures mFrame=[0,2190][904,2316] mVisible=true mFlags=[]}, InsetsSource: {53680006 mType=tappableElement mFrame=[0,2190][904,2316] mVisible=true mFlags=[]}, InsetsSource: {53680024 mType=systemGestures mFrame=[0,0][0,0] mVisible=true mFlags=[]} }
06-19 15:59:41.075  2603  3239 D WindowManager: rotationForOrientation, orientationSource=ActivityRecord{7a5031c u0 com.bruste68.englishplayondevice.play/com.bruste68.englishplayondevice.MainActivity t91004}
06-19 15:59:41.075  2603  3239 V WindowManager: Collecting in transition 2928: ActivityRecord{7a5031c u0 com.bruste68.englishplayondevice.play/com.bruste68.englishplayondevice.MainActivity t91004}, caller=com.android.server.wm.Transition.collect:753 com.android.server.wm.TransitionController.collect:975 com.android.server.wm.ActivityRecord.setVisibility:6429 com.android.server.wm.ActivityRecord.setVisibility:6381 com.android.server.wm.ActivityTaskSupervisor.realStartActivityLocked:965 
06-19 15:59:41.076  2603  3239 D SGM:PkgDataHelper: notifyAppCreate(), pkgName: com.bruste68.englishplayondevice.play, userId: 0, sendRet: true
06-19 15:59:41.076  7206  7206 D nativeloader: Configuring clns-6 for other apk /data/app/~~dV9zonWjho18V0Hr0EL34g==/com.bruste68.englishplayondevice.play-ILuDfzhHvOsKZVQv9WedUg==/base.apk. target_sdk_version=34, uses_libraries=, library_path=/data/app/~~dV9zonWjho18V0Hr0EL34g==/com.bruste68.englishplayondevice.play-ILuDfzhHvOsKZVQv9WedUg==/lib/arm64:/data/app/~~dV9zonWjho18V0Hr0EL34g==/com.bruste68.englishplayondevice.play-ILuDfzhHvOsKZVQv9WedUg==/base.apk!/lib/arm64-v8a, permitted_path=/data:/mnt/expand:/data/user/0/com.bruste68.englishplayondevice.play
06-19 15:59:41.078  2603  3239 D SGM:FgCheckThread:   sendRunningComponentFocus(), pkgName: com.bruste68.englishplayondevice.play, userId: 0
06-19 15:59:41.078  2603  3236 D SGM:FgCheckThread: onLooperPrepared(), msg: MSG_APP_CREATE, pkgName: com.bruste68.englishplayondevice.play, userId: 0
06-19 15:59:41.079  2603  3236 D SGM:FgCheckThread: onLooperPrepared(), msg: MSG_TASK_FOCUSED, pkgName: com.bruste68.englishplayondevice.play, userId: 0
06-19 15:59:41.079  2603  3236 D SGM:FgCheckThread:   handleTaskFocused(), pkgName: com.bruste68.englishplayondevice.play, userID:0
06-19 15:59:41.079  2603  3236 D SGM:FgCheckThread:   handleResume(). pkgName: com.bruste68.englishplayondevice.play, userId: 0, isTunableApp: null
06-19 15:59:41.079  2603  3236 D SGM:FgCheckThread: notifyFocusInOut(). of pkg: com.bruste68.englishplayondevice.play, type: 4, isTunableApp: false, userId: 0
06-19 15:59:41.079  2603  3239 D InputDispatcher: Focused application(0): ActivityRecord{7a5031c u0 com.bruste68.englishplayondevice.play/com.bruste68.englishplayondevice.MainActivity t91004}
