06-19 15:55:16.835  1673  1673 E audit   : type=1400 audit(1750319716.831:996052): avc:  denied  { ioctl } for  pid=2264 comm=424720546872656164202330 path="/data/data/com.google.android.googlequicksearchbox/databases/portable_geller_bruste68@gmail.com.db" dev="dm-56" ino=64642 ioctlcmd=0xf522 scontext=u:r:priv_app:s0:c512,c768 tcontext=u:object_r:privapp_data_file:s0:c512,c768 tclass=file permissive=0 SEPF_SM-F936N_12_0001 audit_filtered
06-19 15:55:17.858  1673  1673 E audit   : type=1400 audit(1750319717.851:996055): avc:  denied  { ioctl } for  pid=2166 comm=424720546872656164202330 path="/data/data/com.google.android.googlequicksearchbox/databases/portable_geller_bruste68@gmail.com.db" dev="dm-56" ino=64642 ioctlcmd=0xf522 scontext=u:r:priv_app:s0:c512,c768 tcontext=u:object_r:privapp_data_file:s0:c512,c768 tclass=file permissive=0 SEPF_SM-F936N_12_0001 audit_filtered
06-19 15:55:17.862  2166  2196 W SQLiteOpenHelper: Opened portable_geller_bruste68@gmail.com.db in read-only mode
06-19 15:55:31.833  1673  1673 E audit   : type=1400 audit(1750319731.827:996062): avc:  denied  { ioctl } for  pid=2440 comm=424720546872656164202333 path="/data/data/com.google.android.googlequicksearchbox/databases/portable_geller_bruste68@gmail.com.db" dev="dm-56" ino=64642 ioctlcmd=0xf522 scontext=u:r:priv_app:s0:c512,c768 tcontext=u:object_r:privapp_data_file:s0:c512,c768 tclass=file permissive=0 SEPF_SM-F936N_12_0001 audit_filtered
06-19 15:55:31.838  1673  1673 E audit   : type=1400 audit(1750319731.831:996063): avc:  denied  { ioctl } for  pid=2440 comm=424720546872656164202333 path="/data/data/com.google.android.googlequicksearchbox/databases/portable_geller_bruste68@gmail.com.db" dev="dm-56" ino=64642 ioctlcmd=0xf522 scontext=u:r:priv_app:s0:c512,c768 tcontext=u:object_r:privapp_data_file:s0:c512,c768 tclass=file permissive=0 SEPF_SM-F936N_12_0001 audit_filtered
06-19 15:55:31.849  1673  1673 E audit   : type=1400 audit(1750319731.843:996064): avc:  denied  { ioctl } for  pid=2440 comm=424720546872656164202330 path="/data/data/com.google.android.googlequicksearchbox/databases/portable_geller_bruste68@gmail.com.db" dev="dm-56" ino=64642 ioctlcmd=0xf522 scontext=u:r:priv_app:s0:c512,c768 tcontext=u:object_r:privapp_data_file:s0:c512,c768 tclass=file permissive=0 SEPF_SM-F936N_12_0001 audit_filtered
06-19 15:55:32.787  1673  1673 E audit   : type=1400 audit(1750319732.783:996067): avc:  denied  { ioctl } for  pid=2392 comm=424720546872656164202333 path="/data/data/com.google.android.googlequicksearchbox/databases/portable_geller_bruste68@gmail.com.db" dev="dm-56" ino=64642 ioctlcmd=0xf522 scontext=u:r:priv_app:s0:c512,c768 tcontext=u:object_r:privapp_data_file:s0:c512,c768 tclass=file permissive=0 SEPF_SM-F936N_12_0001 audit_filtered
06-19 15:55:32.789  2392  2436 W SQLiteOpenHelper: Opened portable_geller_bruste68@gmail.com.db in read-only mode
06-19 15:55:46.963  1673  1673 E audit   : type=1400 audit(1750319746.959:996074): avc:  denied  { ioctl } for  pid=2690 comm=424720546872656164202333 path="/data/data/com.google.android.googlequicksearchbox/databases/portable_geller_bruste68@gmail.com.db" dev="dm-56" ino=64642 ioctlcmd=0xf522 scontext=u:r:priv_app:s0:c512,c768 tcontext=u:object_r:privapp_data_file:s0:c512,c768 tclass=file permissive=0 SEPF_SM-F936N_12_0001 audit_filtered
06-19 15:55:46.967  1673  1673 E audit   : type=1400 audit(1750319746.963:996075): avc:  denied  { ioctl } for  pid=2690 comm=424720546872656164202333 path="/data/data/com.google.android.googlequicksearchbox/databases/portable_geller_bruste68@gmail.com.db" dev="dm-56" ino=64642 ioctlcmd=0xf522 scontext=u:r:priv_app:s0:c512,c768 tcontext=u:object_r:privapp_data_file:s0:c512,c768 tclass=file permissive=0 SEPF_SM-F936N_12_0001 audit_filtered
06-19 15:55:47.990  1673  1673 E audit   : type=1400 audit(1750319747.983:996078): avc:  denied  { ioctl } for  pid=2652 comm=424720546872656164202332 path="/data/data/com.google.android.googlequicksearchbox/databases/portable_geller_bruste68@gmail.com.db" dev="dm-56" ino=64642 ioctlcmd=0xf522 scontext=u:r:priv_app:s0:c512,c768 tcontext=u:object_r:privapp_data_file:s0:c512,c768 tclass=file permissive=0 SEPF_SM-F936N_12_0001 audit_filtered
06-19 15:55:47.992  2652  2687 W SQLiteOpenHelper: Opened portable_geller_bruste68@gmail.com.db in read-only mode
06-19 15:56:02.077  1673  1673 E audit   : type=1400 audit(1750319762.071:996085): avc:  denied  { ioctl } for  pid=3124 comm=424720546872656164202330 path="/data/data/com.google.android.googlequicksearchbox/databases/portable_geller_bruste68@gmail.com.db" dev="dm-56" ino=64642 ioctlcmd=0xf522 scontext=u:r:priv_app:s0:c512,c768 tcontext=u:object_r:privapp_data_file:s0:c512,c768 tclass=file permissive=0 SEPF_SM-F936N_12_0001 audit_filtered
06-19 15:56:02.081  1673  1673 E audit   : type=1400 audit(1750319762.075:996086): avc:  denied  { ioctl } for  pid=3124 comm=424720546872656164202330 path="/data/data/com.google.android.googlequicksearchbox/databases/portable_geller_bruste68@gmail.com.db" dev="dm-56" ino=64642 ioctlcmd=0xf522 scontext=u:r:priv_app:s0:c512,c768 tcontext=u:object_r:privapp_data_file:s0:c512,c768 tclass=file permissive=0 SEPF_SM-F936N_12_0001 audit_filtered
06-19 15:56:02.086  1673  1673 E audit   : type=1400 audit(1750319762.079:996087): avc:  denied  { ioctl } for  pid=3124 comm=424720546872656164202331 path="/data/data/com.google.android.googlequicksearchbox/databases/portable_geller_bruste68@gmail.com.db" dev="dm-56" ino=64642 ioctlcmd=0xf522 scontext=u:r:priv_app:s0:c512,c768 tcontext=u:object_r:privapp_data_file:s0:c512,c768 tclass=file permissive=0 SEPF_SM-F936N_12_0001 audit_filtered
06-19 15:56:03.093  1673  1673 E audit   : type=1400 audit(1750319763.087:996090): avc:  denied  { ioctl } for  pid=2872 comm=424720546872656164202330 path="/data/data/com.google.android.googlequicksearchbox/databases/portable_geller_bruste68@gmail.com.db" dev="dm-56" ino=64642 ioctlcmd=0xf522 scontext=u:r:priv_app:s0:c512,c768 tcontext=u:object_r:privapp_data_file:s0:c512,c768 tclass=file permissive=0 SEPF_SM-F936N_12_0001 audit_filtered
06-19 15:56:03.097  2872  2894 W SQLiteOpenHelper: Opened portable_geller_bruste68@gmail.com.db in read-only mode
06-19 15:56:17.103  1673  1673 E audit   : type=1400 audit(1750319777.099:996097): avc:  denied  { ioctl } for  pid=3590 comm=424720546872656164202332 path="/data/data/com.google.android.googlequicksearchbox/databases/portable_geller_bruste68@gmail.com.db" dev="dm-56" ino=64642 ioctlcmd=0xf522 scontext=u:r:priv_app:s0:c512,c768 tcontext=u:object_r:privapp_data_file:s0:c512,c768 tclass=file permissive=0 SEPF_SM-F936N_12_0001 audit_filtered
06-19 15:56:17.110  1673  1673 E audit   : type=1400 audit(1750319777.103:996098): avc:  denied  { ioctl } for  pid=3590 comm=424720546872656164202332 path="/data/data/com.google.android.googlequicksearchbox/databases/portable_geller_bruste68@gmail.com.db" dev="dm-56" ino=64642 ioctlcmd=0xf522 scontext=u:r:priv_app:s0:c512,c768 tcontext=u:object_r:privapp_data_file:s0:c512,c768 tclass=file permissive=0 SEPF_SM-F936N_12_0001 audit_filtered
06-19 15:56:17.119  1673  1673 E audit   : type=1400 audit(1750319777.115:996099): avc:  denied  { ioctl } for  pid=3590 comm=424720546872656164202332 path="/data/data/com.google.android.googlequicksearchbox/databases/portable_geller_bruste68@gmail.com.db" dev="dm-56" ino=64642 ioctlcmd=0xf522 scontext=u:r:priv_app:s0:c512,c768 tcontext=u:object_r:privapp_data_file:s0:c512,c768 tclass=file permissive=0 SEPF_SM-F936N_12_0001 audit_filtered
06-19 15:56:18.129  1673  1673 E audit   : type=1400 audit(1750319778.123:996102): avc:  denied  { ioctl } for  pid=3331 comm=424720546872656164202331 path="/data/data/com.google.android.googlequicksearchbox/databases/portable_geller_bruste68@gmail.com.db" dev="dm-56" ino=64642 ioctlcmd=0xf522 scontext=u:r:priv_app:s0:c512,c768 tcontext=u:object_r:privapp_data_file:s0:c512,c768 tclass=file permissive=0 SEPF_SM-F936N_12_0001 audit_filtered
06-19 15:56:18.131  3331  3411 W SQLiteOpenHelper: Opened portable_geller_bruste68@gmail.com.db in read-only mode
06-19 15:56:32.191  1673  1673 E audit   : type=1400 audit(1750319792.187:996109): avc:  denied  { ioctl } for  pid=3860 comm=424720546872656164202331 path="/data/data/com.google.android.googlequicksearchbox/databases/portable_geller_bruste68@gmail.com.db" dev="dm-56" ino=64642 ioctlcmd=0xf522 scontext=u:r:priv_app:s0:c512,c768 tcontext=u:object_r:privapp_data_file:s0:c512,c768 tclass=file permissive=0 SEPF_SM-F936N_12_0001 audit_filtered
06-19 15:56:32.195  1673  1673 E audit   : type=1400 audit(1750319792.191:996110): avc:  denied  { ioctl } for  pid=3860 comm=424720546872656164202331 path="/data/data/com.google.android.googlequicksearchbox/databases/portable_geller_bruste68@gmail.com.db" dev="dm-56" ino=64642 ioctlcmd=0xf522 scontext=u:r:priv_app:s0:c512,c768 tcontext=u:object_r:privapp_data_file:s0:c512,c768 tclass=file permissive=0 SEPF_SM-F936N_12_0001 audit_filtered
06-19 15:56:33.244  1673  1673 E audit   : type=1400 audit(1750319793.239:996113): avc:  denied  { ioctl } for  pid=3801 comm=424720546872656164202333 path="/data/data/com.google.android.googlequicksearchbox/databases/portable_geller_bruste68@gmail.com.db" dev="dm-56" ino=64642 ioctlcmd=0xf522 scontext=u:r:priv_app:s0:c512,c768 tcontext=u:object_r:privapp_data_file:s0:c512,c768 tclass=file permissive=0 SEPF_SM-F936N_12_0001 audit_filtered
06-19 15:56:33.245  3801  3857 W SQLiteOpenHelper: Opened portable_geller_bruste68@gmail.com.db in read-only mode
06-19 15:56:47.269  1673  1673 E audit   : type=1400 audit(1750319807.263:996120): avc:  denied  { ioctl } for  pid=4131 comm=424720546872656164202332 path="/data/data/com.google.android.googlequicksearchbox/databases/portable_geller_bruste68@gmail.com.db" dev="dm-56" ino=64642 ioctlcmd=0xf522 scontext=u:r:priv_app:s0:c512,c768 tcontext=u:object_r:privapp_data_file:s0:c512,c768 tclass=file permissive=0 SEPF_SM-F936N_12_0001 audit_filtered
06-19 15:56:47.273  1673  1673 E audit   : type=1400 audit(1750319807.267:996121): avc:  denied  { ioctl } for  pid=4131 comm=424720546872656164202332 path="/data/data/com.google.android.googlequicksearchbox/databases/portable_geller_bruste68@gmail.com.db" dev="dm-56" ino=64642 ioctlcmd=0xf522 scontext=u:r:priv_app:s0:c512,c768 tcontext=u:object_r:privapp_data_file:s0:c512,c768 tclass=file permissive=0 SEPF_SM-F936N_12_0001 audit_filtered
06-19 15:56:47.279  1673  1673 E audit   : type=1400 audit(1750319807.275:996122): avc:  denied  { ioctl } for  pid=4131 comm=424720546872656164202331 path="/data/data/com.google.android.googlequicksearchbox/databases/portable_geller_bruste68@gmail.com.db" dev="dm-56" ino=64642 ioctlcmd=0xf522 scontext=u:r:priv_app:s0:c512,c768 tcontext=u:object_r:privapp_data_file:s0:c512,c768 tclass=file permissive=0 SEPF_SM-F936N_12_0001 audit_filtered
06-19 15:56:48.287  1673  1673 E audit   : type=1400 audit(1750319808.283:996125): avc:  denied  { ioctl } for  pid=3999 comm=424720546872656164202331 path="/data/data/com.google.android.googlequicksearchbox/databases/portable_geller_bruste68@gmail.com.db" dev="dm-56" ino=64642 ioctlcmd=0xf522 scontext=u:r:priv_app:s0:c512,c768 tcontext=u:object_r:privapp_data_file:s0:c512,c768 tclass=file permissive=0 SEPF_SM-F936N_12_0001 audit_filtered
06-19 15:56:48.288  3999  4124 W SQLiteOpenHelper: Opened portable_geller_bruste68@gmail.com.db in read-only mode
06-19 15:57:02.313  1673  1673 E audit   : type=1400 audit(1750319822.307:996132): avc:  denied  { ioctl } for  pid=4347 comm=424720546872656164202332 path="/data/data/com.google.android.googlequicksearchbox/databases/portable_geller_bruste68@gmail.com.db" dev="dm-56" ino=64642 ioctlcmd=0xf522 scontext=u:r:priv_app:s0:c512,c768 tcontext=u:object_r:privapp_data_file:s0:c512,c768 tclass=file permissive=0 SEPF_SM-F936N_12_0001 audit_filtered
06-19 15:57:02.318  1673  1673 E audit   : type=1400 audit(1750319822.311:996133): avc:  denied  { ioctl } for  pid=4347 comm=424720546872656164202332 path="/data/data/com.google.android.googlequicksearchbox/databases/portable_geller_bruste68@gmail.com.db" dev="dm-56" ino=64642 ioctlcmd=0xf522 scontext=u:r:priv_app:s0:c512,c768 tcontext=u:object_r:privapp_data_file:s0:c512,c768 tclass=file permissive=0 SEPF_SM-F936N_12_0001 audit_filtered
06-19 15:57:02.324  1673  1673 E audit   : type=1400 audit(1750319822.319:996134): avc:  denied  { ioctl } for  pid=4347 comm=424720546872656164202330 path="/data/data/com.google.android.googlequicksearchbox/databases/portable_geller_bruste68@gmail.com.db" dev="dm-56" ino=64642 ioctlcmd=0xf522 scontext=u:r:priv_app:s0:c512,c768 tcontext=u:object_r:privapp_data_file:s0:c512,c768 tclass=file permissive=0 SEPF_SM-F936N_12_0001 audit_filtered
06-19 15:57:03.347  1673  1673 E audit   : type=1400 audit(1750319823.339:996137): avc:  denied  { ioctl } for  pid=4286 comm=424720546872656164202332 path="/data/data/com.google.android.googlequicksearchbox/databases/portable_geller_bruste68@gmail.com.db" dev="dm-56" ino=64642 ioctlcmd=0xf522 scontext=u:r:priv_app:s0:c512,c768 tcontext=u:object_r:privapp_data_file:s0:c512,c768 tclass=file permissive=0 SEPF_SM-F936N_12_0001 audit_filtered
06-19 15:57:03.347  4286  4343 W SQLiteOpenHelper: Opened portable_geller_bruste68@gmail.com.db in read-only mode
06-19 15:57:25.677  2603  3634 I Pageboost: start alp : com.bruste68.englishplayondevice.play
06-19 15:57:25.678  2603  3637 I Pageboost: alp for : com.bruste68.englishplayondevice.play , 0
06-19 15:57:25.680  4505  4976 E pageboostd: alp start : app combruste68englishplayondeviceplay
06-19 15:57:25.691  2603  2718 I ChimeraSystemEventListener: appLaunchIntent package name is: com.bruste68.englishplayondevice.play
06-19 15:57:25.712  2603  2734 I ActivityManager: Start proc 4977:com.bruste68.englishplayondevice.play/u0a687 for activelaunch {com.bruste68.englishplayondevice.play/com.bruste68.englishplayondevice.MainActivity}
06-19 15:57:25.734  3779  3852 D ShellStartingWindow: preload Icon com.bruste68.englishplayondevice.play
06-19 15:57:25.747  4505  4976 E pageboostd: combruste68englishplayondeviceplay, amt 30583520 scnt 2 fcnt 0
06-19 15:57:25.747  4505  4976 E pageboostd: combruste68englishplayondeviceplay, amt 0 scnt 0 fcnt 0
06-19 15:57:25.747  4505  4976 E pageboostd: alp end : app combruste68englishplayondeviceplay data_amount 30583520
06-19 15:57:25.754  4977  4977 D nativeloader: Configuring clns-6 for other apk /data/app/~~Kk2IrxS3nG8xI9ZSnntnmw==/com.bruste68.englishplayondevice.play-1UoFBpeX_hqhEfnV1NnBgw==/base.apk. target_sdk_version=34, uses_libraries=, library_path=/data/app/~~Kk2IrxS3nG8xI9ZSnntnmw==/com.bruste68.englishplayondevice.play-1UoFBpeX_hqhEfnV1NnBgw==/lib/arm64:/data/app/~~Kk2IrxS3nG8xI9ZSnntnmw==/com.bruste68.englishplayondevice.play-1UoFBpeX_hqhEfnV1NnBgw==/base.apk!/lib/arm64-v8a, permitted_path=/data:/mnt/expand:/data/user/0/com.bruste68.englishplayondevice.play
06-19 15:57:25.761  4977  4977 V GraphicsEnvironment: ANGLE GameManagerService for com.bruste68.englishplayondevice.play: false
06-19 15:57:25.761  4977  4977 V GraphicsEnvironment: com.bruste68.englishplayondevice.play is not listed in per-application setting
06-19 15:57:25.773  4977  4977 W SoLoader: Recording new base apk path: /data/app/~~Kk2IrxS3nG8xI9ZSnntnmw==/com.bruste68.englishplayondevice.play-1UoFBpeX_hqhEfnV1NnBgw==/base.apk
06-19 15:57:26.149  4116  4116 I HoneySpace.QuickOptionPopup: Inflate QuickOption view: App(item=id:61942 label:englishplay-ondevice (Play) componnet:com.bruste68.englishplayondevice.play/com.bruste68.englishplayondevice.MainActivity#UserHandle{0} badgeCount:0  drag:false iconState:NONE, pageRank=12, rank=8, dragged=false, hasReservedPosition=false) , Shortcut Count: 0 ,Notification Count: 0, Title: null 
06-19 15:57:28.189 25294 25294 I UninstallerActivity: Uninstalling extras=Bundle[{com.android.packageinstaller.extra.IS_CLONE_APP=false, com.android.packageinstaller.extra.APP_LABEL=englishplay-ondevice (Play), com.android.packageinstaller.applicationInfo=ApplicationInfo{39c28af com.bruste68.englishplayondevice.play}, android.intent.extra.UNINSTALL_ALL_USERS=false, com.android.packageinstaller.extra.UNINSTALL_ID=-2147483640}]
06-19 15:57:28.190  2603  5356 I PackageManager: pkg{com.bruste68.englishplayondevice.play}, user{0}, caller{10071} flags{0}
06-19 15:57:28.192  2603  2733 I ActivityManager: Force stopping com.bruste68.englishplayondevice.play appid=10687 user=0: deletePackageX
06-19 15:57:28.193  2603  2733 I ActivityManager: Killing 4977:com.bruste68.englishplayondevice.play/u0a687 (adj 915): stop com.bruste68.englishplayondevice.play due to deletePackageX
06-19 15:57:28.194  2603  2733 D ActivityManager: proc ProcessRecord{36b3a8e 4977:com.bruste68.englishplayondevice.play/u0a687} already removed. so we skip next process.
06-19 15:57:28.207  2603  3239 V ActivityManager: Got obituary of 4977:com.bruste68.englishplayondevice.play
06-19 15:57:28.258  2603  2785 W PackageManager: java.lang.IllegalArgumentException: Unable to get package com.bruste68.englishplayondevice.play
06-19 15:57:28.273  2603  2785 I PermissionManager: Removing permission com.bruste68.englishplayondevice.play.DYNAMIC_RECEIVER_NOT_EXPORTED_PERMISSION that used to be declared by com.bruste68.englishplayondevice.play
06-19 15:57:28.469 25294 25319 W ackageinstaller: ApkAssets: Deleting an ApkAssets object '<empty> and /data/app/~~Kk2IrxS3nG8xI9ZSnntnmw==/com.bruste68.englishplayondevice.play-1UoFBpeX_hqhEfnV1NnBgw==/base.apk' with 1 weak references
06-19 15:57:28.503  2603  2785 D PackageManager: isLocaleOptimizedPackage() -  Non optimized app: com.bruste68.englishplayondevice.play. Proceed with normal install
06-19 15:57:28.512  4116  4145 W id.app.launcher: ApkAssets: Deleting an ApkAssets object '<empty> and /data/app/~~rAZNcvmFicdplMxwtBfbog==/com.bruste68.englishplayondevice-1gwacnz90DOvlui12cNdEA==/base.apk' with 1 weak references
06-19 15:57:28.518  2603  2785 D AASA_PackageManager_RESTRICTED: Uninstall : userId = 0, info.mRemovedAppId = 10687, info.uid = 10687, packageName = com.bruste68.englishplayondevice.play
06-19 15:57:28.531  2603  2785 I ActivityManager: Force stopping com.bruste68.englishplayondevice.play appid=10687 user=0: pkg removed
06-19 15:57:28.531 25294 25294 I UninstallFinish: Uninstall finished extras=Bundle[{android.content.pm.extra.STATUS=0, com.android.packageinstaller.extra.IS_CLONE_APP=false, android.content.pm.extra.PACKAGE_NAME=com.bruste68.englishplayondevice.play, com.android.packageinstaller.extra.APP_LABEL=englishplay-ondevice (Play), com.android.packageinstaller.applicationInfo=Supplier{VAL_PARCELABLE@608+1720}, android.intent.extra.UNINSTALL_ALL_USERS=false, android.content.pm.extra.LEGACY_STATUS=1, com.android.packageinstaller.extra.UNINSTALL_ID=-2147483640, android.content.pm.extra.STATUS_MESSAGE=DELETE_SUCCEEDED}]
06-19 15:57:28.555  2603  2785 I ActivityManager: Force stopping com.bruste68.englishplayondevice.play appid=10687 user=0: pkg removed
06-19 15:57:28.609 22647 22654 W ung.android.scs: ApkAssets: Deleting an ApkAssets object '<empty> and /data/app/~~rAZNcvmFicdplMxwtBfbog==/com.bruste68.englishplayondevice-1gwacnz90DOvlui12cNdEA==/base.apk' with 2 weak references
06-19 15:57:28.646  2603  3431 W WifiService: Couldn't get PackageInfo for package:com.bruste68.englishplayondevice.play
06-19 15:57:28.646  2603  3431 D WifiService: Remove settings for package:com.bruste68.englishplayondevice.play
06-19 15:57:28.647  2603  3431 D WifiConfigManager: Remove all networks for app ApplicationInfo{751f9ab com.bruste68.englishplayondevice.play}
06-19 15:57:28.649  3636  3636 D CarrierSvcBindHelper: onPackageRemoved: com.bruste68.englishplayondevice.play
06-19 15:57:28.653  3636  3636 I VvmPkgInstalledRcvr: packageName: com.bruste68.englishplayondevice.play, systemDialer: com.samsung.android.dialer
06-19 15:57:28.660  3636  3636 I VvmPkgInstalledRcvr:  NOT contains : com.bruste68.englishplayondevice.play
06-19 15:57:28.663  2603  3123 D OverlayManager: onPackageRemoved: pkgName = [com.bruste68.englishplayondevice.play], userId = [0], packageHidden = [false]
06-19 15:57:28.663  2603  3123 I OverlayManager: updateOverlaysForTarget() called with: targetPackage = [com.bruste68.englishplayondevice.play], userId = [0], flags = [0]
06-19 15:57:28.674  4468  4581 I PackageInfoManager_FLP: action : ACTION_PACKAGE_REMOVED, packageName = com.bruste68.englishplayondevice.play
06-19 15:57:28.687  6060  6060 W MediaProvider: WorkProfileOwnerApps cache miss for package com.bruste68.englishplayondevice.play
06-19 15:57:28.688 13523 13523 I D_FMM:[FmmService          ]: package removed : com.bruste68.englishplayondevice.play
06-19 15:57:28.695  2603  2715 I CDM_CompanionDeviceManagerService: onPackageRemove_Or_DataCleared() u0/com.bruste68.englishplayondevice.play
06-19 15:57:28.697  2603  3242 V StorageManagerService: Package com.bruste68.englishplayondevice.play does not have legacy storage
06-19 15:57:28.727  8650  8650 I Notification4Heart_AM: NotificationPackageReceiver.onReceive-action: android.intent.action.PACKAGE_REMOVED, userId: 0, packageName: com.bruste68.englishplayondevice.play
06-19 15:57:28.751 22647 22647 I SCS@AiSearch user 0: (PackageBroadcastReceiver) packageName: com.bruste68.englishplayondevice.play
06-19 15:57:28.751 22647 22647 I SCS@AiSearch user 0: (PackageBroadcastReceiver) Packages changed: com.bruste68.englishplayondevice.play
06-19 15:57:28.755 25728 25728 W Zenith_AomManager: onReceive() packageName : com.bruste68.englishplayondevice.play
06-19 15:57:28.759  2603  3431 I PasspointManager: No app ops listener found for com.bruste68.englishplayondevice.play
06-19 15:57:28.780  3779  3785 W ndroid.systemui: ApkAssets: Deleting an ApkAssets object '<empty> and /data/app/~~Kk2IrxS3nG8xI9ZSnntnmw==/com.bruste68.englishplayondevice.play-1UoFBpeX_hqhEfnV1NnBgw==/base.apk' with 1 weak references
06-19 15:57:28.784  3779  3779 D Navbar.Store: handleEvent(0) OnPackageRemoved(packageName=com.bruste68.englishplayondevice.play) [Module] NavBarStoreImpl
06-19 15:57:28.785  3779  3779 D KeyguardShortcutManager: onReceive : Intent.EXTRA_REPLACING false, com.bruste68.englishplayondevice.play
06-19 15:57:28.809  3779  3779 D FaceWidgetMusicViewModel: onPackageRemoved() pkg = com.bruste68.englishplayondevice.play, r = false
06-19 15:57:28.809  3779  3779 D FaceWidgetMetadataParser: removePackage() key = com.bruste68.englishplayondevice.play
06-19 15:57:28.856  2603  2603 D DevicePolicyManager:  handle packages changed  setCrossProfileAppToIgnored com.bruste68.englishplayondevice.play 0
06-19 15:57:28.856  2603  2603 D AS.AudioService: com.bruste68.englishplayondevice.play(10687) is removed
06-19 15:57:28.859  2603  2603 D SGM:GameManager: identifyGamePackage. com.bruste68.englishplayondevice.play, mCurrentUserId: 0, callerUserId: 0, callingMethodInfo: com.samsung.android.game.SemGameManager.isGamePackage(SemGameManager.java:111)
06-19 15:57:28.859  2603  2603 D SGM:PkgDataHelper: getGamePkgData(). com.bruste68.englishplayondevice.play
06-19 15:57:28.859  2603  2603 D SGM:SemGameManager: isGamePackage(), pkgName=com.bruste68.englishplayondevice.play, ret=false
06-19 15:57:28.875  2603  2603 D SdpManagerImpl.receiver: On android.intent.action.PACKAGE_REMOVED : DATA = package:com.bruste68.englishplayondevice.play, UID = 10687, UserId = 0, Is replacing? false
06-19 15:57:28.875  2603  2603 D SdpManagerImpl.receiver: ACTION_PACKAGE_REMOVED packageName:: com.bruste68.englishplayondevice.play
06-19 15:57:28.876  2603  3630 D SdpManagerImpl: handlePackageRemoved - PackageName : com.bruste68.englishplayondevice.play, UserId : 0
06-19 15:57:28.878  2603  2715 D LocationManagerService: package com.bruste68.englishplayondevice.play reset
06-19 15:57:28.878 25345 25345 I FILP/PackageIntentReceiver: pkgName : com.bruste68.englishplayondevice.play
06-19 15:57:28.888  2603  2603 I Telecom : CarModeTracker: Package com.bruste68.englishplayondevice.play is not tracked.: SSH.oR@9ME
06-19 15:57:28.889  2603  3637 I Pageboost: remove app @ runtime : com.bruste68.englishplayondevice.play
06-19 15:57:28.942  8650  8650 I Notification4Heart_AM: NotificationAppsModel::60965ffb.removeApp-removed to {packageName: com.bruste68.englishplayondevice.play, name: englishplay-ondevice (Play), isAllowed: false, users: [{userId: 0, isAllowed: false}], subChannels: null}
06-19 15:57:29.068  2603  2731 I SettingsProvider: onPackageRemoved (userId 0) PackageName = com.bruste68.englishplayondevice.play
06-19 15:57:29.081 25345  5131 I FILP/c  : removeFromFS : com.bruste68.englishplayondevice.play, cursor size : 0
06-19 15:57:29.084 25345  5131 I FILP/c  : Delete DB result : com.bruste68.englishplayondevice.play, 0
06-19 15:57:29.124  2603  2603 I ConditionProviders: Disallowing condition provider com.bruste68.englishplayondevice.play (userSet: true)
06-19 15:57:29.128 25345  5131 I FILP/c  : uninstallFilters mPackageName: com.bruste68.englishplayondevice.play
06-19 15:57:29.148  2603  3198 D SEP_UNION_SemDeviceInfoManagerService: Package com.bruste68.englishplayondevice.play is removed on User 0 
06-19 15:57:29.177  4882  5130 I ProximityAuth: [RecentAppsMediator] Package removed: (user=UserHandle{0}) com.bruste68.englishplayondevice.play
06-19 15:57:29.189  2603  2603 D EnterpriseLicenseService: isPackageInstalled() - com.bruste68.englishplayondevice.play not found in user 0
06-19 15:57:29.189  2603  3431 W WifiService: Couldn't get PackageInfo for package:com.bruste68.englishplayondevice.play
06-19 15:57:29.189  2603  3431 D WifiService: Remove settings for package:com.bruste68.englishplayondevice.play
06-19 15:57:29.189  2603  3431 D WifiConfigManager: Remove all networks for app ApplicationInfo{dca4006 com.bruste68.englishplayondevice.play}
06-19 15:57:29.190  2603  3174 I RollbackManager: broadcast=ACTION_PACKAGE_FULLY_REMOVED pkg=com.bruste68.englishplayondevice.play
06-19 15:57:29.192  2603  2603 I Telecom : SamsungTelecomServiceImpl : clearAccounts - packageName : com.bruste68.englishplayondevice.play / callingPid : 2603 / processName : sts / callingUser : UserHandle{0}
06-19 15:57:29.192 25035 25035 I Finsky:background: [2] Package no longer installed: com.bruste68.englishplayondevice.play
06-19 15:57:29.196 25035 25035 I Finsky:background: [2] Package no longer installed: com.bruste68.englishplayondevice.play
06-19 15:57:29.199 25035 25035 I Finsky:background: [2] IQ: onPackageRemoved com.bruste68.englishplayondevice.play, replacing=false, uninstallingFromPlay=false
06-19 15:57:29.208 25035 25035 I Finsky:background: [2] Package no longer installed: com.bruste68.englishplayondevice.play
06-19 15:57:29.213 24911 24911 I Finsky  : [2] AIM: AppInfoCacheUpdater -> invalidating apps: [com.bruste68.englishplayondevice.play]
06-19 15:57:29.215  2603  3431 I PasspointManager: No app ops listener found for com.bruste68.englishplayondevice.play
06-19 15:57:29.224 15823 13493 I Icing   : doRemovePackageData com.bruste68.englishplayondevice.play
06-19 15:57:29.227 24911  5204 I Finsky  : [168] Asset module storage cleared for package com.bruste68.englishplayondevice.play.
06-19 15:57:29.228 24911 24963 I Finsky  : [83] AIM: AppInfoManager-Perf > OnDeviceAppInfo > cacheHitCount=0, cacheMissCount=1. Missed  in cache (limit 10) : [com.bruste68.englishplayondevice.play]
06-19 15:57:29.243 15823  5150 W SQLiteLog: (28) double-quoted string literal: "com.bruste68.englishplayondevice.play"
06-19 15:57:29.243  6219  6485 W DMASA[S]: [LOGWING][a]Get package version failed : com.bruste68.englishplayondevice.play
06-19 15:57:29.330 24911 24911 W Finsky  : [2] STU: Failed to get storage stats for package 'com.bruste68.englishplayondevice.play' (1601: Error getting stats: android.content.pm.PackageManager.NameNotFoundException)
06-19 15:57:29.436 25263 25263 D PersistedStoragePackageUninstalledReceiver: Received android.intent.action.PACKAGE_FULLY_REMOVED for com.bruste68.englishplayondevice.play for u0
06-19 15:57:29.488 25549 25549 I DWBk    : onPackageDeleted : com.bruste68.englishplayondevice.play
06-19 15:57:29.505  5192  5389 I ENTM:Systemprocess: handlePackageRemoved().pkgName: com.bruste68.englishplayondevice.play
06-19 15:57:29.505  5192  5389 I ENTM:Systemprocess: checkELMActivationForPackageRemoved().START - com.bruste68.englishplayondevice.play
06-19 15:57:29.568  5192  5389 I ENTM:Systemprocess: checkKLMActivationForPackageRemoved().START - com.bruste68.englishplayondevice.play
06-19 15:57:29.574  5192  5389 I ENTM:DataBaseUtils: isSameTrackerIdInDeviceDB().START: com.bruste68.englishplayondevice.play
06-19 15:57:29.604 22502 22611 I Rubin   : [114] com.samsung.android.rubin.upload.util.runestonelog.RunestoneLogUtil.getAppVersion(Unknown Source) : com.bruste68.englishplayondevice.play is not exist
06-19 15:57:29.614  2603  2731 I SGM:GameManager: PkgUpdateReceiver, onPackageRemoved : com.bruste68.englishplayondevice.play userHandle : UserHandle{0} userID : 0
06-19 15:57:29.614  2603  3237 D SGM:GosNotifyThread: notifyPackageChangedToGos(), before send intent to GOS. type:15, changeType: 1, pkgName:com.bruste68.englishplayondevice.play, userHandleId:0
06-19 15:57:29.681  7795  7795 I Friday_VoiceNotificationUtil: removeFromList():app = com.bruste68.englishplayondevice.play
06-19 15:57:29.711  2603  2731 I SpenThemeManager: package removed = com.bruste68.englishplayondevice.play
06-19 15:57:29.720  2603  2731 D UsageStatsService: onPackageRemoved com.bruste68.englishplayondevice.play
06-19 15:57:29.779 25549  5388 I DWBa    : couldn't find com.bruste68.englishplayondevice.play
06-19 15:57:29.818  3779  3779 I TileConfigurationStore: updatePackageDataChange : com.bruste68.englishplayondevice.play, type = 2, tileType = 1
06-19 15:57:29.818  3779  3779 I TileConfigurationStore: updatePackageDataChange : do not need update com.bruste68.englishplayondevice.play, type = 2
06-19 15:57:29.818  3779  3779 I AppWidgetDataProvider:  updatePackageChangeData type  1 , pack type 2  ,  pkg com.bruste68.englishplayondevice.play
06-19 15:57:29.871  7795  5448 I Friday_VoiceNotificationUtil: applicationInfo:pkgName() = com.bruste68.englishplayondevice
06-19 15:57:29.954  2603  2731 D MetaDataCollector: onReceive: done pkgName=com.bruste68.englishplayondevice.play
06-19 15:57:29.977  2603  2731 D LauncherAppsService: Calling onPackageRemoved: com.bruste68.englishplayondevice.play, EXTRA_REPLACING: false
06-19 15:57:29.977  2603  2731 D LauncherAppsService: Calling onPackageRemoved: com.bruste68.englishplayondevice.play, listener: com.sec.android.app.launcher(UserHandle{0}, 4116)
06-19 15:57:29.977  2603  2731 D LauncherAppsService: Calling onPackageRemoved: com.bruste68.englishplayondevice.play, listener: com.google.android.as(UserHandle{0}, 19978)
06-19 15:57:29.977  2603  2731 D LauncherAppsService: Calling onPackageRemoved: com.bruste68.englishplayondevice.play, listener: com.samsung.android.spay(UserHandle{0}, 6481)
06-19 15:57:29.978  4116  4116 I HoneySpace.PackageOperationTracker: onPackageRemoved - com.bruste68.englishplayondevice.play UserHandle{0}
06-19 15:57:29.978  2603  2731 D LauncherAppsService: Calling onPackageRemoved: com.bruste68.englishplayondevice.play, listener: com.samsung.android.mcfds(UserHandle{0}, 6553)
06-19 15:57:29.978  2603  2731 D LauncherAppsService: Calling onPackageRemoved: com.bruste68.englishplayondevice.play, listener: com.android.systemui(UserHandle{0}, 3779)
06-19 15:57:29.978 19978 19993 D LauncherApps: onPackageRemoved 0,com.bruste68.englishplayondevice.play
06-19 15:57:29.978  4116 14013 I HoneySpace.IconCache: remove icon cache & DB : com.bruste68.englishplayondevice.play UserHandle{0}
06-19 15:57:29.978  6481  8869 I SAMSUNGWALLET: [Hint_SimpleHintProcessMonitor] package removed : com.bruste68.englishplayondevice.play , execute : true
06-19 15:57:29.978  2603  2731 D LauncherAppsService: Calling onPackageRemoved: com.bruste68.englishplayondevice.play, listener: android(UserHandle{0}, 2603)
06-19 15:57:29.978  3779  4532 D LauncherApps: onPackageRemoved 0,com.bruste68.englishplayondevice.play
06-19 15:57:29.978  2603  2731 D LauncherApps: onPackageRemoved 0,com.bruste68.englishplayondevice.play
06-19 15:57:29.978  4116  4116 I HoneySpace.FilteredItemProvider[RemovedItems]: onPackageRemoved: com.bruste68.englishplayondevice.play / UserHandle{0}
06-19 15:57:29.981  4116 25683 I HoneySpace.HoneySpacePackageSourceImpl: Package removed : com.bruste68.englishplayondevice.play
06-19 15:57:29.981  4116 25683 I SearchableManager: invalidate: com.bruste68.englishplayondevice.play
06-19 15:57:29.981  4116  4116 I HoneySpace.HoneySpaceManagerContainer: refreshHoneyPlugin, packageName: com.bruste68.englishplayondevice.play
06-19 15:57:29.986  4116  4116 I HoneySpace.DataCache: deleteItem : id=61941, title=englishplay-ondevice (Play), type=APP, containerType=ITEM_GROUP, containerId=36, x=1, y=0, rank=-1, component=com.bruste68.englishplayondevice.play/com.bruste68.englishplayondevice.MainActivity, profileId=0, intent=null, restored=0, hidden=UNHIDDEN (workspace) package removed
06-19 15:57:29.987  4116  4116 I HoneySpace.DataCache: deleteItem : id=61942, title=englishplay-ondevice (Play), type=APP, containerType=ITEM_GROUP, containerId=37, x=-1, y=-1, rank=2147483647, component=com.bruste68.englishplayondevice.play/com.bruste68.englishplayondevice.MainActivity, profileId=0, intent=null, restored=0, hidden=UNHIDDEN (appList) package removed
06-19 15:57:29.987  4116  4116 I HoneySpace.DataCache: updateItem : id=62047, title=englishplay-ondevice (Play), type=APP, containerType=ITEM_GROUP, containerId=37, x=-1, y=-1, rank=2147483647, component=com.bruste68.englishplayondevice/.MainActivity, profileId=0, intent=null, restored=0, hidden=UNHIDDEN
06-19 15:57:29.987  4116  7297 I HoneySpace.DataCache: delete item : (workspace) package removed - APP / 61941 / englishplay-ondevice (Play) / com.bruste68.englishplayondevice.play/com.bruste68.englishplayondevice.MainActivity / -1 / 0
06-19 15:57:29.991  4116  7297 I HoneySpace.DataCache: delete item : (appList) package removed - APP / 61942 / englishplay-ondevice (Play) / com.bruste68.englishplayondevice.play/com.bruste68.englishplayondevice.MainActivity / -1 / 0
06-19 15:57:29.991  4116  4116 I HoneySpace.HotseatSharedViewModel: updateCurrentDirtyPackage, displayType: 5 packageName: com.bruste68.englishplayondevice.play
06-19 15:57:30.241  5450  5450 E SPPClientServiceS: [PackageRemoveReceiver] [handlePkgRemovedEvent] PackageName : com.bruste68.englishplayondevice.play
06-19 15:57:30.382  4116 25062 I SearchEngineAppSuggestion: package removed: com.bruste68.englishplayondevice.play
06-19 15:57:30.494  6060  6804 D MediaProvider: Deleted 0 Android/media items belonging to com.bruste68.englishplayondevice.play on /data/user/0/com.google.android.providers.media.module/databases/external.db
06-19 15:57:30.555  6060  6804 I FuseDaemon: Successfully deleted rows in leveldb for owner_id:  and ownerPackageIdentifier: com.bruste68.englishplayondevice.play::0
06-19 15:57:30.556  6060  6804 D MediaGrants: Removed 0 media_grants for 0 user for [com.bruste68.englishplayondevice.play]. Reason: Package orphaned
06-19 15:57:49.958  2603  3634 I Pageboost: start alp : com.bruste68.englishplayondevice
06-19 15:57:49.959  2603  3637 I Pageboost: alp skip : com.bruste68.englishplayondevice , 2
06-19 15:57:49.960  2603  2718 I ChimeraSystemEventListener: appLaunchIntent package name is: com.bruste68.englishplayondevice
06-19 15:57:49.984  3779  3852 D ShellStartingWindow: preload Icon com.bruste68.englishplayondevice
06-19 15:57:49.994  2603  2734 I ActivityManager: Start proc 5707:com.bruste68.englishplayondevice/u0a688 for activelaunch {com.bruste68.englishplayondevice/com.bruste68.englishplayondevice.MainActivity}
06-19 15:57:50.026  5707  5707 D nativeloader: Configuring clns-6 for other apk /data/app/~~rAZNcvmFicdplMxwtBfbog==/com.bruste68.englishplayondevice-1gwacnz90DOvlui12cNdEA==/base.apk. target_sdk_version=34, uses_libraries=, library_path=/data/app/~~rAZNcvmFicdplMxwtBfbog==/com.bruste68.englishplayondevice-1gwacnz90DOvlui12cNdEA==/lib/arm64:/data/app/~~rAZNcvmFicdplMxwtBfbog==/com.bruste68.englishplayondevice-1gwacnz90DOvlui12cNdEA==/base.apk!/lib/arm64-v8a, permitted_path=/data:/mnt/expand:/data/user/0/com.bruste68.englishplayondevice
06-19 15:57:50.032  5707  5707 V GraphicsEnvironment: ANGLE GameManagerService for com.bruste68.englishplayondevice: false
06-19 15:57:50.032  5707  5707 V GraphicsEnvironment: com.bruste68.englishplayondevice is not listed in per-application setting
06-19 15:57:50.045  5707  5707 W SoLoader: Recording new base apk path: /data/app/~~rAZNcvmFicdplMxwtBfbog==/com.bruste68.englishplayondevice-1gwacnz90DOvlui12cNdEA==/base.apk
06-19 15:57:50.395  4116  4116 I HoneySpace.QuickOptionPopup: Inflate QuickOption view: App(item=id:62047 label:englishplay-ondevice (Play) componnet:com.bruste68.englishplayondevice/.MainActivity#UserHandle{0} badgeCount:0  drag:false iconState:NONE, pageRank=12, rank=8, dragged=false, hasReservedPosition=false) , Shortcut Count: 0 ,Notification Count: 0, Title: null 
06-19 15:57:52.356 25294 25294 I UninstallerActivity: Uninstalling extras=Bundle[{com.android.packageinstaller.extra.IS_CLONE_APP=false, com.android.packageinstaller.extra.APP_LABEL=englishplay-ondevice (Play), com.android.packageinstaller.applicationInfo=ApplicationInfo{fb4919d com.bruste68.englishplayondevice}, android.intent.extra.UNINSTALL_ALL_USERS=false, com.android.packageinstaller.extra.UNINSTALL_ID=-2147483639}]
06-19 15:57:52.358  2603  3239 I PackageManager: pkg{com.bruste68.englishplayondevice}, user{0}, caller{10071} flags{0}
06-19 15:57:52.359  2603  2733 I ActivityManager: Force stopping com.bruste68.englishplayondevice appid=10688 user=0: deletePackageX
06-19 15:57:52.372  2603  2733 I ActivityManager: Killing 5707:com.bruste68.englishplayondevice/u0a688 (adj 915): stop com.bruste68.englishplayondevice due to deletePackageX
06-19 15:57:52.394  2603  2785 W PackageManager: java.lang.IllegalArgumentException: Unable to get package com.bruste68.englishplayondevice
06-19 15:57:52.396  2603  2733 D ActivityManager: proc ProcessRecord{113f0c4 5707:com.bruste68.englishplayondevice/u0a688} already removed. so we skip next process.
06-19 15:57:52.402  2603  2785 I PermissionManager: Removing permission com.bruste68.englishplayondevice.DYNAMIC_RECEIVER_NOT_EXPORTED_PERMISSION that used to be declared by com.bruste68.englishplayondevice
06-19 15:57:52.612  2603  3239 V ActivityManager: Got obituary of 5707:com.bruste68.englishplayondevice
06-19 15:57:52.631  2603  2785 D PackageManager: isLocaleOptimizedPackage() -  Non optimized app: com.bruste68.englishplayondevice. Proceed with normal install
06-19 15:57:52.659  2603  2785 D AASA_PackageManager_RESTRICTED: Uninstall : userId = 0, info.mRemovedAppId = 10688, info.uid = 10688, packageName = com.bruste68.englishplayondevice
06-19 15:57:52.682 25294 25294 I UninstallFinish: Uninstall finished extras=Bundle[{android.content.pm.extra.STATUS=0, com.android.packageinstaller.extra.IS_CLONE_APP=false, android.content.pm.extra.PACKAGE_NAME=com.bruste68.englishplayondevice, com.android.packageinstaller.extra.APP_LABEL=englishplay-ondevice (Play), com.android.packageinstaller.applicationInfo=Supplier{VAL_PARCELABLE@600+1664}, android.intent.extra.UNINSTALL_ALL_USERS=false, android.content.pm.extra.LEGACY_STATUS=1, com.android.packageinstaller.extra.UNINSTALL_ID=-2147483639, android.content.pm.extra.STATUS_MESSAGE=DELETE_SUCCEEDED}]
06-19 15:57:52.685  2603  2785 I ActivityManager: Force stopping com.bruste68.englishplayondevice appid=10688 user=0: pkg removed
06-19 15:57:52.719  3636  3636 D CarrierSvcBindHelper: onPackageRemoved: com.bruste68.englishplayondevice
06-19 15:57:52.719  2603  3123 D OverlayManager: onPackageRemoved: pkgName = [com.bruste68.englishplayondevice], userId = [0], packageHidden = [false]
06-19 15:57:52.720  2603  3123 I OverlayManager: updateOverlaysForTarget() called with: targetPackage = [com.bruste68.englishplayondevice], userId = [0], flags = [0]
06-19 15:57:52.721  2603  2715 I CDM_CompanionDeviceManagerService: onPackageRemove_Or_DataCleared() u0/com.bruste68.englishplayondevice
06-19 15:57:52.722  2603  3431 W WifiService: Couldn't get PackageInfo for package:com.bruste68.englishplayondevice
06-19 15:57:52.722  2603  3431 D WifiService: Remove settings for package:com.bruste68.englishplayondevice
06-19 15:57:52.722  2603  3431 D WifiConfigManager: Remove all networks for app ApplicationInfo{5f1beff com.bruste68.englishplayondevice}
06-19 15:57:52.727 13523 13523 I D_FMM:[FmmService          ]: package removed : com.bruste68.englishplayondevice
06-19 15:57:52.732  2603  3242 V StorageManagerService: Package com.bruste68.englishplayondevice does not have legacy storage
06-19 15:57:52.735 22647 22647 I SCS@AiSearch user 0: (PackageBroadcastReceiver) packageName: com.bruste68.englishplayondevice
06-19 15:57:52.735 22647 22647 I SCS@AiSearch user 0: (PackageBroadcastReceiver) Packages changed: com.bruste68.englishplayondevice
06-19 15:57:52.741  4468  4581 I PackageInfoManager_FLP: action : ACTION_PACKAGE_REMOVED, packageName = com.bruste68.englishplayondevice
06-19 15:57:52.741  3636  3636 I VvmPkgInstalledRcvr: packageName: com.bruste68.englishplayondevice, systemDialer: com.samsung.android.dialer
06-19 15:57:52.747  6060  6060 W MediaProvider: WorkProfileOwnerApps cache miss for package com.bruste68.englishplayondevice
06-19 15:57:52.762  2603  3174 I RollbackManager: broadcast=ACTION_PACKAGE_FULLY_REMOVED pkg=com.bruste68.englishplayondevice
06-19 15:57:52.764  3636  3636 I VvmPkgInstalledRcvr:  NOT contains : com.bruste68.englishplayondevice
06-19 15:57:52.766  8650  8650 I Notification4Heart_AM: NotificationPackageReceiver.onReceive-action: android.intent.action.PACKAGE_REMOVED, userId: 0, packageName: com.bruste68.englishplayondevice
06-19 15:57:52.772  2603  2603 D DevicePolicyManager:  handle packages changed  setCrossProfileAppToIgnored com.bruste68.englishplayondevice 0
06-19 15:57:52.772  2603  2603 D AS.AudioService: com.bruste68.englishplayondevice(10688) is removed
06-19 15:57:52.783  2603  3198 D SEP_UNION_SemDeviceInfoManagerService: Package com.bruste68.englishplayondevice is removed on User 0 
06-19 15:57:52.785 25294 25319 W ackageinstaller: ApkAssets: Deleting an ApkAssets object '<empty> and /data/app/~~rAZNcvmFicdplMxwtBfbog==/com.bruste68.englishplayondevice-1gwacnz90DOvlui12cNdEA==/base.apk' with 1 weak references
06-19 15:57:52.789 24911 24911 I Finsky  : [2] AIM: AppInfoCacheUpdater -> invalidating apps: [com.bruste68.englishplayondevice]
06-19 15:57:52.792  2603  2603 D SGM:GameManager: identifyGamePackage. com.bruste68.englishplayondevice, mCurrentUserId: 0, callerUserId: 0, callingMethodInfo: com.samsung.android.game.SemGameManager.isGamePackage(SemGameManager.java:111)
06-19 15:57:52.792  2603  2603 D SGM:PkgDataHelper: getGamePkgData(). com.bruste68.englishplayondevice
06-19 15:57:52.792  2603  2603 D SGM:SemGameManager: isGamePackage(), pkgName=com.bruste68.englishplayondevice, ret=false
06-19 15:57:52.792  2603  2603 D SdpManagerImpl.receiver: On android.intent.action.PACKAGE_REMOVED : DATA = package:com.bruste68.englishplayondevice, UID = 10688, UserId = 0, Is replacing? false
06-19 15:57:52.792  2603  2603 D SdpManagerImpl.receiver: ACTION_PACKAGE_REMOVED packageName:: com.bruste68.englishplayondevice
06-19 15:57:52.793 24911 24963 W ziparchive: Unable to open '/data/app/~~rAZNcvmFicdplMxwtBfbog==/com.bruste68.englishplayondevice-1gwacnz90DOvlui12cNdEA==/base.apk': No such file or directory
06-19 15:57:52.793 24911 24963 E android.vending: Failed to open APK '/data/app/~~rAZNcvmFicdplMxwtBfbog==/com.bruste68.englishplayondevice-1gwacnz90DOvlui12cNdEA==/base.apk': I/O error
06-19 15:57:52.793 24911 24963 W ResourcesManager: failed to preload asset path '/data/app/~~rAZNcvmFicdplMxwtBfbog==/com.bruste68.englishplayondevice-1gwacnz90DOvlui12cNdEA==/base.apk'
06-19 15:57:52.793 24911 24963 W ResourcesManager: java.io.IOException: Failed to load asset path /data/app/~~rAZNcvmFicdplMxwtBfbog==/com.bruste68.englishplayondevice-1gwacnz90DOvlui12cNdEA==/base.apk
06-19 15:57:52.793 24911 24963 W ziparchive: Unable to open '/data/app/~~rAZNcvmFicdplMxwtBfbog==/com.bruste68.englishplayondevice-1gwacnz90DOvlui12cNdEA==/base.apk': No such file or directory
06-19 15:57:52.793 24911 24963 E android.vending: Failed to open APK '/data/app/~~rAZNcvmFicdplMxwtBfbog==/com.bruste68.englishplayondevice-1gwacnz90DOvlui12cNdEA==/base.apk': I/O error
06-19 15:57:52.794 24911 24963 E ResourcesManager: failed to add asset path '/data/app/~~rAZNcvmFicdplMxwtBfbog==/com.bruste68.englishplayondevice-1gwacnz90DOvlui12cNdEA==/base.apk'
06-19 15:57:52.794 24911 24963 E ResourcesManager: java.io.IOException: Failed to load asset path /data/app/~~rAZNcvmFicdplMxwtBfbog==/com.bruste68.englishplayondevice-1gwacnz90DOvlui12cNdEA==/base.apk
06-19 15:57:52.794 24911 24963 W PackageManager: Failure retrieving resources for com.bruste68.englishplayondevice
06-19 15:57:52.796  2603  2715 D LocationManagerService: package com.bruste68.englishplayondevice reset
06-19 15:57:52.797 24911  5204 I Finsky  : [168] Asset module storage cleared for package com.bruste68.englishplayondevice.
06-19 15:57:52.798 24911 24971 I Finsky  : [90] AIM: AppInfoManager-Perf > OnDeviceAppInfo > cacheHitCount=0, cacheMissCount=1. Missed  in cache (limit 10) : [com.bruste68.englishplayondevice]
06-19 15:57:52.799  2603  3630 D SdpManagerImpl: handlePackageRemoved - PackageName : com.bruste68.englishplayondevice, UserId : 0
06-19 15:57:52.824  3779  3779 D Navbar.Store: handleEvent(0) OnPackageRemoved(packageName=com.bruste68.englishplayondevice) [Module] NavBarStoreImpl
06-19 15:57:52.824  3779  3779 D KeyguardShortcutManager: onReceive : Intent.EXTRA_REPLACING false, com.bruste68.englishplayondevice
06-19 15:57:52.834  2603  3431 I PasspointManager: No app ops listener found for com.bruste68.englishplayondevice
06-19 15:57:52.834  2603  3431 W WifiService: Couldn't get PackageInfo for package:com.bruste68.englishplayondevice
06-19 15:57:52.834  2603  3431 D WifiService: Remove settings for package:com.bruste68.englishplayondevice
06-19 15:57:52.834  2603  3431 D WifiConfigManager: Remove all networks for app ApplicationInfo{1a38ab7 com.bruste68.englishplayondevice}
06-19 15:57:52.840  2603  2603 I Telecom : CarModeTracker: Package com.bruste68.englishplayondevice is not tracked.: SSH.oR@9Mg
06-19 15:57:52.840  2603  3637 I Pageboost: remove app @ runtime : com.bruste68.englishplayondevice
06-19 15:57:52.841  6219  6485 W DMASA[S]: [LOGWING][a]Get package version failed : com.bruste68.englishplayondevice
06-19 15:57:52.841  2603  2603 D EnterpriseLicenseService: isPackageInstalled() - com.bruste68.englishplayondevice not found in user 0
06-19 15:57:52.843  2603  2603 I ConditionProviders: Disallowing condition provider com.bruste68.englishplayondevice (userSet: true)
06-19 15:57:52.844 25035 25035 I Finsky:background: [2] Package no longer installed: com.bruste68.englishplayondevice
06-19 15:57:52.857 25035 25035 I Finsky:background: [2] Package no longer installed: com.bruste68.englishplayondevice
06-19 15:57:52.858 25035 25035 I Finsky:background: [2] IQ: onPackageRemoved com.bruste68.englishplayondevice, replacing=false, uninstallingFromPlay=false
06-19 15:57:52.861 10336  5141 W SQLiteLog: (28) double-quoted string literal: "com.bruste68.englishplayondevice"
06-19 15:57:52.861  3779  3779 D FaceWidgetMusicViewModel: onPackageRemoved() pkg = com.bruste68.englishplayondevice, r = false
06-19 15:57:52.861  3779  3779 D FaceWidgetMetadataParser: removePackage() key = com.bruste68.englishplayondevice
06-19 15:57:52.863  2603  2603 I Telecom : SamsungTelecomServiceImpl : clearAccounts - packageName : com.bruste68.englishplayondevice / callingPid : 2603 / processName : sts / callingUser : UserHandle{0}
06-19 15:57:52.872 25035 25035 I Finsky:background: [2] Package no longer installed: com.bruste68.englishplayondevice
06-19 15:57:52.880  5192  5389 I ENTM:Systemprocess: handlePackageRemoved().pkgName: com.bruste68.englishplayondevice
06-19 15:57:52.880  5192  5389 I ENTM:Systemprocess: checkELMActivationForPackageRemoved().START - com.bruste68.englishplayondevice
06-19 15:57:52.882  5192  5389 I ENTM:Systemprocess: checkKLMActivationForPackageRemoved().START - com.bruste68.englishplayondevice
06-19 15:57:52.883 25549 25549 I DWBk    : onPackageDeleted : com.bruste68.englishplayondevice
06-19 15:57:52.924 25549  5791 I DWBa    : couldn't find com.bruste68.englishplayondevice
06-19 15:57:52.927  5192  5389 I ENTM:DataBaseUtils: isSameTrackerIdInDeviceDB().START: com.bruste68.englishplayondevice
06-19 15:57:52.974  4882  5792 I ProximityAuth: [RecentAppsMediator] Package removed: (user=UserHandle{0}) com.bruste68.englishplayondevice
06-19 15:57:52.979  2603  3431 I PasspointManager: No app ops listener found for com.bruste68.englishplayondevice
06-19 15:57:53.014 25263 25263 D PersistedStoragePackageUninstalledReceiver: Received android.intent.action.PACKAGE_FULLY_REMOVED for com.bruste68.englishplayondevice for u0
06-19 15:57:53.038  5450  5450 E SPPClientServiceS: [PackageRemoveReceiver] [handlePkgRemovedEvent] PackageName : com.bruste68.englishplayondevice
06-19 15:57:53.044  3779  3785 W ndroid.systemui: ApkAssets: Deleting an ApkAssets object '<empty> and /data/app/~~rAZNcvmFicdplMxwtBfbog==/com.bruste68.englishplayondevice-1gwacnz90DOvlui12cNdEA==/base.apk' with 1 weak references
06-19 15:57:53.074 15823 15829 W gle.android.gms: ApkAssets: Deleting an ApkAssets object '<empty> and /data/app/~~rAZNcvmFicdplMxwtBfbog==/com.bruste68.englishplayondevice-1gwacnz90DOvlui12cNdEA==/base.apk' with 1 weak references
06-19 15:57:53.101 15823  5808 W SQLiteLog: (28) double-quoted string literal: "com.bruste68.englishplayondevice"
