06-19 15:57:53.111 25345 25345 I FILP/PackageIntentReceiver: pkgName : com.bruste68.englishplayondevice
06-19 15:57:53.125 15823  5173 I Icing   : doRemovePackageData com.bruste68.englishplayondevice
06-19 15:57:53.130 22502 22611 I Rubin   : [114] com.samsung.android.rubin.upload.util.runestonelog.RunestoneLogUtil.getAppVersion(Unknown Source) : com.bruste68.englishplayondevice is not exist
06-19 15:57:53.136 25345  5829 I FILP/c  : removeFromFS : com.bruste68.englishplayondevice, cursor size : 0
06-19 15:57:53.138 25345  5829 I FILP/c  : Delete DB result : com.bruste68.englishplayondevice, 0
06-19 15:57:53.139 25345  5829 I FILP/c  : uninstallFilters mPackageName: com.bruste68.englishplayondevice
06-19 15:57:53.170  6060  6804 D MediaProvider: Deleted 0 Android/media items belonging to com.bruste68.englishplayondevice on /data/user/0/com.google.android.providers.media.module/databases/external.db
06-19 15:57:53.211 25728 25728 W Zenith_AomManager: onReceive() packageName : com.bruste68.englishplayondevice
06-19 15:57:53.219  7795  7795 I Friday_VoiceNotificationUtil: removeFromList():app = com.bruste68.englishplayondevice
06-19 15:57:53.237  6060  6804 I FuseDaemon: Successfully deleted rows in leveldb for owner_id:  and ownerPackageIdentifier: com.bruste68.englishplayondevice::0
06-19 15:57:53.238  6060  6804 D MediaGrants: Removed 0 media_grants for 0 user for [com.bruste68.englishplayondevice]. Reason: Package orphaned
06-19 15:57:53.344  8650  8650 I Notification4Heart_AM: NotificationAppsModel::60965ffb.removeApp-removed to {packageName: com.bruste68.englishplayondevice, name: englishplay-ondevice (Play), isAllowed: false, users: [{userId: 0, isAllowed: false}], subChannels: null}
06-19 15:57:53.390 25549  5372 I DWBh    : onPackageRemoved Already Removed : com.bruste68.englishplayondevice
06-19 15:57:53.420  2603  2731 I SettingsProvider: onPackageRemoved (userId 0) PackageName = com.bruste68.englishplayondevice
06-19 15:57:53.527  2603  2731 I SGM:GameManager: PkgUpdateReceiver, onPackageRemoved : com.bruste68.englishplayondevice userHandle : UserHandle{0} userID : 0
06-19 15:57:53.527  2603  3237 D SGM:GosNotifyThread: notifyPackageChangedToGos(), before send intent to GOS. type:15, changeType: 1, pkgName:com.bruste68.englishplayondevice, userHandleId:0
06-19 15:57:53.530  2603  2731 I SpenThemeManager: package removed = com.bruste68.englishplayondevice
06-19 15:57:53.530  2603  2731 D UsageStatsService: onPackageRemoved com.bruste68.englishplayondevice
06-19 15:57:53.663 24911 24911 W Finsky  : [2] STU: Failed to get storage stats for package 'com.bruste68.englishplayondevice' (1601: Error getting stats: android.content.pm.PackageManager.NameNotFoundException)
06-19 15:57:53.672  2603  2731 D MetaDataCollector: onReceive: done pkgName=com.bruste68.englishplayondevice
06-19 15:57:53.673  2603  2731 D LauncherAppsService: Calling onPackageRemoved: com.bruste68.englishplayondevice, EXTRA_REPLACING: false
06-19 15:57:53.673  2603  2731 D LauncherAppsService: Calling onPackageRemoved: com.bruste68.englishplayondevice, listener: com.sec.android.app.launcher(UserHandle{0}, 4116)
06-19 15:57:53.674  2603  2731 D LauncherAppsService: Calling onPackageRemoved: com.bruste68.englishplayondevice, listener: com.google.android.as(UserHandle{0}, 19978)
06-19 15:57:53.674  2603  2731 D LauncherAppsService: Calling onPackageRemoved: com.bruste68.englishplayondevice, listener: com.samsung.android.spay(UserHandle{0}, 6481)
06-19 15:57:53.674  2603  2731 D LauncherAppsService: Calling onPackageRemoved: com.bruste68.englishplayondevice, listener: com.samsung.android.mcfds(UserHandle{0}, 6553)
06-19 15:57:53.674 19978 19993 D LauncherApps: onPackageRemoved 0,com.bruste68.englishplayondevice
06-19 15:57:53.674  2603  2731 D LauncherAppsService: Calling onPackageRemoved: com.bruste68.englishplayondevice, listener: com.android.systemui(UserHandle{0}, 3779)
06-19 15:57:53.674  2603  2731 D LauncherAppsService: Calling onPackageRemoved: com.bruste68.englishplayondevice, listener: android(UserHandle{0}, 2603)
06-19 15:57:53.674  4116  4116 I HoneySpace.PackageOperationTracker: onPackageRemoved - com.bruste68.englishplayondevice UserHandle{0}
06-19 15:57:53.674  2603  2731 D LauncherApps: onPackageRemoved 0,com.bruste68.englishplayondevice
06-19 15:57:53.674  4116  4116 I HoneySpace.FilteredItemProvider[RemovedItems]: onPackageRemoved: com.bruste68.englishplayondevice / UserHandle{0}
06-19 15:57:53.675  4116 17401 I HoneySpace.IconCache: remove icon cache & DB : com.bruste68.englishplayondevice UserHandle{0}
06-19 15:57:53.675  6481  8869 I SAMSUNGWALLET: [Hint_SimpleHintProcessMonitor] package removed : com.bruste68.englishplayondevice , execute : true
06-19 15:57:53.676  3779  3885 D LauncherApps: onPackageRemoved 0,com.bruste68.englishplayondevice
06-19 15:57:53.680  4116 17401 I HoneySpace.HoneySpacePackageSourceImpl: Package removed : com.bruste68.englishplayondevice
06-19 15:57:53.681  4116  5488 I SearchableManager: invalidate: com.bruste68.englishplayondevice
06-19 15:57:53.682  4116  4116 I HoneySpace.HoneySpaceManagerContainer: refreshHoneyPlugin, packageName: com.bruste68.englishplayondevice
06-19 15:57:53.683  4116  4116 I HoneySpace.DataCache: deleteItem : id=62047, title=englishplay-ondevice (Play), type=APP, containerType=ITEM_GROUP, containerId=37, x=-1, y=-1, rank=2147483647, component=com.bruste68.englishplayondevice/.MainActivity, profileId=0, intent=null, restored=0, hidden=UNHIDDEN (appList) package removed
06-19 15:57:53.684  4116  7297 I HoneySpace.DataCache: delete item : (appList) package removed - APP / 62047 / englishplay-ondevice (Play) / com.bruste68.englishplayondevice/.MainActivity / -1 / 0
06-19 15:57:53.685  4116  4116 I HoneySpace.HotseatSharedViewModel: updateCurrentDirtyPackage, displayType: 5 packageName: com.bruste68.englishplayondevice
06-19 15:57:53.861  3779  3779 I TileConfigurationStore: updatePackageDataChange : com.bruste68.englishplayondevice, type = 2, tileType = 1
06-19 15:57:53.862  3779  3779 I TileConfigurationStore: updatePackageDataChange : do not need update com.bruste68.englishplayondevice, type = 2
06-19 15:57:53.862  3779  3779 I AppWidgetDataProvider:  updatePackageChangeData type  1 , pack type 2  ,  pkg com.bruste68.englishplayondevice
06-19 15:57:54.082  4116 24558 I SearchEngineAppSuggestion: package removed: com.bruste68.englishplayondevice
06-19 15:57:56.195  2603  2628 W system_server: ApkAssets: Deleting an ApkAssets object '<empty> and /data/app/~~rAZNcvmFicdplMxwtBfbog==/com.bruste68.englishplayondevice-1gwacnz90DOvlui12cNdEA==/base.apk' with 1 weak references
06-19 15:59:01.586 24911 24911 I Finsky  : [2] VerifyApps: Install-time verification requested for package com.bruste68.englishplayondevice.play, PackageManager id = 20, Verifier id = 92cc3c0b-48c0-45ed-972f-7ba0e3cbfd3b
06-19 15:59:01.591 23752 23814 I GOS:GameServiceReceiver:  PkgInstallStarted for com.bruste68.englishplayondevice.play UserID : 0
06-19 15:59:01.691 23752  6160 W GOS:PackageUtil: isPackageInstalledAsUser(). Exception: android.content.pm.PackageManager$NameNotFoundException: com.bruste68.englishplayondevice.play
06-19 15:59:01.691 23752  6160 I GOS:GameIntentService: onPackageChanged(). extras: Bundle[{changeType=2, userId=0, type=15, packageName=com.bruste68.englishplayondevice.play}]
06-19 15:59:01.691 23752  6160 I GOS:GameIntentService: onPackageChanged(). changeType(INSTALL_STARTED), pkgName(com.bruste68.englishplayondevice.play), UserHandle(0), userId(0), Installed(false)
06-19 15:59:02.482 24911  6159 I Finsky  : [185] VerifyApps: Anti-malware verification task started for package=com.bruste68.englishplayondevice.play
06-19 15:59:03.385 24911 24968 I Finsky  : [88] VerifyApps: Starting APK Analysis scan for com.bruste68.englishplayondevice.play.
06-19 15:59:03.385 24911 24968 I Finsky  : [88] Scanning package com.bruste68.englishplayondevice.play contents with client side protections. File: [FFhkPPe0Idu9TsdGC2O1b2hUlW9ajnbZwSgzCdKhYno]
06-19 15:59:03.724 24911 24968 I Finsky  : [88] VerifyApps: APK Analysis scan finished for com.bruste68.englishplayondevice.play. Verdict: SAFE
06-19 15:59:04.205 24911  6412 I Finsky  : [188] VerifyApps: Verification package=com.bruste68.englishplayondevice.play, id=20, response=0, upload_requested=false, run_post_install=false
06-19 15:59:04.219 24911  6412 I Finsky  : [188] VerifyApps: PAM result saving to datastore delayed for package: com.bruste68.englishplayondevice.play
06-19 15:59:04.238 24911 24911 I Finsky  : [2] VerifyApps: Install-time verification complete: id=20, package_name=com.bruste68.englishplayondevice.play
06-19 15:59:23.079  2603  2786 I PackageManager:           pkg{com.bruste68.englishplayondevice.play}
06-19 15:59:23.475  6060 20198 D MediaGrants: Removed 0 media_grants for 0 user for [com.bruste68.englishplayondevice.play]. Reason: Mode changed: android:read_external_storage
06-19 15:59:23.524  6060 20198 D MediaGrants: Removed 0 media_grants for 0 user for [com.bruste68.englishplayondevice.play]. Reason: Mode changed: android:read_external_storage
06-19 15:59:23.525  2603  2785 I SPEG    : Feature is disabled for com.bruste68.englishplayondevice.play as it has more than 4 dex files
06-19 15:59:23.530  6060 20198 D MediaGrants: Removed 0 media_grants for 0 user for [com.bruste68.englishplayondevice.play]. Reason: Mode changed: android:read_external_storage
06-19 15:59:23.565  2603  2785 I ArtService: Adjusting the compiler filter for 'com.bruste68.englishplayondevice.play' from 'speed-profile' to 'verify' because there is no valid profile
06-19 15:59:23.584  6572  6575 I artd    : Dex parent of /data/app/~~dV9zonWjho18V0Hr0EL34g==/com.bruste68.englishplayondevice.play-ILuDfzhHvOsKZVQv9WedUg==/base.apk is not writable: Permission denied
06-19 15:59:23.584  6572  6575 I artd    : GetBestInfo checking odex in dalvik-cache (/data/dalvik-cache/arm64/data@app@~~dV9zonWjho18V0Hr0EL34g==@com.bruste68.englishplayondevice.play-ILuDfzhHvOsKZVQv9WedUg==@base.apk@classes.dex)
06-19 15:59:23.584  6572  6575 I artd    : Loading /data/dalvik-cache/arm64/data@app@~~dV9zonWjho18V0Hr0EL34g==@com.bruste68.englishplayondevice.play-ILuDfzhHvOsKZVQv9WedUg==@base.apk@classes.dex with executable: 0
06-19 15:59:23.584  6572  6575 I artd    : OatFileAssistant test for existing oat file /data/dalvik-cache/arm64/data@app@~~dV9zonWjho18V0Hr0EL34g==@com.bruste68.englishplayondevice.play-ILuDfzhHvOsKZVQv9WedUg==@base.apk@classes.dex: File /data/dalvik-cache/arm64/data@app@~~dV9zonWjho18V0Hr0EL34g==@com.bruste68.englishplayondevice.play-ILuDfzhHvOsKZVQv9WedUg==@base.apk@classes.vdex does not exist.
06-19 15:59:23.584  6572  6575 I artd    : GetBestInfo checking odex next to the dex file (/data/app/~~dV9zonWjho18V0Hr0EL34g==/com.bruste68.englishplayondevice.play-ILuDfzhHvOsKZVQv9WedUg==/oat/arm64/base.odex)
06-19 15:59:23.584  6572  6575 I artd    : Loading /data/app/~~dV9zonWjho18V0Hr0EL34g==/com.bruste68.englishplayondevice.play-ILuDfzhHvOsKZVQv9WedUg==/oat/arm64/base.odex with executable: 0
06-19 15:59:23.584  6572  6575 I artd    : OatFileAssistant test for existing oat file /data/app/~~dV9zonWjho18V0Hr0EL34g==/com.bruste68.englishplayondevice.play-ILuDfzhHvOsKZVQv9WedUg==/oat/arm64/base.odex: File /data/app/~~dV9zonWjho18V0Hr0EL34g==/com.bruste68.englishplayondevice.play-ILuDfzhHvOsKZVQv9WedUg==/oat/arm64/base.vdex does not exist.
06-19 15:59:23.584  6572  6575 I artd    : GetBestInfo checking vdex in dalvik-cache (/data/dalvik-cache/arm64/data@app@~~dV9zonWjho18V0Hr0EL34g==@com.bruste68.englishplayondevice.play-ILuDfzhHvOsKZVQv9WedUg==@base.apk@classes.vdex)
06-19 15:59:23.584  6572  6575 I artd    : unable to open vdex file /data/dalvik-cache/arm64/data@app@~~dV9zonWjho18V0Hr0EL34g==@com.bruste68.englishplayondevice.play-ILuDfzhHvOsKZVQv9WedUg==@base.apk@classes.vdex: File /data/dalvik-cache/arm64/data@app@~~dV9zonWjho18V0Hr0EL34g==@com.bruste68.englishplayondevice.play-ILuDfzhHvOsKZVQv9WedUg==@base.apk@classes.vdex does not exist.
06-19 15:59:23.584  6572  6575 I artd    : OatFileAssistant test for existing oat file /data/dalvik-cache/arm64/data@app@~~dV9zonWjho18V0Hr0EL34g==@com.bruste68.englishplayondevice.play-ILuDfzhHvOsKZVQv9WedUg==@base.apk@classes.vdex: File /data/dalvik-cache/arm64/data@app@~~dV9zonWjho18V0Hr0EL34g==@com.bruste68.englishplayondevice.play-ILuDfzhHvOsKZVQv9WedUg==@base.apk@classes.vdex does not exist.
06-19 15:59:23.584  6572  6575 I artd    : GetBestInfo checking vdex next to the dex file (/data/app/~~dV9zonWjho18V0Hr0EL34g==/com.bruste68.englishplayondevice.play-ILuDfzhHvOsKZVQv9WedUg==/oat/arm64/base.vdex)
06-19 15:59:23.584  6572  6575 I artd    : unable to open vdex file /data/app/~~dV9zonWjho18V0Hr0EL34g==/com.bruste68.englishplayondevice.play-ILuDfzhHvOsKZVQv9WedUg==/oat/arm64/base.vdex: File /data/app/~~dV9zonWjho18V0Hr0EL34g==/com.bruste68.englishplayondevice.play-ILuDfzhHvOsKZVQv9WedUg==/oat/arm64/base.vdex does not exist.
06-19 15:59:23.584  6572  6575 I artd    : OatFileAssistant test for existing oat file /data/app/~~dV9zonWjho18V0Hr0EL34g==/com.bruste68.englishplayondevice.play-ILuDfzhHvOsKZVQv9WedUg==/oat/arm64/base.vdex: File /data/app/~~dV9zonWjho18V0Hr0EL34g==/com.bruste68.englishplayondevice.play-ILuDfzhHvOsKZVQv9WedUg==/oat/arm64/base.vdex does not exist.
06-19 15:59:23.584  6572  6575 I artd    : GetBestInfo checking dm (/data/app/~~dV9zonWjho18V0Hr0EL34g==/com.bruste68.englishplayondevice.play-ILuDfzhHvOsKZVQv9WedUg==/base.dm)
06-19 15:59:23.584  6572  6575 W ziparchive: Unable to open '/data/app/~~dV9zonWjho18V0Hr0EL34g==/com.bruste68.englishplayondevice.play-ILuDfzhHvOsKZVQv9WedUg==/base.dm': No such file or directory
06-19 15:59:23.584  6572  6575 I artd    : OatFileAssistant test for existing oat file /data/app/~~dV9zonWjho18V0Hr0EL34g==/com.bruste68.englishplayondevice.play-ILuDfzhHvOsKZVQv9WedUg==/base.dm: I/O error
06-19 15:59:23.584  6572  6575 I artd    : GetBestInfo checking dm (/data/app/~~dV9zonWjho18V0Hr0EL34g==/com.bruste68.englishplayondevice.play-ILuDfzhHvOsKZVQv9WedUg==/base.dm)
06-19 15:59:23.584  6572  6575 W ziparchive: Unable to open '/data/app/~~dV9zonWjho18V0Hr0EL34g==/com.bruste68.englishplayondevice.play-ILuDfzhHvOsKZVQv9WedUg==/base.dm': No such file or directory
06-19 15:59:23.584  6572  6575 I artd    : OatFileAssistant test for existing oat file /data/app/~~dV9zonWjho18V0Hr0EL34g==/com.bruste68.englishplayondevice.play-ILuDfzhHvOsKZVQv9WedUg==/base.dm: I/O error
06-19 15:59:23.604  6572  6575 I artd    : Running dex2oat: /apex/com.android.art/bin/art_exec --drop-capabilities --set-task-profile=Dex2OatBootComplete --set-priority=background --keep-fds=7:8:9:10 -- /apex/com.android.art/bin/dex2oat64 --zip-fd=7 --zip-location=/data/app/~~dV9zonWjho18V0Hr0EL34g==/com.bruste68.englishplayondevice.play-ILuDfzhHvOsKZVQv9WedUg==/base.apk --oat-fd=8 --oat-location=/data/app/~~dV9zonWjho18V0Hr0EL34g==/com.bruste68.englishplayondevice.play-ILuDfzhHvOsKZVQv9WedUg==/oat/arm64/base.odex --output-vdex-fd=9 --swap-fd=10 --class-loader-context=PCL[] --classpath-dir=/data/app/~~dV9zonWjho18V0Hr0EL34g==/com.bruste68.englishplayondevice.play-ILuDfzhHvOsKZVQv9WedUg== --instruction-set=arm64 --instruction-set-features=default --instruction-set-variant=kryo300 --compiler-filter=verify --compilation-reason=install --compact-dex-level=none --max-image-block-size=524288 --resolve-startup-const-strings=true --generate-mini-debug-info --runtime-arg -Xtarget-sdk-version:34 --runtime-arg -Xhidden-api-policy:enabled -j6 --runtime-arg -Xms64m --runtime-arg -Xmx512m --comments=app-name:com.bruste68.englishplayondevice.play,app-version-name:1.0.0-play,app-version-code:1,art-version:351610080
06-19 15:59:23.604  6572  6575 I artd    : Opened FDs: 7:/data/app/~~dV9zonWjho18V0Hr0EL34g==/com.bruste68.englishplayondevice.play-ILuDfzhHvOsKZVQv9WedUg==/base.apk 8:/data/app/~~dV9zonWjho18V0Hr0EL34g==/com.bruste68.englishplayondevice.play-ILuDfzhHvOsKZVQv9WedUg==/oat/arm64/base.odex.ygrHAC.tmp 9:/data/app/~~dV9zonWjho18V0Hr0EL34g==/com.bruste68.englishplayondevice.play-ILuDfzhHvOsKZVQv9WedUg==/oat/arm64/base.vdex.Mwldvl.tmp 10:/data/app/~~dV9zonWjho18V0Hr0EL34g==/com.bruste68.englishplayondevice.play-ILuDfzhHvOsKZVQv9WedUg==/oat/arm64/base.odex.swap.9eoQNH.tmp 
06-19 15:59:23.636  6576  6576 I dex2oat64: /apex/com.android.art/bin/dex2oat64 --output-vdex-fd=9 --class-loader-context=PCL[] --classpath-dir=/data/app/~~dV9zonWjho18V0Hr0EL34g==/com.bruste68.englishplayondevice.play-ILuDfzhHvOsKZVQv9WedUg== --compiler-filter=verify --compilation-reason=install --compact-dex-level=none --max-image-block-size=524288 --resolve-startup-const-strings=true --generate-mini-debug-info -j6 --comments=app-name:com.bruste68.englishplayondevice.play,app-version-name:1.0.0-play,app-version-code:1,art-version:351610080
06-19 15:59:24.571  2603  2785 I ArtService: Dexopt result: [packageName = com.bruste68.englishplayondevice.play] DexContainerFileDexoptResult{dexContainerFile=/data/app/~~dV9zonWjho18V0Hr0EL34g==/com.bruste68.englishplayondevice.play-ILuDfzhHvOsKZVQv9WedUg==/base.apk, primaryAbi=true, abi=arm64-v8a, actualCompilerFilter=verify, status=PERFORMED, dex2oatWallTimeMillis=952, dex2oatCpuTimeMillis=2430, sizeBytes=30584744, sizeBeforeBytes=0, extendedStatusFlags=[]}
06-19 15:59:24.573  2603  2785 I BackupManagerService: [UserID:0] restoreAtInstall pkg=com.bruste68.englishplayondevice.play token=17 restoreSet=0
06-19 15:59:24.573  2603  2785 D PackageManager: isLocaleOptimizedPackage() -  Non optimized app: com.bruste68.englishplayondevice.play. Proceed with normal install
06-19 15:59:24.690  2603  3123 D OverlayManager: reconcileSettingsForPackage pkgName=com.bruste68.englishplayondevice.play userId=0
06-19 15:59:24.690  2603  3123 I OverlayManager: updateOverlaysForTarget() called with: targetPackage = [com.bruste68.englishplayondevice.play], userId = [0], flags = [0]
06-19 15:59:24.690  2603  3500 I AppWidgetServiceImpl: Received broadcast: android.intent.action.PACKAGE_ADDED, Updates all providers with com.bruste68.englishplayondevice.play, userId: 0
06-19 15:59:24.690  2603  3500 I AppWidgetServiceImpl: queryIntentReceivers intent : Intent { act=android.appwidget.action.APPWIDGET_UPDATE pkg=com.bruste68.englishplayondevice.play }  userid : 0  flags : 268436608 result : 0
06-19 15:59:24.691  2603  3569 I SdkSandboxManager: No SDKs used. Skipping SDK data reconcilation for CallingInfo{mUid=10689, mPackageName='com.bruste68.englishplayondevice.play, mAppProcessToken='null'}
06-19 15:59:24.702  4468  4581 I PackageInfoManager_FLP: action : ACTION_PACKAGE_ADDED, packageName = com.bruste68.englishplayondevice.play
06-19 15:59:24.706  5677  5677 D BluetoothEventManager: AppPackageChangedHandler: package name = com.bruste68.englishplayondevice.play
06-19 15:59:24.709  2603  2603 D SGM:GameManager: identifyGamePackage. com.bruste68.englishplayondevice.play, mCurrentUserId: 0, callerUserId: 0, callingMethodInfo: com.samsung.android.game.SemGameManager.isGamePackage(SemGameManager.java:111)
06-19 15:59:24.709  2603  2603 D SGM:PkgDataHelper: getGamePkgData(). com.bruste68.englishplayondevice.play
06-19 15:59:24.709  2603  2603 D SGM:SemGameManager: isGamePackage(), pkgName=com.bruste68.englishplayondevice.play, ret=false
06-19 15:59:24.712  2603  2603 I Telecom : SamsungOpenCommunicationPlatformPolicyPackageBroadcastReceiver : action : android.intent.action.PACKAGE_ADDED / packageName : com.bruste68.englishplayondevice.play
06-19 15:59:24.714  2603  3556 D SGM:GameManager: identifyGamePackage. com.bruste68.englishplayondevice.play, mCurrentUserId: 0, callerUserId: 0, callingMethodInfo: com.samsung.android.game.SemGameManager.isGamePackage(SemGameManager.java:111)
06-19 15:59:24.714  2603  3556 D SGM:PkgDataHelper: getGamePkgData(). com.bruste68.englishplayondevice.play
06-19 15:59:24.714  2603  3556 D SGM:SemGameManager: isGamePackage(), pkgName=com.bruste68.englishplayondevice.play, ret=false
06-19 15:59:24.718  2603  3637 D SGM:GameManager: identifyGamePackage. com.bruste68.englishplayondevice.play, mCurrentUserId: 0, callerUserId: 0, callingMethodInfo: com.samsung.android.game.SemGameManager.isGamePackage(SemGameManager.java:111)
06-19 15:59:24.718  2603  3637 D SGM:PkgDataHelper: getGamePkgData(). com.bruste68.englishplayondevice.play
06-19 15:59:24.718  2603  3637 D SGM:SemGameManager: isGamePackage(), pkgName=com.bruste68.englishplayondevice.play, ret=false
06-19 15:59:24.718  2603  3637 I Pageboost: appinfo : com.bruste68.englishplayondevice.play 0 0 0 0
06-19 15:59:24.718  2603  3637 D SGM:GameManager: identifyGamePackage. com.bruste68.englishplayondevice.play, mCurrentUserId: 0, callerUserId: 0, callingMethodInfo: com.samsung.android.game.SemGameManager.isGamePackage(SemGameManager.java:111)
06-19 15:59:24.719  2603  3637 D SGM:PkgDataHelper: getGamePkgData(). com.bruste68.englishplayondevice.play
06-19 15:59:24.719  2603  3637 D SGM:SemGameManager: isGamePackage(), pkgName=com.bruste68.englishplayondevice.play, ret=false
06-19 15:59:24.720  2603  3637 I Pageboost: Reset this app info : com.bruste68.englishplayondevice.play 
06-19 15:59:24.721  2603  3637 I Pageboost: db create : CREATE TABLE IF NOT EXISTS combruste68englishplayondeviceplay (FILENAME TEXT, OFFSET INTEGER, SIZE INTEGER, FORVRAMDISK INTEGER, BITMAP BLOB, unique (FILENAME, OFFSET) );
06-19 15:59:24.724 25263 25263 I SafetyLabelChangedBroadcastReceiver: received broadcast packageName: com.bruste68.englishplayondevice.play, current user: UserHandle{0}, packageChangeEvent: NEW_INSTALL, intent user: UserHandle{0}
06-19 15:59:24.728  3636  3636 D CarrierSvcBindHelper: onPackageAdded: com.bruste68.englishplayondevice.play
06-19 15:59:24.730  3636  3636 I VvmPkgInstalledRcvr: packageName: com.bruste68.englishplayondevice.play, systemDialer: com.samsung.android.dialer
06-19 15:59:24.730  3636  3748 D ImsResolver: maybeAddedImsService, packageName: com.bruste68.englishplayondevice.play
06-19 15:59:24.736  3636  3636 I VvmPkgInstalledRcvr:  NOT contains : com.bruste68.englishplayondevice.play
06-19 15:59:24.744  2603  3123 D OverlayManager: -> Updating overlay: target=com.bruste68.englishplayondevice.play overlays=[OverlayPaths { resourceDirs = [/product/overlay/NavigationBarMode3Button/NavigationBarMode3ButtonOverlay.apk], overlayPaths = [/product/overlay/NavigationBarMode3Button/NavigationBarMode3ButtonOverlay.apk] }] userId=0
06-19 15:59:24.761  2603  3637 I Pageboost: add app to global @ runtime: com.bruste68.englishplayondevice.play
06-19 15:59:24.775  3779  3898 D BluetoothEventManager: AppPackageChangedHandler: package name = com.bruste68.englishplayondevice.play
06-19 15:59:24.775  3779  3953 D PluginActionManager: queryPkg com.bruste68.englishplayondevice.play com.android.systemui.action.PLUGIN_QS_FACTORY
06-19 15:59:24.776  3779  3779 D FaceWidgetMetadataParser: updatePackage() com.bruste68.englishplayondevice.play true
06-19 15:59:24.777  3779  3779 D FaceWidgetMetadataParser: removePackage() key = com.bruste68.englishplayondevice.play
06-19 15:59:24.779  3779  3953 D PluginActionManager: queryPkg com.bruste68.englishplayondevice.play com.android.systemui.action.PLUGIN_SENSOR_MANAGER
06-19 15:59:24.779  3779  3953 D PluginActionManager: queryPkg com.bruste68.englishplayondevice.play com.android.systemui.action.PLUGIN_NOTIFICATION_ASSISTANT
06-19 15:59:24.780  3779  3953 D PluginActionManager: queryPkg com.bruste68.englishplayondevice.play com.android.systemui.action.PLUGIN_NOTIFICATION_MENU_ROW
06-19 15:59:24.781  3779  3953 D PluginActionManager: queryPkg com.bruste68.englishplayondevice.play com.android.systemui.action.PLUGIN_NOTIFICATION_MENU_ROW
06-19 15:59:24.782  3779  3953 D PluginActionManager: queryPkg com.bruste68.englishplayondevice.play com.android.systemui.action.PLUGIN_NOTIFICATION_MENU_ROW
06-19 15:59:24.784  3779  3953 D PluginActionManager: queryPkg com.bruste68.englishplayondevice.play com.android.systemui.action.PLUGIN_CLOCK_PROVIDER
06-19 15:59:24.790 25345 25345 I FILP/PackageIntentReceiver: pkgName : com.bruste68.englishplayondevice.play
06-19 15:59:24.791 24438 24438 I Routine@Core[4.7.03.3]: MetadataLoaderImpl: collectInBackground - packageName:com.bruste68.englishplayondevice.play
06-19 15:59:24.792 24438 24438 I Routine@Core[4.7.03.3]: MetadataSyncBacklog: add: null + com.bruste68.englishplayondevice.play
06-19 15:59:24.795 22647 22647 I SCS@AiSearch user 0: (PackageBroadcastReceiver) packageName: com.bruste68.englishplayondevice.play
06-19 15:59:24.795 22647 22647 I SCS@AiSearch user 0: (PackageBroadcastReceiver) Packages changed: com.bruste68.englishplayondevice.play
06-19 15:59:24.796  2603  2756 D MARsPolicyManager: new Package : com.bruste68.englishplayondevice.play, SCPMTarget : false
06-19 15:59:24.801  3779  3953 D PluginActionManager: queryPkg com.bruste68.englishplayondevice.play com.android.systemui.action.PLUGIN_QS
06-19 15:59:24.802  3779  3953 D PluginActionManager: queryPkg com.bruste68.englishplayondevice.play com.android.systemui.action.PLUGIN_NOTIFICATION_MENU_ROW
06-19 15:59:24.802  3779  3953 D PluginActionManager: queryPkg com.bruste68.englishplayondevice.play com.android.systemui.action.PLUGIN_VOLUME
06-19 15:59:24.803  3779  3953 D PluginActionManager: queryPkg com.bruste68.englishplayondevice.play com.android.systemui.action.PLUGIN_NOTIFICATION_MENU_ROW
06-19 15:59:24.803  3779  3953 D PluginActionManager: queryPkg com.bruste68.englishplayondevice.play com.android.systemui.action.PEOPLE_HUB_PERSON_EXTRACTOR
06-19 15:59:24.803  3779  3953 D PluginActionManager: queryPkg com.bruste68.englishplayondevice.play com.android.systemui.action.PLUGIN_NOTIFICATION_MENU_ROW
06-19 15:59:24.803  3779  3953 D PluginActionManager: queryPkg com.bruste68.englishplayondevice.play com.samsung.systemui.action.PLUGIN_FACE_WIDGET
06-19 15:59:24.803  3779  3953 D PluginActionManager: queryPkg com.bruste68.englishplayondevice.play com.android.systemui.action.PLUGIN_OVERLAY
06-19 15:59:24.804  3779  3953 D PluginActionManager: queryPkg com.bruste68.englishplayondevice.play com.android.systemui.action.PLUGIN_GLOBAL_ACTIONS
06-19 15:59:24.804  3779  3953 D PluginActionManager: queryPkg com.bruste68.englishplayondevice.play com.android.systemui.action.PLUGIN_TOAST
06-19 15:59:24.804  3779  3953 D PluginActionManager: queryPkg com.bruste68.englishplayondevice.play com.android.systemui.action.PLUGIN_NOTIFICATION_MENU_ROW
06-19 15:59:24.804  3779  3953 D PluginActionManager: queryPkg com.bruste68.englishplayondevice.play com.android.systemui.action.PLUGIN_NOTIFICATION_MENU_ROW
06-19 15:59:24.868  2603  2603 D DevicePolicyManager:  handle packages changed  setCrossProfileAppToIgnored com.bruste68.englishplayondevice.play 0
06-19 15:59:24.868  2603  3500 I AppWidgetServiceImpl: Received broadcast: android.intent.action.PACKAGE_CHANGED, Updates all providers with com.bruste68.englishplayondevice.play, userId: 0
06-19 15:59:24.868  2603  3500 I AppWidgetServiceImpl: queryIntentReceivers intent : Intent { act=android.appwidget.action.APPWIDGET_UPDATE pkg=com.bruste68.englishplayondevice.play }  userid : 0  flags : 268436608 result : 0
06-19 15:59:24.869 24438 24438 I Routine@Core[4.7.03.3]: MetadataLoaderJobService: onStartJob: collectPackageInBG - com.bruste68.englishplayondevice.play
06-19 15:59:24.869  2603  2715 I CDM_CompanionDeviceManagerService: onPackageModified() u0/com.bruste68.englishplayondevice.play
06-19 15:59:24.870 14110 14110 W PackageParser: Unknown element under <manifest>: queries at /data/app/~~dV9zonWjho18V0Hr0EL34g==/com.bruste68.englishplayondevice.play-ILuDfzhHvOsKZVQv9WedUg==/base.apk Binary XML file line #23
06-19 15:59:24.872 24438 24438 I Routine@Core[4.7.03.3]: MetadataLoaderJobService: packageName : com.bruste68.englishplayondevice.play, forced : true
06-19 15:59:24.876  3636  3636 D CarrierSvcBindHelper: onPackageModified: com.bruste68.englishplayondevice.play
06-19 15:59:24.885  3636  3748 D ImsResolver: maybeAddedImsService, packageName: com.bruste68.englishplayondevice.play
06-19 15:59:24.919 24438 25340 I Routine@Core[4.7.03.3]: MetadataLoadManager: collect: com.bruste68.englishplayondevice.play
06-19 15:59:24.919 24438 25340 I Routine@Core[4.7.03.3]: MetadataLoadManager: collectWithCollectors - Collect Start! package = com.bruste68.englishplayondevice.play
06-19 15:59:24.924 24438 25340 I Routine@Core[4.7.03.3]: WatchMetaDataCollector: collect - packageName :com.bruste68.englishplayondevice.play
06-19 15:59:24.927 25549 25549 I DWBk    : onPackageAdded : com.bruste68.englishplayondevice.play
06-19 15:59:24.929 14110  6653 W PackageParser: Unknown element under <manifest>: queries at /data/app/~~dV9zonWjho18V0Hr0EL34g==/com.bruste68.englishplayondevice.play-ILuDfzhHvOsKZVQv9WedUg==/base.apk Binary XML file line #23
06-19 15:59:24.929 24911 24911 I Finsky  : [2] AIM: AppInfoCacheUpdater -> invalidating apps: [com.bruste68.englishplayondevice.play]
06-19 15:59:24.938 24911 24963 I Finsky  : [83] AIM: AppInfoManager-Perf > OnDeviceAppInfo > cacheHitCount=0, cacheMissCount=1. Missed  in cache (limit 10) : [com.bruste68.englishplayondevice.play]
06-19 15:59:24.938 24911 24968 I Finsky  : [88] AIM: AppInfoManager-Perf > OnDeviceAppInfo > cacheHitCount=0, cacheMissCount=1. Missed  in cache (limit 10) : [com.bruste68.englishplayondevice.play]
06-19 15:59:24.994  4882  6655 I ProximityAuth: [RecentAppsMediator] Package added: (user=UserHandle{0}) com.bruste68.englishplayondevice.play
06-19 15:59:24.995 25549  5372 I DWBh    : onPackageAdded Already Exist : com.bruste68.englishplayondevice.play
06-19 15:59:24.995 22647 22647 I SCS@AiSearch user 0: (PackageBroadcastReceiver) packageName: com.bruste68.englishplayondevice.play
06-19 15:59:24.995 22647 22647 I SCS@AiSearch user 0: (PackageBroadcastReceiver) Packages changed: com.bruste68.englishplayondevice.play
06-19 15:59:25.070 24911 24911 I Finsky  : [2] AIM: AppInfoCacheUpdater -> invalidating apps: [com.bruste68.englishplayondevice.play]
06-19 15:59:25.077  3779  3953 D PluginActionManager: queryPkg com.bruste68.englishplayondevice.play com.android.systemui.action.PLUGIN_QS_FACTORY
06-19 15:59:25.078  3779  3953 D PluginActionManager: queryPkg com.bruste68.englishplayondevice.play com.android.systemui.action.PLUGIN_SENSOR_MANAGER
06-19 15:59:25.096  3779  3779 D FaceWidgetMetadataParser: updatePackage() com.bruste68.englishplayondevice.play false
06-19 15:59:25.097  3779  3779 D FaceWidgetMetadataParser: removePackage() key = com.bruste68.englishplayondevice.play
06-19 15:59:25.104 24911 24968 I Finsky  : [88] AIM: AppInfoManager-Perf > OnDeviceAppInfo > cacheHitCount=0, cacheMissCount=1. Missed  in cache (limit 10) : [com.bruste68.englishplayondevice.play]
06-19 15:59:25.120 24911 24963 I Finsky  : [83] AIM: AppInfoManager-Perf > OnDeviceAppInfo > cacheHitCount=0, cacheMissCount=1. Missed  in cache (limit 10) : [com.bruste68.englishplayondevice.play]
06-19 15:59:25.122  3779  3953 D PluginActionManager: queryPkg com.bruste68.englishplayondevice.play com.android.systemui.action.PLUGIN_NOTIFICATION_ASSISTANT
06-19 15:59:25.122  3779  3953 D PluginActionManager: queryPkg com.bruste68.englishplayondevice.play com.android.systemui.action.PLUGIN_NOTIFICATION_MENU_ROW
06-19 15:59:25.123  3779  3953 D PluginActionManager: queryPkg com.bruste68.englishplayondevice.play com.android.systemui.action.PLUGIN_NOTIFICATION_MENU_ROW
06-19 15:59:25.123  3779  3953 D PluginActionManager: queryPkg com.bruste68.englishplayondevice.play com.android.systemui.action.PLUGIN_CLOCK_PROVIDER
06-19 15:59:25.123  3779  3953 D PluginActionManager: queryPkg com.bruste68.englishplayondevice.play com.android.systemui.action.PLUGIN_QS
06-19 15:59:25.123  3779  3953 D PluginActionManager: queryPkg com.bruste68.englishplayondevice.play com.android.systemui.action.PLUGIN_VOLUME
06-19 15:59:25.123  3779  3953 D PluginActionManager: queryPkg com.bruste68.englishplayondevice.play com.android.systemui.action.PLUGIN_NOTIFICATION_MENU_ROW
06-19 15:59:25.123  3779  3953 D PluginActionManager: queryPkg com.bruste68.englishplayondevice.play com.android.systemui.action.PEOPLE_HUB_PERSON_EXTRACTOR
06-19 15:59:25.123  3779  3953 D PluginActionManager: queryPkg com.bruste68.englishplayondevice.play com.android.systemui.action.PLUGIN_NOTIFICATION_MENU_ROW
06-19 15:59:25.124  3779  3953 D PluginActionManager: queryPkg com.bruste68.englishplayondevice.play com.samsung.systemui.action.PLUGIN_FACE_WIDGET
06-19 15:59:25.124  3779  3953 D PluginActionManager: queryPkg com.bruste68.englishplayondevice.play com.android.systemui.action.PLUGIN_AOD
06-19 15:59:25.124  3779  3953 D PluginActionManager: queryPkg com.bruste68.englishplayondevice.play com.android.systemui.action.PLUGIN_OVERLAY
06-19 15:59:25.124  3779  3953 D PluginActionManager: queryPkg com.bruste68.englishplayondevice.play com.android.systemui.action.PLUGIN_GLOBAL_ACTIONS
06-19 15:59:25.124  3779  3953 D PluginActionManager: queryPkg com.bruste68.englishplayondevice.play com.android.systemui.action.PLUGIN_TOAST
06-19 15:59:25.124  3779  3953 D PluginActionManager: queryPkg com.bruste68.englishplayondevice.play com.android.systemui.action.PLUGIN_NOTIFICATION_MENU_ROW
06-19 15:59:25.124  3779  3953 D PluginActionManager: queryPkg com.bruste68.englishplayondevice.play com.android.systemui.action.PLUGIN_NOTIFICATION_MENU_ROW
06-19 15:59:25.241 24911 24919 W android.vending: ApkAssets: Deleting an ApkAssets object '<empty> and /data/app/~~dV9zonWjho18V0Hr0EL34g==/com.bruste68.englishplayondevice.play-ILuDfzhHvOsKZVQv9WedUg==/base.apk' with 1 weak references
06-19 15:59:25.257 25549 25549 I DWBk    : onPackageAdded : com.bruste68.englishplayondevice.play
06-19 15:59:25.400  8650  8650 I Notification4Heart_AM: NotificationPackageReceiver.onReceive-action: android.intent.action.PACKAGE_ADDED, userId: 0, packageName: com.bruste68.englishplayondevice.play
06-19 15:59:25.403  8650  8650 I Notification4_d: isCustomAvailableApp - com.bruste68.englishplayondevice.play : null
06-19 15:59:25.403  8650  8650 I Notification4Heart_AM: NotificationAppsModel::60965ffb.addApp-added to {packageName: com.bruste68.englishplayondevice.play, name: englishplay-ondevice (Play), isAllowed: false, users: [{userId: 0, isAllowed: false}], subChannels: null}
06-19 15:59:25.413  7795  6769 I Friday_VoiceNotificationUtil: applicationInfo:pkgName() = com.bruste68.englishplayondevice.play
06-19 15:59:25.421 24438 25340 I Routine@Core[4.7.03.3]: MetadataLoadManager: doPostCollectionTasks - packageName:com.bruste68.englishplayondevice.play
06-19 15:59:25.432 25728 25728 W Zenith_AomManager: onReceive() packageName : com.bruste68.englishplayondevice.play
06-19 15:59:25.453  7795  7795 I Friday_PackageManagerReceiver: ACTION_PACKAGE_CHANGED = com.bruste68.englishplayondevice.play
06-19 15:59:25.456  7795  7795 I Friday_VoiceNotificationUtil: applicationInfo:pkgName() = com.bruste68.englishplayondevice.play is ExistApp | skip 
06-19 15:59:25.521 14110  6653 W PackageParser: Unknown element under <manifest>: queries at /data/app/~~dV9zonWjho18V0Hr0EL34g==/com.bruste68.englishplayondevice.play-ILuDfzhHvOsKZVQv9WedUg==/base.apk Binary XML file line #23
06-19 15:59:25.541 14110  6653 W PackageParser: Unknown element under <manifest>: queries at /data/app/~~dV9zonWjho18V0Hr0EL34g==/com.bruste68.englishplayondevice.play-ILuDfzhHvOsKZVQv9WedUg==/base.apk Binary XML file line #23
06-19 15:59:25.777  3779  3779 I TileConfigurationStore: updatePackageDataChange : com.bruste68.englishplayondevice.play, type = 1, tileType = 1
06-19 15:59:25.822  3779  3779 I TileConfigurationStore: updatePackageDataChange : Complication Tile com.bruste68.englishplayondevice.play, type = 1
06-19 15:59:25.822  3779  3779 I AppWidgetDataProvider:  updatePackageChangeData type  1 , pack type 1  ,  pkg com.bruste68.englishplayondevice.play
06-19 15:59:25.835 24438 24438 I Routine@Core[4.7.03.3]: MetadataLoaderJobService: metadataLoadingCompleted: collectPackageInBG - com.bruste68.englishplayondevice.play
06-19 15:59:26.097  3779  3779 I TileConfigurationStore: updatePackageDataChange : com.bruste68.englishplayondevice.play, type = 3, tileType = 1
06-19 15:59:26.097  3779  3779 I TileConfigurationStore: updatePackageDataChange : Complication Tile com.bruste68.englishplayondevice.play, type = 3
06-19 15:59:26.097  3779  3779 I AppWidgetDataProvider:  updatePackageChangeData type  1 , pack type 3  ,  pkg com.bruste68.englishplayondevice.play
06-19 15:59:26.160  2603  2628 W system_server: ApkAssets: Deleting an ApkAssets object '<empty> and /data/app/~~dV9zonWjho18V0Hr0EL34g==/com.bruste68.englishplayondevice.play-ILuDfzhHvOsKZVQv9WedUg==/base.apk' with 1 weak references
06-19 15:59:26.217 14110 11557 W PackageParser: Unknown element under <manifest>: queries at /data/app/~~dV9zonWjho18V0Hr0EL34g==/com.bruste68.englishplayondevice.play-ILuDfzhHvOsKZVQv9WedUg==/base.apk Binary XML file line #23
06-19 15:59:26.248 14110 11557 W PackageParser: Unknown element under <manifest>: queries at /data/app/~~dV9zonWjho18V0Hr0EL34g==/com.bruste68.englishplayondevice.play-ILuDfzhHvOsKZVQv9WedUg==/base.apk Binary XML file line #23
06-19 15:59:26.377  2603  2731 I SGM:GameManager: PkgUpdateReceiver, onPackageAdded : com.bruste68.englishplayondevice.play userHandle : UserHandle{0} userId : 0
06-19 15:59:26.377  2603  3237 D SGM:GosNotifyThread: notifyPackageChangedToGos(), before send intent to GOS. type:15, changeType: 0, pkgName:com.bruste68.englishplayondevice.play, userHandleId:0
06-19 15:59:26.377  2603  3237 I SGM:GosNotifyThread: notifyPackageChangedToGos(), category from pm: com.bruste68.englishplayondevice.play, [-1/-1]
06-19 15:59:26.381  2603  2731 D LauncherAppsService: Calling onPackageAdded: com.bruste68.englishplayondevice.play, uid: 10689
06-19 15:59:26.382  2603  2731 D LauncherAppsService: Calling onPackageAdded: com.bruste68.englishplayondevice.play, listener: com.sec.android.app.launcher(UserHandle{0}, 4116)
06-19 15:59:26.382  2603  2731 D LauncherAppsService: Calling onPackageAdded: com.bruste68.englishplayondevice.play, listener: com.google.android.as(UserHandle{0}, 19978)
06-19 15:59:26.382  2603  2731 D LauncherAppsService: Calling onPackageAdded: com.bruste68.englishplayondevice.play, listener: com.samsung.android.spay(UserHandle{0}, 6481)
06-19 15:59:26.383  2603  2731 D LauncherAppsService: Calling onPackageAdded: com.bruste68.englishplayondevice.play, listener: com.samsung.android.mcfds(UserHandle{0}, 6553)
06-19 15:59:26.383 19978 19993 D LauncherApps: onPackageAdded 0,com.bruste68.englishplayondevice.play
06-19 15:59:26.383  2603  2731 D LauncherAppsService: Calling onPackageAdded: com.bruste68.englishplayondevice.play, listener: com.android.systemui(UserHandle{0}, 3779)
06-19 15:59:26.383  4116  4116 I HoneySpace.PackageOperationTracker: onPackageAdded - com.bruste68.englishplayondevice.play UserHandle{0}
06-19 15:59:26.383  2603  2731 D LauncherAppsService: Calling onPackageAdded: com.bruste68.englishplayondevice.play, listener: android(UserHandle{0}, 2603)
06-19 15:59:26.383  2603  2731 D LauncherApps: onPackageAdded 0,com.bruste68.englishplayondevice.play
06-19 15:59:26.383  4116  4116 I HoneySpace.FilteredItemProvider[RemovedItems]: onPackageAdded: com.bruste68.englishplayondevice.play / UserHandle{0}
06-19 15:59:26.384  3779  3789 D LauncherApps: onPackageAdded 0,com.bruste68.englishplayondevice.play
06-19 15:59:26.384 23752  6902 I GOS:GameIntentService: onHandleIntent. GameIntentService. type: 15, pkgName: com.bruste68.englishplayondevice.play
06-19 15:59:26.385  6481  8869 I SAMSUNGWALLET: [Hint_SimpleHintProcessMonitor] package added : com.bruste68.englishplayondevice.play , execute : true
06-19 15:59:26.387  4116 25683 I HoneySpace.PackageSourceImpl: addActivityToList [ADD] : com.bruste68.englishplayondevice.play/com.bruste68.englishplayondevice.MainActivity#UserHandle{0}
06-19 15:59:26.387  4116  5846 I HoneySpace.HoneySpacePackageSourceImpl: Package added : com.bruste68.englishplayondevice.play
06-19 15:59:26.388  4116  4116 I HoneySpace.WorkspaceViewModel: Package added : com.bruste68.englishplayondevice.play/com.bruste68.englishplayondevice.MainActivity#UserHandle{0}
06-19 15:59:26.389  4116  4116 I HoneySpace.ApplistViewModel: Package added : com.bruste68.englishplayondevice.play/com.bruste68.englishplayondevice.MainActivity#UserHandle{0}
06-19 15:59:26.389  4116  4116 I HoneySpace.HotseatSharedViewModel: updateCurrentDirtyPackage, displayType: 5 packageName: com.bruste68.englishplayondevice.play
06-19 15:59:26.395  4116  6904 I AppIconSolution: getThemeIconWithBG called with public API, pkg = com.bruste68.englishplayondevice.play, mode = 48
06-19 15:59:26.395  4116  6904 I AppIconSolution: return adaptive icon for com.bruste68.englishplayondevice.play, isNight = false
06-19 15:59:26.395  4116  6904 I LauncherActivityInfo: packageName: com.bruste68.englishplayondevice.play, useThemeIcon: false, height: 288, width: 288, density: 640
06-19 15:59:26.399  4116  6905 I HoneySpace.IconCache: add icon DB: [com.bruste68.englishplayondevice.play/com.bruste68.englishplayondevice.MainActivity#UserHandle{0}] - IconAndLabel(icon=android.graphics.Bitmap@454f480, label=englishplay-ondevice (Play)) | false | 640 | false
06-19 15:59:26.402  4116  4116 I HoneySpace.DataCache: insertItem : id=62080, title=englishplay-ondevice (Play), type=APP, containerType=ITEM_GROUP, containerId=37, x=-1, y=-1, rank=2147483647, component=com.bruste68.englishplayondevice.play/com.bruste68.englishplayondevice.MainActivity, profileId=0, intent=null, restored=0, hidden=UNHIDDEN
06-19 15:59:26.402  4116  4116 I HoneySpace.DataCache: updateItem : id=62080, title=englishplay-ondevice (Play), type=APP, containerType=ITEM_GROUP, containerId=37, x=-1, y=-1, rank=2147483647, component=com.bruste68.englishplayondevice.play/com.bruste68.englishplayondevice.MainActivity, profileId=0, intent=null, restored=0, hidden=UNHIDDEN
06-19 15:59:26.419 14110 14135 W lesecurity.soda: ApkAssets: Deleting an ApkAssets object '<empty> and /data/app/~~dV9zonWjho18V0Hr0EL34g==/com.bruste68.englishplayondevice.play-ILuDfzhHvOsKZVQv9WedUg==/base.apk' with 1 weak references
06-19 15:59:26.491 23752  6902 I GOS:GameIntentService: onPackageChanged(). extras: Bundle[{changeType=0, manifestCategory=-1, userId=0, pkgName=com.bruste68.englishplayondevice.play, type=15, packageName=com.bruste68.englishplayondevice.play, categoryOverride=-1}]
06-19 15:59:26.491 23752  6902 I GOS:GameIntentService: onPackageChanged(). changeType(INSTALLED), pkgName(com.bruste68.englishplayondevice.play), UserHandle(0), userId(0), Installed(true)
06-19 15:59:26.492 23752  6902 I GOS:GameIntentService: onPkgInstalled(), appInfoCategory: -1, packageName: com.bruste68.englishplayondevice.play
06-19 15:59:26.582  2603  2731 D MetaDataCollector: onReceive: done pkgName=com.bruste68.englishplayondevice.play
06-19 15:59:26.734  4116  4116 I HoneySpace.PackageOperationTracker: onPackageChanged - com.bruste68.englishplayondevice.play UserHandle{0}
06-19 15:59:26.734  4116  4116 I HoneySpace.FilteredItemProvider[RemovedItems]: onPackageChanged: com.bruste68.englishplayondevice.play / UserHandle{0}
06-19 15:59:26.734  4116  4116 I HoneySpace.FilteredItemProvider[RemovedItems]: onPackagesSuspended : com.bruste68.englishplayondevice.play user : UserHandle{0}
06-19 15:59:26.734  2603  2731 D LauncherApps: onPackageChanged 0,com.bruste68.englishplayondevice.play
06-19 15:59:26.734  3779  4532 D LauncherApps: onPackageChanged 0,com.bruste68.englishplayondevice.play
06-19 15:59:26.735  4116  6904 I HoneySpace.IconCache: remove icon cache & DB : com.bruste68.englishplayondevice.play UserHandle{0}
06-19 15:59:26.736  6481  8869 I SAMSUNGWALLET: [Hint_SimpleHintProcessMonitor] package changed : com.bruste68.englishplayondevice.play , execute : true
06-19 15:59:26.738 19978 19993 D LauncherApps: onPackageChanged 0,com.bruste68.englishplayondevice.play
06-19 15:59:26.739  4116  6904 I AppIconSolution: getThemeIconWithBG called with public API, pkg = com.bruste68.englishplayondevice.play, mode = 48
06-19 15:59:26.739  4116  6904 I AppIconSolution: return adaptive icon for com.bruste68.englishplayondevice.play, isNight = false
06-19 15:59:26.739  4116  6904 I LauncherActivityInfo: packageName: com.bruste68.englishplayondevice.play, useThemeIcon: false, height: 288, width: 288, density: 640
06-19 15:59:26.741  4116  6905 I HoneySpace.IconCache: add icon DB: [com.bruste68.englishplayondevice.play/com.bruste68.englishplayondevice.MainActivity#UserHandle{0}] - IconAndLabel(icon=android.graphics.Bitmap@cc25a86, label=englishplay-ondevice (Play)) | false | 640 | false
06-19 15:59:26.741  4116 25683 I HoneySpace.HoneySpacePackageSourceImpl: Package changed : com.bruste68.englishplayondevice.play
06-19 15:59:26.742  4116 24558 I SearchableManager: invalidate: com.bruste68.englishplayondevice.play
06-19 15:59:26.744  4116  4116 I HoneySpace.HoneySpaceManagerContainer: refreshHoneyPlugin, packageName: com.bruste68.englishplayondevice.play
06-19 15:59:26.745  4116  4116 I HoneySpace.HotseatSharedViewModel: updateCurrentDirtyPackage, displayType: 5 packageName: com.bruste68.englishplayondevice.play
06-19 15:59:27.052 22647 22687 I AppClassifier: Category not present in BloomFilter, Checking in Manifest:- com.bruste68.englishplayondevice.play
06-19 15:59:27.052 22647 22687 I AppClassifier: Category not found in BF and Manifest for pkg :- com.bruste68.englishplayondevice.play
06-19 15:59:27.054 22647 22687 I SCS@AiSearch user 0: (IndexManager) [UPDATE] index=com.samsung.android.apps, size=1, documents=[com.bruste68.englishplayondevice.play@0@com.bruste68.englishplayondevice.MainActivity]
06-19 15:59:27.143  4116  5538 I SearchEngineAppSuggestion: package changed: com.bruste68.englishplayondevice.play
06-19 15:59:27.615  4116  6903 I SearchableManager: invalidate: com.bruste68.englishplayondevice.play
06-19 15:59:27.832  4882  4889 W .gms.persistent: ApkAssets: Deleting an ApkAssets object '<empty> and /data/app/~~dV9zonWjho18V0Hr0EL34g==/com.bruste68.englishplayondevice.play-ILuDfzhHvOsKZVQv9WedUg==/base.apk' with 1 weak references
06-19 15:59:29.264  2603  3634 I Pageboost: start alp : com.bruste68.englishplayondevice.play
06-19 15:59:29.265  2603  3637 I Pageboost: alp for : com.bruste68.englishplayondevice.play , 0
06-19 15:59:29.266  4505  7030 E pageboostd: alp start : app combruste68englishplayondeviceplay
06-19 15:59:29.278  4505  7030 E pageboostd: combruste68englishplayondeviceplay, amt 30584744 scnt 2 fcnt 0
06-19 15:59:29.278  4505  7030 E pageboostd: combruste68englishplayondeviceplay, amt 0 scnt 0 fcnt 0
06-19 15:59:29.278  4505  7030 E pageboostd: alp end : app combruste68englishplayondeviceplay data_amount 30584744
06-19 15:59:29.325  2603  2718 I ChimeraSystemEventListener: appLaunchIntent package name is: com.bruste68.englishplayondevice.play
06-19 15:59:29.325  2603  4326 I Pageboost: onAppLaunch : com.bruste68.englishplayondevice.play
06-19 15:59:29.325  2603  3637 I Pageboost: Record App IO : com.bruste68.englishplayondevice.play pid 0
06-19 15:59:29.333  2603  4326 V WindowManager: Collecting in transition 2926: ActivityRecord{5d71642 u0 com.bruste68.englishplayondevice.play/com.bruste68.englishplayondevice.MainActivity, caller=com.android.server.wm.Transition.collect:753 com.android.server.wm.TransitionController.collect:975 com.android.server.wm.ActivityStarter.startActivityUnchecked:2407 com.android.server.wm.ActivityStarter.executeRequest:1959 com.android.server.wm.ActivityStarter.execute:1075 
06-19 15:59:29.333  2603  4326 D ActivityTaskManager: TaskLaunchParamsModifier:task=null activity=ActivityRecord{5d71642 u0 com.bruste68.englishplayondevice.play/com.bruste68.englishplayondevice.MainActivity t-1} display-from-option=0 display-id=0 task-display-area-windowing-mode=1 suggested-display-area=DefaultTaskDisplayArea_d0@11399115
06-19 15:59:29.334  2603  4326 D ActivityTaskManager: TaskLaunchParamsModifier:task=null activity=ActivityRecord{5d71642 u0 com.bruste68.englishplayondevice.play/com.bruste68.englishplayondevice.MainActivity t-1} display-from-option=0 display-id=0 task-display-area-windowing-mode=1 suggested-display-area=DefaultTaskDisplayArea_d0@11399115 inherit-from-source=fullscreen non-freeform-task-display-area display-area=DefaultTaskDisplayArea_d0@11399115 activity-requested-portrait freeform-size-mismatch=Rect(249, 617 - 656, 1659)
06-19 15:59:29.338  2603  4326 D ActivityTaskManager: TaskLaunchParamsModifier:task=Task{63beb90 #91003 type=standard A=10689:com.bruste68.englishplayondevice.play} activity=ActivityRecord{5d71642 u0 com.bruste68.englishplayondevice.play/com.bruste68.englishplayondevice.MainActivity t-1} display-from-option=0 display-id=0 task-display-area-windowing-mode=1 suggested-display-area=DefaultTaskDisplayArea_d0@11399115 inherit-from-source=fullscreen non-freeform-task-display-area display-area=DefaultTaskDisplayArea_d0@11399115 activity-requested-portrait freeform-size-mismatch=Rect(249, 617 - 656, 1659)
06-19 15:59:29.339  2603  4326 V WindowManager: Collecting in transition 2926: Task{63beb90 #91003 type=standard A=10689:com.bruste68.englishplayondevice.play}, caller=com.android.server.wm.Transition.collect:753 com.android.server.wm.Transition.collectExistenceChange:936 com.android.server.wm.TransitionController.collectExistenceChange:1025 com.android.server.wm.ActivityStarter.setNewTask:4833 com.android.server.wm.ActivityStarter.startActivityInner:3041 
06-19 15:59:29.339  1892  1996 I SurfaceFlinger: id=51659 createSurf, flag=84004, ActivityRecord{5d71642 u0 com.bruste68.englishplayondevice.play/com.bruste68.englishplayondevice.MainActivity t91003}#51659
06-19 15:59:29.342  2603  4326 D ActivityTaskManager: Add starting ActivityRecord{5d71642 u0 com.bruste68.englishplayondevice.play/com.bruste68.englishplayondevice.MainActivity t91003}: typeParam=139 startingData=com.android.server.wm.SplashScreenStartingData@5af74af
