06-19 15:59:41.082  2603  3239 D SGM:FgCheckThread:   sendRunningComponentFocus(), pkgName: com.bruste68.englishplayondevice.play, userId: 0
06-19 15:59:41.082  2603  3236 D SGM:FgCheckThread: onLooperPrepared(), msg: MSG_TASK_FOCUSED, pkgName: com.bruste68.englishplayondevice.play, userId: 0
06-19 15:59:41.082  2603  3236 D SGM:FgCheckThread:   handleTaskFocused(), pkgName: com.bruste68.englishplayondevice.play, userID:0
06-19 15:59:41.082  2603  3236 D SGM:FgCheckThread:   handleResume(). pkgName: com.bruste68.englishplayondevice.play, userId: 0, isTunableApp: null
06-19 15:59:41.082  2603  3236 D SGM:FgCheckThread: notifyFocusInOut(). of pkg: com.bruste68.englishplayondevice.play, type: 4, isTunableApp: false, userId: 0
06-19 15:59:41.083  2603  3239 D ActivityTaskManager: scheduleTopResumedActivityChanged, onTop=true, r=ActivityRecord{7a5031c u0 com.bruste68.englishplayondevice.play/com.bruste68.englishplayondevice.MainActivity t91004}, caller=com.android.server.wm.ActivityTaskSupervisor.scheduleTopResumedActivityStateIfNeeded:2904 com.android.server.wm.ActivityTaskSupervisor.updateTopResumedActivityIfNeeded:2896 com.android.server.wm.TaskFragment.setResumedActivity:580 com.android.server.wm.TaskFragment.onActivityStateChanged:904 com.android.server.wm.ActivityRecord.setState:6892 com.android.server.wm.Task.minimalResumeActivityLocked:6255 
06-19 15:59:41.083  7206  7206 V GraphicsEnvironment: ANGLE GameManagerService for com.bruste68.englishplayondevice.play: false
06-19 15:59:41.083  7206  7206 V GraphicsEnvironment: com.bruste68.englishplayondevice.play is not listed in per-application setting
06-19 15:59:41.083  2603  3239 V WindowManager: Collecting in transition 2928: ActivityRecord{7a5031c u0 com.bruste68.englishplayondevice.play/com.bruste68.englishplayondevice.MainActivity t91004}, caller=com.android.server.wm.Transition.collect:753 com.android.server.wm.TransitionController.collect:975 com.android.server.wm.ActivityRecord.setVisibility:6429 com.android.server.wm.ActivityRecord.setVisibility:6381 com.android.server.wm.ActivityRecord.completeResumeLocked:7499 
06-19 15:59:41.084  2603  3239 D WindowManagerServiceExt: notifyOccludeChangeNotice: cn=ComponentInfo{com.bruste68.englishplayondevice.play/com.bruste68.englishplayondevice.MainActivity} occludesParent=true isInSplitScreenMode=false styleFloating=false caller=com.android.server.wm.ActivityRecord.completeResumeLocked:7556 com.android.server.wm.Task.minimalResumeActivityLocked:6256 com.android.server.wm.ActivityTaskSupervisor.realStartActivityLocked:1187 com.android.server.wm.ActivityTaskSupervisor.startSpecificActivity:1296 com.android.server.wm.TaskFragment.resumeTopActivity:1895 
06-19 15:59:41.087  2603  3239 D WindowManager: SyncGroup 2928:  Unfinished container: Task{f8d3508 #91004 type=standard A=10689:com.bruste68.englishplayondevice.play} mSyncState=2
06-19 15:59:41.087  2603  2633 V WindowManager: Relayout Window{1c4c89e u0 Splash Screen com.bruste68.englishplayondevice.play}: viewVisibility=0 req=904x2316 ty=3 d0
06-19 15:59:41.087  1892  2502 I SurfaceFlinger: id=51696 createSurf, flag=44004, Splash Screen com.bruste68.englishplayondevice.play$_3779#51696
06-19 15:59:41.088  4116  4229 I HoneySpace.TopTaskUseCase: topTasks 91004 ComponentInfo{com.bruste68.englishplayondevice.play/com.bruste68.englishplayondevice.MainActivity}
06-19 15:59:41.088  2603  2633 D WindowManager: makeSurface duration=2 name=Splash Screen com.bruste68.englishplayondevice.play$_3779
06-19 15:59:41.089  2603  2633 D WindowManager: SyncGroup 2928:  Unfinished container: Task{f8d3508 #91004 type=standard A=10689:com.bruste68.englishplayondevice.play} mSyncState=2
06-19 15:59:41.090  2603  5358 D CoreBackPreview: Window{1c4c89e u0 Splash Screen com.bruste68.englishplayondevice.play}: Setting back callback OnBackInvokedCallbackInfo{mCallback=android.window.IOnBackInvokedCallback$Stub$Proxy@d6ecb02, mPriority=0, mIsAnimationCallback=false}
06-19 15:59:41.100  2603  5946 D WindowManager: finishDrawingWindow: Window{1c4c89e u0 Splash Screen com.bruste68.englishplayondevice.play} mDrawState=DRAW_PENDING seqId=0
06-19 15:59:41.100  2603  5946 V WindowManager: Finishing drawing window Window{1c4c89e u0 Splash Screen com.bruste68.englishplayondevice.play}: mDrawState=DRAW_PENDING
06-19 15:59:41.100  2603  5946 V WindowManager: Draw state now committed in Window{1c4c89e u0 Splash Screen com.bruste68.englishplayondevice.play}
06-19 15:59:41.102  7206  7206 W SoLoader: Recording new base apk path: /data/app/~~dV9zonWjho18V0Hr0EL34g==/com.bruste68.englishplayondevice.play-ILuDfzhHvOsKZVQv9WedUg==/base.apk
06-19 15:59:41.102  2603  2719 V WindowManager: performShowLocked: mDrawState=HAS_DRAWN in Window{1c4c89e u0 Splash Screen com.bruste68.englishplayondevice.play}
06-19 15:59:41.102  2603  2719 V WindowManager: Start calculating TransitionInfo based on participants: {ActivityRecord{5317feb u0 com.sec.android.app.launcher/.activities.LauncherActivity t90694}, ActivityRecord{7a5031c u0 com.bruste68.englishplayondevice.play/com.bruste68.englishplayondevice.MainActivity t91004}, WallpaperWindowToken{cc03b4b token=android.os.Binder@defe41a}, Task{f8d3508 #91004 type=standard A=10689:com.bruste68.englishplayondevice.play}}
06-19 15:59:41.102  2603  2719 V WindowManager:   Final targets: [Task{f8d3508 #91004 type=standard A=10689:com.bruste68.englishplayondevice.play}, Task{4a84f50 #1 type=home}]
06-19 15:59:41.106  2603  2719 I SurfaceControl: show, t=StartTransaction_SyncId<2928>, sc=Surface(name=ActivityRecord{7a5031c u0 com.bruste68.englishplayondevice.play/com.bruste68.englishplayondevice.MainActivity t91004})/@0xfe7d467, caller=com.android.server.wm.Transition.onTransactionReady:2012 com.android.server.wm.BLASTSyncEngine$SyncGroup.finishNow:321 com.android.server.wm.BLASTSyncEngine$SyncGroup.tryFinish:242 com.android.server.wm.BLASTSyncEngine$SyncGroup.-$$Nest$mtryFinish:0 com.android.server.wm.BLASTSyncEngine.onSurfacePlacement:685 com.android.server.wm.RootWindowContainer.performSurfacePlacementNoTrace:993 
06-19 15:59:41.106  2603  2719 V WindowManager:         {WCT{RemoteToken{d6c2b80 Task{f8d3508 #91004 type=standard A=10689:com.bruste68.englishplayondevice.play}}} m=OPEN f=NONE leash=Surface(name=Task=91004)/@0x6e62abd sb=Rect(0, 0 - 904, 2316) eb=Rect(0, 0 - 904, 2316) d=0 dim=true inset=Rect(0, 87 - 0, 126)},
06-19 15:59:41.107  1892  2502 I SurfaceFlinger: id=51698 createSurf, flag=84000, 2e2c169 ActivityRecordInputSink com.bruste68.englishplayondevice.play/com.bruste68.englishplayondevice.MainActivity#51698
06-19 15:59:41.107  2603  2715 V WindowManager: Sent Transition #2928 createdAt=06-19 15:59:41.051 via request=TransitionRequestInfo { type = OPEN, triggerTask = TaskInfo{userId=0 taskId=91004 displayId=0 isRunning=true baseIntent=Intent { act=android.intent.action.MAIN cat=[android.intent.category.LAUNCHER] flg=0x10200000 cmp=com.bruste68.englishplayondevice.play/com.bruste68.englishplayondevice.MainActivity } baseActivity=ComponentInfo{com.bruste68.englishplayondevice.play/com.bruste68.englishplayondevice.MainActivity} topActivity=ComponentInfo{com.bruste68.englishplayondevice.play/com.bruste68.englishplayondevice.MainActivity} origActivity=null realActivity=ComponentInfo{com.bruste68.englishplayondevice.play/com.bruste68.englishplayondevice.MainActivity} numActivities=1 lastActiveTime=619632236 supportsMultiWindow=true resizeMode=1 isResizeable=true minWidth=-1 minHeight=-1 maxWidth=-1 maxHeight=-1 defaultMinSize=220 token=WCT{RemoteToken{d6c2b80 Task{f8d3508 #91004 type=standard A=10689:com.bruste68.englishplayondevice.play}}} topActivityType=1 pictureInPictureParams=null shouldDockBigOverlays=false launchIntoPipHostTaskId=-1 lastParentTaskIdBeforePip=-1 displayCutoutSafeInsets=Rect(0, 87 - 0, 0) topActivityInfo=ActivityInfo{1f0e95f com.bruste68.englishplayondevice.MainActivity} launchCookies=[android.os.BinderProxy@9287fac] positionInParent=Point(0, 0) parentTaskId=-1 isFocused=false isVisible=false isVisibleRequested=false isSleeping=false topActivityInSizeCompat=false topActivityEligibleForLetterboxEducation= false topActivityLetterboxed= false isFromDoubleTap= false topActivityLetterboxVerticalPosition= -1 topActivityLetterboxHorizontalPosition= -1 topActivityLetterboxWidth=-1 topActivityLetterboxHeight=-1 locusId=null displayAreaFeatureId=1 cameraCompatControlState=hidden originallySupportedMultiWindow=true hasWallpaper=false topActivityInFixedAspectRatio=false rootAffinity=10689:com.bruste68.englishplayondevice.play topActivityInDisplayCompat=false topActivityInBoundsCompat=false topActivityBounds=null singleTapFromLetterbox=false isTopTaskInStage=false topActivityUiMode=17 CoverLauncherWidgetTask=false CoverScreenTask=false isAllowedSeamlessRotation=false isTopTransparentActivity=false hasPopOver=false}, remoteTransition = RemoteTransition { remoteTransition = android.window.IRemoteTransition$Stub$Proxy@51dec0a, appThread = android.app.IApplicationThread$Stub$Proxy@564bc7b, debugName = QuickstepLaunch }, displayChange = null }
06-19 15:59:41.108  2603  2715 V WindowManager:         {WCT{RemoteToken{d6c2b80 Task{f8d3508 #91004 type=standard A=10689:com.bruste68.englishplayondevice.play}}} m=OPEN f=NONE leash=Surface(name=Task=91004)/@0x6e62abd sb=Rect(0, 0 - 904, 2316) eb=Rect(0, 0 - 904, 2316) d=0 dim=true inset=Rect(0, 87 - 0, 126)},
06-19 15:59:41.115  2603  5353 D SGM:GameManager: identifyForegroundApp. com.bruste68.englishplayondevice.play, mCurrentUserId: 0, callerUserId: 0
06-19 15:59:41.115  2603  5353 D SGM:PkgDataHelper: getGamePkgData(). com.bruste68.englishplayondevice.play
06-19 15:59:41.116  6481  8700 I SAMSUNGWALLET: [Hint_SimpleHintProcessMonitor] isHomePackageRunning topPkgName = com.bruste68.englishplayondevice.play, topClsName = com.bruste68.englishplayondevice.MainActivity, return false , se : false
06-19 15:59:41.118  1892  1892 I Layer   : Layer [1c4c89e Splash Screen com.bruste68.englishplayondevice.play#51695] hidden!! flag(0)
06-19 15:59:41.118  1892  1892 I Layer   : Layer [Splash Screen com.bruste68.englishplayondevice.play$_3779#51696] hidden!! flag(0)
06-19 15:59:41.118  1892  1892 I Layer   : Layer [ActivityRecord{7a5031c u0 com.bruste68.englishplayondevice.play/com.bruste68.englishplayondevice.MainActivity t91004}#51694] hidden!! flag(0)
06-19 15:59:41.120  4116  4116 I AppIconSolution: getThemeIconWithBG called with public API, pkg = com.bruste68.englishplayondevice.play, mode = 48
06-19 15:59:41.120  4116  4116 I AppIconSolution: return adaptive icon for com.bruste68.englishplayondevice.play, isNight = false
06-19 15:59:41.120  4116  4116 I LauncherActivityInfo: packageName: com.bruste68.englishplayondevice.play, useThemeIcon: false, height: 288, width: 288, density: 640
06-19 15:59:41.122  2603  2718 D SGM:GameManager: identifyGamePackage. com.bruste68.englishplayondevice.play, mCurrentUserId: 0, callerUserId: 0, callingMethodInfo: com.samsung.android.game.SemGameManager.isGamePackage(SemGameManager.java:111)
06-19 15:59:41.122  2603  2718 D SGM:PkgDataHelper: getGamePkgData(). com.bruste68.englishplayondevice.play
06-19 15:59:41.122  2603  2718 D SGM:SemGameManager: isGamePackage(), pkgName=com.bruste68.englishplayondevice.play, ret=false
06-19 15:59:41.125  2603  2718 I GameSDK@LifeCycle: noteResumeComponent(): package name  : com.bruste68.englishplayondevice.play
06-19 15:59:41.126  2603  6396 D SGM:GameManager: identifyGamePackage. com.bruste68.englishplayondevice.play, mCurrentUserId: 0, callerUserId: 0, callingMethodInfo: com.samsung.android.game.IGameManagerService$Stub.onTransact(IGameManagerService.java:233)
06-19 15:59:41.126  2603  6396 D SGM:PkgDataHelper: getGamePkgData(). com.bruste68.englishplayondevice.play
06-19 15:59:41.126  4116  4116 I Edge.ActivityUtils: HomePackage : com.sec.android.app.launcher, resumePackageName : com.bruste68.englishplayondevice.play
06-19 15:59:41.127  2603  2718 D SGM:FgCheckThread: noteResumeComponent(), received pkgName: com.bruste68.englishplayondevice.play, userId: 0
06-19 15:59:41.127  2603  3236 D SGM:FgCheckThread: onLooperPrepared(), msg: MSG_APP_RESUME, pkgName: com.bruste68.englishplayondevice.play, userid: 0
06-19 15:59:41.127  2603  3236 D SGM:FgCheckThread:   handleResume(). pkgName: com.bruste68.englishplayondevice.play, userId: 0, isTunableApp: null
06-19 15:59:41.127  2603  3236 D SGM:FgCheckThread: notifyFocusInOut(). of pkg: com.bruste68.englishplayondevice.play, type: 4, isTunableApp: false, userId: 0
06-19 15:59:41.143  7206  7206 I Toast   : show: caller = com.bruste68.englishplayondevice.MainActivity.startDownload:62 
06-19 15:59:41.149  3779  3779 I AppIconSolution: return adaptive icon for com.bruste68.englishplayondevice.play, isNight = false
06-19 15:59:41.155  1892  1892 D SurfaceFlinger:      CLIENT | 0xb400006fb491f950 | 0100 | RGBA_8888    |    0.0  599.0  904.0 1503.0 |   56  902  221 1067 | Splash Screen com.bruste68.englishplayondevice.play$_3779#51696
06-19 15:59:41.166  1892  1995 I SurfaceFlinger: id=51704 createSurf, flag=84004, 23b2ca com.bruste68.englishplayondevice.play/com.bruste68.englishplayondevice.MainActivity#51704
06-19 15:59:41.167  7206  7206 I InsetsController: onStateChanged: host=com.bruste68.englishplayondevice.play/com.bruste68.englishplayondevice.MainActivity, from=android.view.ViewRootImpl.setView:1797, state=InsetsState: {mDisplayFrame=Rect(0, 0 - 904, 2316), mDisplayCutout=DisplayCutout{insets=Rect(0, 87 - 0, 0) waterfall=Insets{left=0, top=0, right=0, bottom=0} boundingRect={Bounds=[Rect(0, 0 - 0, 0), Rect(418, 0 - 486, 87), Rect(0, 0 - 0, 0), Rect(0, 0 - 0, 0)]} cutoutPathParserInfo={CutoutPathParserInfo{displayWidth=904 displayHeight=2316 physicalDisplayWidth=904 physicalDisplayHeight=2316 density={2.625} cutoutSpec={M 0,0 H -12.95238095238095 V 33.14285714285714 H 12.95238095238095 V 0 H 0 Z @dp} rotation={0} scale={1.0} physicalPixelDisplaySizeRatio={1.0}}}}, mRoundedCorners=RoundedCorners{[RoundedCorner{position=TopLeft, radius=53, center=Point(53, 53)}, RoundedCorner{position=TopRight, radius=53, center=Point(851, 53)}, RoundedCorner{position=BottomRight, radius=53, center=Point(851, 2263)}, RoundedCorner{position=BottomLeft, radius=53, center=Point(53, 2263)}]}  mRoundedCornerFrame=Rect(0, 0 - 904, 2316), mPrivacyIndicatorBounds=PrivacyIndicatorBounds {static bounds=Rect(788, 0 - 904, 87) rotation=0}, mDisplayShape=DisplayShape{ spec=-311912193 displayWidth=904 displayHeight=2316 physicalPixelDisplaySizeRatio=1.0 rotation=0 offsetX=0 offsetY=0 scale=1.0}, mSources= { InsetsSource: {cc250000 mType=statusBars mFrame=[0,0][904,87] mVisible=true mFlags=[]}, InsetsSource: {cc250005 mType=mandatorySystemGestures mFrame=[0,0][904,119] mVisible=true mFlags=[]}, InsetsSource: {cc250006 mType=tappableElement mFrame=[0,0][904,87] mVisible=true mFlags=[]}, InsetsSource: {eb2d0004 mType=systemGestures mFrame=[0,0][0,0] mVisible=false mFlags=[]}, InsetsSource: {eb2d0005 mType=mandatorySystemGestures mFrame=[0,0][0,0] mVisible=false mFlags=[]}, InsetsSource: {eb2d0006 mType=tappableElement mFrame=[0,0][0,0] mVisible=false mFlags=[]}, InsetsSource: {eb2d0024 mType=systemGestures mFrame=[0,0][0,0] mVisible=false mFlags=[]}, InsetsSource: {3 mType=ime mFrame=[0,0][0,0] mVisible=false mFlags=[]}, InsetsSource: {27 mType=displayCutout mFrame=[0,0][904,87] mVisible=true mFlags=[]}, InsetsSource: {53680001 mType=navigationBars mFrame=[0,2190][904,2316] mVisible=true mFlags=[]}, InsetsSource: {53680004 mType=systemGestures mFrame=[0,0][0,0] mVisible=true mFlags=[]}, InsetsSource: {53680005 mType=mandatorySystemGestures mFrame=[0,2190][904,2316] mVisible=true mFlags=[]}, InsetsSource: {53680006 mType=tappableElement mFrame=[0,2190][904,2316] mVisible=true mFlags=[]}, InsetsSource: {53680024 mType=systemGestures mFrame=[0,0][0,0] mVisible=true mFlags=[]} }
06-19 15:59:41.167  7206  7206 I IDS_TAG : Getting Shared Preference for com.bruste68.englishplayondevice.MainApplication@8578851 uid = 10689
06-19 15:59:41.168  7206  7206 I IDS_TAG : App com.bruste68.englishplayondevice.MainApplication@8578851 in NO_IDS list
06-19 15:59:41.173  2603  6396 D InsetsSourceProvider: updateControlForTarget: control=InsetsSourceControl: {53680001 mType=navigationBars initiallyVisible mSurfacePosition=Point(0, 2190) mInsetsHint=Insets{left=0, top=0, right=0, bottom=126}}, target=Window{1c4c89e u0 Splash Screen com.bruste68.englishplayondevice.play}, from=com.android.server.wm.InsetsStateController.onControlTargetChanged:363 com.android.server.wm.InsetsStateController.onBarControlTargetChanged:332 com.android.server.wm.InsetsPolicy.updateBarControlTarget:173 com.android.server.wm.InsetsPolicy.updateSystemBars:843 com.android.server.wm.DisplayPolicy.updateSystemBarsLw:3484 
06-19 15:59:41.174  2603  6396 D InsetsSourceProvider: updateControlForTarget: control=InsetsSourceControl: {eb2d0001 mType=navigationBars initiallyVisible mSurfacePosition=Point(0, 2190) mInsetsHint=Insets{left=0, top=0, right=0, bottom=126}}, target=Window{1c4c89e u0 Splash Screen com.bruste68.englishplayondevice.play}, from=com.android.server.wm.InsetsStateController.onControlTargetChanged:363 com.android.server.wm.InsetsStateController.onBarControlTargetChanged:332 com.android.server.wm.InsetsPolicy.updateBarControlTarget:173 com.android.server.wm.InsetsPolicy.updateSystemBars:843 com.android.server.wm.DisplayPolicy.updateSystemBarsLw:3484 
06-19 15:59:41.174  2603  6396 D InsetsSourceProvider: updateControlForTarget: control=InsetsSourceControl: {cc250000 mType=statusBars initiallyVisible mSurfacePosition=Point(0, 0) mInsetsHint=Insets{left=0, top=87, right=0, bottom=0}}, target=Window{1c4c89e u0 Splash Screen com.bruste68.englishplayondevice.play}, from=com.android.server.wm.InsetsStateController.onControlTargetChanged:363 com.android.server.wm.InsetsStateController.onBarControlTargetChanged:329 com.android.server.wm.InsetsPolicy.updateBarControlTarget:173 com.android.server.wm.InsetsPolicy.updateSystemBars:843 com.android.server.wm.DisplayPolicy.updateSystemBarsLw:3484 
06-19 15:59:41.175  2603  6396 D WindowManager: updateSystemBarAttributes: displayId=0, win=Window{1c4c89e u0 Splash Screen com.bruste68.englishplayondevice.play}, navColorWin=Window{1c4c89e u0 Splash Screen com.bruste68.englishplayondevice.play}, focusedCanBeNavColorWin=false, behavior=1, appearance=24, statusBarAppearanceRegions=[AppearanceRegion{LIGHT_STATUS_BARS bounds=[0,0][904,2316]}], requestedVisibilities=-9, from=com.android.server.wm.DisplayPolicy.finishPostLayoutPolicyLw:2339 com.android.server.wm.DisplayContent.applySurfaceChangesTransaction:6181 com.android.server.wm.RootWindowContainer.applySurfaceChangesTransaction:1183 
06-19 15:59:41.176  3779  3850 I InsetsSourceConsumer: applyRequestedVisibilityToControl: visible=true, type=navigationBars, host=Splash Screen com.bruste68.englishplayondevice.play
06-19 15:59:41.176  3779  3850 I InsetsSourceConsumer: applyRequestedVisibilityToControl: visible=true, type=statusBars, host=Splash Screen com.bruste68.englishplayondevice.play
06-19 15:59:41.177  7206  7206 D nativeloader: Load /data/app/~~dV9zonWjho18V0Hr0EL34g==/com.bruste68.englishplayondevice.play-ILuDfzhHvOsKZVQv9WedUg==/base.apk!/lib/arm64-v8a/libc++_shared.so using ns clns-6 from class loader (caller=/data/app/~~dV9zonWjho18V0Hr0EL34g==/com.bruste68.englishplayondevice.play-ILuDfzhHvOsKZVQv9WedUg==/base.apk): ok
06-19 15:59:41.184  7206  7206 D nativeloader: Load /data/app/~~dV9zonWjho18V0Hr0EL34g==/com.bruste68.englishplayondevice.play-ILuDfzhHvOsKZVQv9WedUg==/base.apk!/lib/arm64-v8a/libglog.so using ns clns-6 from class loader (caller=/data/app/~~dV9zonWjho18V0Hr0EL34g==/com.bruste68.englishplayondevice.play-ILuDfzhHvOsKZVQv9WedUg==/base.apk): ok
06-19 15:59:41.184  7206  7206 D nativeloader: Load /data/app/~~dV9zonWjho18V0Hr0EL34g==/com.bruste68.englishplayondevice.play-ILuDfzhHvOsKZVQv9WedUg==/base.apk!/lib/arm64-v8a/libfolly_runtime.so using ns clns-6 from class loader (caller=/data/app/~~dV9zonWjho18V0Hr0EL34g==/com.bruste68.englishplayondevice.play-ILuDfzhHvOsKZVQv9WedUg==/base.apk): ok
06-19 15:59:41.185  7206  7206 D nativeloader: Load /data/app/~~dV9zonWjho18V0Hr0EL34g==/com.bruste68.englishplayondevice.play-ILuDfzhHvOsKZVQv9WedUg==/base.apk!/lib/arm64-v8a/libjsi.so using ns clns-6 from class loader (caller=/data/app/~~dV9zonWjho18V0Hr0EL34g==/com.bruste68.englishplayondevice.play-ILuDfzhHvOsKZVQv9WedUg==/base.apk): ok
06-19 15:59:41.185  1892  1892 I Layer   : Layer [23b2ca com.bruste68.englishplayondevice.play/com.bruste68.englishplayondevice.MainActivity#51704] hidden!! flag(0)
06-19 15:59:41.186  3779  3779 D SamsungLightBarControlHelper: onStatusBarAppearanceChanged() -  sbModeChanged:false, statusBarMode:0, barState:MODE_TRANSPARENT, isKeyguardShowing:false, navbarColorManagedByIme:false, stackAppearanceChanged:true, (AppearanceRegion{LIGHT_STATUS_BARS bounds=[0,0][904,2316]}, ), packageName:com.bruste68.englishplayondevice.play
06-19 15:59:41.186  3779  3779 D NavigationBar: onSystemBarAttributesChanged() -  displayId:0, appearance:24, packageName: com.bruste68.englishplayondevice.play (APPEARANCE_LIGHT_STATUS_BARS APPEARANCE_LIGHT_NAVIGATION_BARS ), navbarColorManagedByIme:false
06-19 15:59:41.186  3779  3779 D SamsungLightBarControlHelper: updateNavigationBar (BLACK button) isLightOpaque:false, hasLightNavigationBarFlag:true, packageName:com.bruste68.englishplayondevice.play, DirectReplying:false, NavBarColorMangedByIme:false, ForceDarkForScrim:false, QsCustomizing:false, PanelHasWhiteBg:true
06-19 15:59:41.187  7206  7206 D nativeloader: Load /data/app/~~dV9zonWjho18V0Hr0EL34g==/com.bruste68.englishplayondevice.play-ILuDfzhHvOsKZVQv9WedUg==/base.apk!/lib/arm64-v8a/libfbjni.so using ns clns-6 from class loader (caller=/data/app/~~dV9zonWjho18V0Hr0EL34g==/com.bruste68.englishplayondevice.play-ILuDfzhHvOsKZVQv9WedUg==/base.apk): ok
06-19 15:59:41.188  7206  7206 D nativeloader: Load /data/app/~~dV9zonWjho18V0Hr0EL34g==/com.bruste68.englishplayondevice.play-ILuDfzhHvOsKZVQv9WedUg==/base.apk!/lib/arm64-v8a/libhermes.so using ns clns-6 from class loader (caller=/data/app/~~dV9zonWjho18V0Hr0EL34g==/com.bruste68.englishplayondevice.play-ILuDfzhHvOsKZVQv9WedUg==/base.apk): ok
06-19 15:59:41.188  3779  3779 D SamsungLightBarControlHelper: updateStatusBar (BLACK icon) numStacks:1, StatusBarMode:MODE_TRANSPARENT, lightBarBounds:[Rect(0, 0 - 904, 2316)], StatusBarState:SHADE, packageName:com.bruste68.englishplayondevice.play, isWhiteKeyguardStatusBar:false
06-19 15:59:41.203  7206  7206 D nativeloader: Load /data/app/~~dV9zonWjho18V0Hr0EL34g==/com.bruste68.englishplayondevice.play-ILuDfzhHvOsKZVQv9WedUg==/base.apk!/lib/arm64-v8a/libreact_debug.so using ns clns-6 from class loader (caller=/data/app/~~dV9zonWjho18V0Hr0EL34g==/com.bruste68.englishplayondevice.play-ILuDfzhHvOsKZVQv9WedUg==/base.apk): ok
06-19 15:59:41.205  7206  7206 D nativeloader: Load /data/app/~~dV9zonWjho18V0Hr0EL34g==/com.bruste68.englishplayondevice.play-ILuDfzhHvOsKZVQv9WedUg==/base.apk!/lib/arm64-v8a/libglog_init.so using ns clns-6 from class loader (caller=/data/app/~~dV9zonWjho18V0Hr0EL34g==/com.bruste68.englishplayondevice.play-ILuDfzhHvOsKZVQv9WedUg==/base.apk): ok
06-19 15:59:41.206  7206  7206 D nativeloader: Load /data/app/~~dV9zonWjho18V0Hr0EL34g==/com.bruste68.englishplayondevice.play-ILuDfzhHvOsKZVQv9WedUg==/base.apk!/lib/arm64-v8a/libreact_render_mapbuffer.so using ns clns-6 from class loader (caller=/data/app/~~dV9zonWjho18V0Hr0EL34g==/com.bruste68.englishplayondevice.play-ILuDfzhHvOsKZVQv9WedUg==/base.apk): ok
06-19 15:59:41.208  7206  7206 D nativeloader: Load /data/app/~~dV9zonWjho18V0Hr0EL34g==/com.bruste68.englishplayondevice.play-ILuDfzhHvOsKZVQv9WedUg==/base.apk!/lib/arm64-v8a/libreact_render_debug.so using ns clns-6 from class loader (caller=/data/app/~~dV9zonWjho18V0Hr0EL34g==/com.bruste68.englishplayondevice.play-ILuDfzhHvOsKZVQv9WedUg==/base.apk): ok
06-19 15:59:41.210  7206  7206 D nativeloader: Load /data/app/~~dV9zonWjho18V0Hr0EL34g==/com.bruste68.englishplayondevice.play-ILuDfzhHvOsKZVQv9WedUg==/base.apk!/lib/arm64-v8a/libreact_config.so using ns clns-6 from class loader (caller=/data/app/~~dV9zonWjho18V0Hr0EL34g==/com.bruste68.englishplayondevice.play-ILuDfzhHvOsKZVQv9WedUg==/base.apk): ok
06-19 15:59:41.213  7206  7206 D nativeloader: Load /data/app/~~dV9zonWjho18V0Hr0EL34g==/com.bruste68.englishplayondevice.play-ILuDfzhHvOsKZVQv9WedUg==/base.apk!/lib/arm64-v8a/libreact_utils.so using ns clns-6 from class loader (caller=/data/app/~~dV9zonWjho18V0Hr0EL34g==/com.bruste68.englishplayondevice.play-ILuDfzhHvOsKZVQv9WedUg==/base.apk): ok
06-19 15:59:41.215  7206  7206 D nativeloader: Load /data/app/~~dV9zonWjho18V0Hr0EL34g==/com.bruste68.englishplayondevice.play-ILuDfzhHvOsKZVQv9WedUg==/base.apk!/lib/arm64-v8a/liblogger.so using ns clns-6 from class loader (caller=/data/app/~~dV9zonWjho18V0Hr0EL34g==/com.bruste68.englishplayondevice.play-ILuDfzhHvOsKZVQv9WedUg==/base.apk): ok
06-19 15:59:41.220  7206  7206 D nativeloader: Load /data/app/~~dV9zonWjho18V0Hr0EL34g==/com.bruste68.englishplayondevice.play-ILuDfzhHvOsKZVQv9WedUg==/base.apk!/lib/arm64-v8a/libfb.so using ns clns-6 from class loader (caller=/data/app/~~dV9zonWjho18V0Hr0EL34g==/com.bruste68.englishplayondevice.play-ILuDfzhHvOsKZVQv9WedUg==/base.apk): ok
06-19 15:59:41.220  7206  7206 D nativeloader: Load /data/app/~~dV9zonWjho18V0Hr0EL34g==/com.bruste68.englishplayondevice.play-ILuDfzhHvOsKZVQv9WedUg==/base.apk!/lib/arm64-v8a/libreact_render_graphics.so using ns clns-6 from class loader (caller=/data/app/~~dV9zonWjho18V0Hr0EL34g==/com.bruste68.englishplayondevice.play-ILuDfzhHvOsKZVQv9WedUg==/base.apk): ok
06-19 15:59:41.221  7206  7206 D nativeloader: Load /data/app/~~dV9zonWjho18V0Hr0EL34g==/com.bruste68.englishplayondevice.play-ILuDfzhHvOsKZVQv9WedUg==/base.apk!/lib/arm64-v8a/libreact_render_core.so using ns clns-6 from class loader (caller=/data/app/~~dV9zonWjho18V0Hr0EL34g==/com.bruste68.englishplayondevice.play-ILuDfzhHvOsKZVQv9WedUg==/base.apk): ok
06-19 15:59:41.223  7206  7206 D nativeloader: Load /data/app/~~dV9zonWjho18V0Hr0EL34g==/com.bruste68.englishplayondevice.play-ILuDfzhHvOsKZVQv9WedUg==/base.apk!/lib/arm64-v8a/libruntimeexecutor.so using ns clns-6 from class loader (caller=/data/app/~~dV9zonWjho18V0Hr0EL34g==/com.bruste68.englishplayondevice.play-ILuDfzhHvOsKZVQv9WedUg==/base.apk): ok
06-19 15:59:41.224  7206  7206 D nativeloader: Load /data/app/~~dV9zonWjho18V0Hr0EL34g==/com.bruste68.englishplayondevice.play-ILuDfzhHvOsKZVQv9WedUg==/base.apk!/lib/arm64-v8a/libreact_render_runtimescheduler.so using ns clns-6 from class loader (caller=/data/app/~~dV9zonWjho18V0Hr0EL34g==/com.bruste68.englishplayondevice.play-ILuDfzhHvOsKZVQv9WedUg==/base.apk): ok
06-19 15:59:41.226  7206  7206 D nativeloader: Load /data/app/~~dV9zonWjho18V0Hr0EL34g==/com.bruste68.englishplayondevice.play-ILuDfzhHvOsKZVQv9WedUg==/base.apk!/lib/arm64-v8a/libjsinspector.so using ns clns-6 from class loader (caller=/data/app/~~dV9zonWjho18V0Hr0EL34g==/com.bruste68.englishplayondevice.play-ILuDfzhHvOsKZVQv9WedUg==/base.apk): ok
06-19 15:59:41.228  7206  7206 D nativeloader: Load /data/app/~~dV9zonWjho18V0Hr0EL34g==/com.bruste68.englishplayondevice.play-ILuDfzhHvOsKZVQv9WedUg==/base.apk!/lib/arm64-v8a/libyoga.so using ns clns-6 from class loader (caller=/data/app/~~dV9zonWjho18V0Hr0EL34g==/com.bruste68.englishplayondevice.play-ILuDfzhHvOsKZVQv9WedUg==/base.apk): ok
06-19 15:59:41.234  7206  7206 D nativeloader: Load /data/app/~~dV9zonWjho18V0Hr0EL34g==/com.bruste68.englishplayondevice.play-ILuDfzhHvOsKZVQv9WedUg==/base.apk!/lib/arm64-v8a/libreactperfloggerjni.so using ns clns-6 from class loader (caller=/data/app/~~dV9zonWjho18V0Hr0EL34g==/com.bruste68.englishplayondevice.play-ILuDfzhHvOsKZVQv9WedUg==/base.apk): ok
06-19 15:59:41.235  7206  7206 D nativeloader: Load /data/app/~~dV9zonWjho18V0Hr0EL34g==/com.bruste68.englishplayondevice.play-ILuDfzhHvOsKZVQv9WedUg==/base.apk!/lib/arm64-v8a/libreactnativejni.so using ns clns-6 from class loader (caller=/data/app/~~dV9zonWjho18V0Hr0EL34g==/com.bruste68.englishplayondevice.play-ILuDfzhHvOsKZVQv9WedUg==/base.apk): ok
06-19 15:59:41.236  7206  7206 D nativeloader: Load /data/app/~~dV9zonWjho18V0Hr0EL34g==/com.bruste68.englishplayondevice.play-ILuDfzhHvOsKZVQv9WedUg==/base.apk!/lib/arm64-v8a/libhermes_executor.so using ns clns-6 from class loader (caller=/data/app/~~dV9zonWjho18V0Hr0EL34g==/com.bruste68.englishplayondevice.play-ILuDfzhHvOsKZVQv9WedUg==/base.apk): ok
06-19 15:59:41.237  2603  3468 D MdnieScenarioControlService:  packageName : com.bruste68.englishplayondevice.play    className : com.bruste68.englishplayondevice.MainActivity
06-19 15:59:41.238  1892  1892 D SurfaceFlinger:      CLIENT | 0xb400006fb491f950 | 0100 | RGBA_8888    |    0.0    0.0  904.0 2316.0 |   23  323  625 1866 | Splash Screen com.bruste68.englishplayondevice.play$_3779#51696
06-19 15:59:41.239  7206  7206 I IDS_TAG : Getting Shared Preference for com.bruste68.englishplayondevice.MainApplication@8578851 uid = 10689
06-19 15:59:41.240  2603  6396 D CoreBackPreview: Window{23b2ca u0 com.bruste68.englishplayondevice.play/com.bruste68.englishplayondevice.MainActivity}: Setting back callback OnBackInvokedCallbackInfo{mCallback=android.window.IOnBackInvokedCallback$Stub$Proxy@62ed0d3, mPriority=0, mIsAnimationCallback=false}
06-19 15:59:41.240  2603  6396 V WindowManager: Relayout Window{23b2ca u0 com.bruste68.englishplayondevice.play/com.bruste68.englishplayondevice.MainActivity}: viewVisibility=0 req=904x2316 ty=1 d0
06-19 15:59:41.240  1892  1995 I SurfaceFlinger: id=51710 createSurf, flag=44004, com.bruste68.englishplayondevice.play/com.bruste68.englishplayondevice.MainActivity$_7206#51710
06-19 15:59:41.241  2603  6396 D WindowManager: makeSurface duration=1 name=com.bruste68.englishplayondevice.play/com.bruste68.englishplayondevice.MainActivity$_7206
06-19 15:59:41.242  2603  6396 V WindowManager: Changing focus from null to Window{23b2ca u0 com.bruste68.englishplayondevice.play/com.bruste68.englishplayondevice.MainActivity} displayId=0 Callers=com.android.server.wm.RootWindowContainer.updateFocusedWindowLocked:581 com.android.server.wm.WindowManagerService.updateFocusedWindowLocked:6910 com.android.server.wm.WindowManagerService.relayoutWindow:2777 com.android.server.wm.Session.relayout:282 
06-19 15:59:41.243  7206  7250 D nativeloader: Load /data/app/~~dV9zonWjho18V0Hr0EL34g==/com.bruste68.englishplayondevice.play-ILuDfzhHvOsKZVQv9WedUg==/base.apk!/lib/arm64-v8a/libexpo-av.so using ns clns-6 from class loader (caller=/data/app/~~dV9zonWjho18V0Hr0EL34g==/com.bruste68.englishplayondevice.play-ILuDfzhHvOsKZVQv9WedUg==/base.apk): ok
06-19 15:59:41.243  2603  6396 D InsetsSourceProvider: updateControlForTarget: control=InsetsSourceControl: {53680001 mType=navigationBars initiallyVisible mSurfacePosition=Point(0, 2190) mInsetsHint=Insets{left=0, top=0, right=0, bottom=126}}, target=Window{23b2ca u0 com.bruste68.englishplayondevice.play/com.bruste68.englishplayondevice.MainActivity}, from=com.android.server.wm.InsetsStateController.onControlTargetChanged:363 com.android.server.wm.InsetsStateController.onBarControlTargetChanged:332 com.android.server.wm.InsetsPolicy.updateBarControlTarget:173 com.android.server.wm.InsetsPolicy.updateSystemBars:843 com.android.server.wm.DisplayPolicy.updateSystemBarsLw:3484 
06-19 15:59:41.244  2603  6396 D InsetsSourceProvider: updateControlForTarget: control=InsetsSourceControl: {eb2d0001 mType=navigationBars initiallyVisible mSurfacePosition=Point(0, 2190) mInsetsHint=Insets{left=0, top=0, right=0, bottom=126}}, target=Window{23b2ca u0 com.bruste68.englishplayondevice.play/com.bruste68.englishplayondevice.MainActivity}, from=com.android.server.wm.InsetsStateController.onControlTargetChanged:363 com.android.server.wm.InsetsStateController.onBarControlTargetChanged:332 com.android.server.wm.InsetsPolicy.updateBarControlTarget:173 com.android.server.wm.InsetsPolicy.updateSystemBars:843 com.android.server.wm.DisplayPolicy.updateSystemBarsLw:3484 
06-19 15:59:41.244  2603  6396 D InsetsSourceProvider: updateControlForTarget: control=InsetsSourceControl: {cc250000 mType=statusBars initiallyVisible mSurfacePosition=Point(0, 0) mInsetsHint=Insets{left=0, top=87, right=0, bottom=0}}, target=Window{23b2ca u0 com.bruste68.englishplayondevice.play/com.bruste68.englishplayondevice.MainActivity}, from=com.android.server.wm.InsetsStateController.onControlTargetChanged:363 com.android.server.wm.InsetsStateController.onBarControlTargetChanged:329 com.android.server.wm.InsetsPolicy.updateBarControlTarget:173 com.android.server.wm.InsetsPolicy.updateSystemBars:843 com.android.server.wm.DisplayPolicy.updateSystemBarsLw:3484 
06-19 15:59:41.245  2603  6396 D WindowManager: updateSystemBarAttributes: displayId=0, win=Window{23b2ca u0 com.bruste68.englishplayondevice.play/com.bruste68.englishplayondevice.MainActivity}, navColorWin=Window{1c4c89e u0 Splash Screen com.bruste68.englishplayondevice.play}, focusedCanBeNavColorWin=false, behavior=1, appearance=16, statusBarAppearanceRegions=[AppearanceRegion{LIGHT_STATUS_BARS bounds=[0,0][904,2316]}], requestedVisibilities=-9, from=com.android.server.wm.DisplayPolicy.focusChangedLw:2988 com.android.server.wm.DisplayContent.updateFocusedWindowLocked:4900 com.android.server.wm.RootWindowContainer.updateFocusedWindowLocked:581 
06-19 15:59:41.245  2603  6396 V SystemKeyManager: updateFocusedWindow() is called, com.bruste68.englishplayondevice.play/com.bruste68.englishplayondevice.MainActivity
06-19 15:59:41.245  3779  3779 D NavigationBar: onSystemBarAttributesChanged() -  displayId:0, appearance:16, packageName: com.bruste68.englishplayondevice.play (APPEARANCE_LIGHT_NAVIGATION_BARS ), navbarColorManagedByIme:false
06-19 15:59:41.271  2603  6396 D InputDispatcher: Focus request (0): 23b2ca com.bruste68.englishplayondevice.play/com.bruste68.englishplayondevice.MainActivity but waiting because NOT_VISIBLE
06-19 15:59:41.280  7206  7206 I InsetsSourceConsumer: applyRequestedVisibilityToControl: visible=true, type=navigationBars, host=com.bruste68.englishplayondevice.play/com.bruste68.englishplayondevice.MainActivity
06-19 15:59:41.280  2603  6222 D WindowManager: finishDrawingWindow: Window{23b2ca u0 com.bruste68.englishplayondevice.play/com.bruste68.englishplayondevice.MainActivity} mDrawState=DRAW_PENDING seqId=0
06-19 15:59:41.281  7206  7206 I InsetsSourceConsumer: applyRequestedVisibilityToControl: visible=true, type=statusBars, host=com.bruste68.englishplayondevice.play/com.bruste68.englishplayondevice.MainActivity
06-19 15:59:41.281  2603  2719 V WindowManager: Finish starting ActivityRecord{7a5031c u0 com.bruste68.englishplayondevice.play/com.bruste68.englishplayondevice.MainActivity t91004}: first real window is shown, no animation
06-19 15:59:41.281  2603  2719 V WindowManager: Schedule remove starting ActivityRecord{7a5031c u0 com.bruste68.englishplayondevice.play/com.bruste68.englishplayondevice.MainActivity t91004} startingWindow=Window{1c4c89e u0 Splash Screen com.bruste68.englishplayondevice.play} animate=true Callers=com.android.server.wm.ActivityRecord.removeStartingWindow:3496 com.android.server.wm.ActivityRecord.onFirstWindowDrawn:8007 com.android.server.wm.WindowState.performShowLocked:5350 com.android.server.wm.WindowStateAnimator.commitFinishDrawingLocked:286 com.android.server.wm.DisplayContent.lambda$new$8:1293 
06-19 15:59:41.282  2603  2719 D TaskOrganizerController: applyStartingWindowAnimation, window=Window{23b2ca u0 com.bruste68.englishplayondevice.play/com.bruste68.englishplayondevice.MainActivity}, caller=com.android.server.wm.TaskOrganizerController.removeStartingWindow:809 com.android.server.wm.StartingSurfaceController$StartingSurface.remove:292 com.android.server.wm.ActivityRecord.removeStartingWindowAnimation:3576 
06-19 15:59:41.282  2603  2719 I WindowManager: Reparenting to leash, surface=Surface(name=23b2ca com.bruste68.englishplayondevice.play/com.bruste68.englishplayondevice.MainActivity)/@0x351eb03, leashParent=Surface(name=ActivityRecord{7a5031c u0 com.bruste68.englishplayondevice.play/com.bruste68.englishplayondevice.MainActivity t91004})/@0xfe7d467
06-19 15:59:41.282  1892  1996 I SurfaceFlinger: id=51714 createSurf, flag=24000, Surface(name=23b2ca com.bruste68.englishplayondevice.play/com.bruste68.englishplayondevice.MainActivity)/@0x351eb03 - animation-leash of starting_reveal#51714
06-19 15:59:41.283  2603  2719 D WindowManager: makeSurface duration=1 leash=Surface(name=Surface(name=23b2ca com.bruste68.englishplayondevice.play/com.bruste68.englishplayondevice.MainActivity)/@0x351eb03 - animation-leash of starting_reveal)/@0xf62d229
06-19 15:59:41.283  2603  2719 V WindowManager: performShowLocked: mDrawState=HAS_DRAWN in Window{23b2ca u0 com.bruste68.englishplayondevice.play/com.bruste68.englishplayondevice.MainActivity}
06-19 15:59:41.285  1892  1892 I Layer   : Layer::reparent [23b2ca com.bruste68.englishplayondevice.play/com.bruste68.englishplayondevice.MainActivity#51704] newParent : Surface(name=23b2ca com.bruste68.englishplayondevice.play/com.bruste68.englishplayondevice.MainActivity)/@0x351eb03 - animation-leash of starting_reveal#51714 , isRemovedFromCurrentState : 0 -------------------------
06-19 15:59:41.285  1892  1892 I Layer   : Layer::reparent [23b2ca com.bruste68.englishplayondevice.play/com.bruste68.englishplayondevice.MainActivity#51704] End -------------------------
06-19 15:59:41.285  1892  1892 I Layer   : Layer [com.bruste68.englishplayondevice.play/com.bruste68.englishplayondevice.MainActivity$_7206#51710] hidden!! flag(0)
06-19 15:59:41.287  2603  5946 D InputDispatcher: Focus entered window (0): 23b2ca com.bruste68.englishplayondevice.play/com.bruste68.englishplayondevice.MainActivity
06-19 15:59:41.289  1892  1892 D SurfaceFlinger:      CLIENT | 0xb400006fb48feda0 | 0102 | RGBA_8888    |    0.0    0.0  904.0 2316.0 |   11  153  772 2103 | com.bruste68.englishplayondevice.pla[...]layondevice.MainActivity$_7206#51710
06-19 15:59:41.289  1892  1892 D SurfaceFlinger:      CLIENT | 0xb400006fb491f950 | 0100 | RGBA_8888    |    0.0    0.0  904.0 2316.0 |   11  153  772 2103 | Splash Screen com.bruste68.englishplayondevice.play$_3779#51696
06-19 15:59:41.292  2603  6222 I ImeTracker: com.bruste68.englishplayondevice.play:3ecad548: onRequestHide at ORIGIN_SERVER_HIDE_INPUT reason HIDE_UNSPECIFIED_WINDOW
06-19 15:59:41.292  2603  6222 I ImeTracker: com.bruste68.englishplayondevice.play:3ecad548: onCancelled at PHASE_SERVER_SHOULD_HIDE
06-19 15:59:41.293  2603  6396 V WindowManager: Relayout Window{1c4c89e u0 Splash Screen com.bruste68.englishplayondevice.play}: viewVisibility=0 req=904x2316 ty=3 d0
06-19 15:59:41.294  2603  2715 I PkgPredictorService-SecIpmManagerServiceImpl: reportToNAP uid:10689 com.bruste68.englishplayondevice.play/com.bruste68.englishplayondevice.MainActivity thisTime:235
06-19 15:59:41.294  2603  6396 D WindowManager: updateSystemBarAttributes: displayId=0, win=Window{23b2ca u0 com.bruste68.englishplayondevice.play/com.bruste68.englishplayondevice.MainActivity}, navColorWin=Window{1c4c89e u0 Splash Screen com.bruste68.englishplayondevice.play}, focusedCanBeNavColorWin=false, behavior=1, appearance=0, statusBarAppearanceRegions=[AppearanceRegion{ bounds=[0,0][904,2316]}], requestedVisibilities=-9, from=com.android.server.wm.DisplayPolicy.finishPostLayoutPolicyLw:2339 com.android.server.wm.DisplayContent.applySurfaceChangesTransaction:6181 com.android.server.wm.RootWindowContainer.applySurfaceChangesTransaction:1183 
06-19 15:59:41.295  2603  2715 I ActivityTaskManager: Displayed com.bruste68.englishplayondevice.play/com.bruste68.englishplayondevice.MainActivity for user 0: +235ms
06-19 15:59:41.295  2603  2715 I Pageboost: Launch time gathered : pid 7206 com.bruste68.englishplayondevice.play 235
06-19 15:59:41.299  2603  6396 D InsetsSourceProvider: updateControlForTarget: control=InsetsSourceControl: {3 mType=ime mSurfacePosition=Point(0, 87) mInsetsHint=Insets{left=0, top=0, right=0, bottom=863}}, target=Window{23b2ca u0 com.bruste68.englishplayondevice.play/com.bruste68.englishplayondevice.MainActivity}, from=com.android.server.wm.ImeInsetsSourceProvider.updateControlForTarget:165 com.android.server.wm.InsetsStateController.onControlTargetChanged:363 com.android.server.wm.InsetsStateController.onImeControlTargetChanged:307 com.android.server.wm.DisplayContent.updateImeControlTarget:5763 com.android.server.wm.DisplayContent.updateImeInputAndControlTarget:5723 
06-19 15:59:41.300  9530  9530 I HBD     : b [AiWriter] setContact : com.bruste68.englishplayondevice.play
06-19 15:59:41.300  9530  9530 I HBD     : a [AiWriter] setContact : com.bruste68.englishplayondevice.play
06-19 15:59:41.301  7206  7206 I InsetsSourceConsumer: applyRequestedVisibilityToControl: visible=false, type=ime, host=com.bruste68.englishplayondevice.play/com.bruste68.englishplayondevice.MainActivity
06-19 15:59:41.302  1892  1892 I Layer   : Layer::reparent [ImeContainer#18] newParent : ActivityRecord{7a5031c u0 com.bruste68.englishplayondevice.play/com.bruste68.englishplayondevice.MainActivity t91004}#51694 , isRemovedFromCurrentState : 0 -------------------------
06-19 15:59:41.310  3779  3779 D SamsungLightBarControlHelper: onStatusBarAppearanceChanged() -  sbModeChanged:false, statusBarMode:0, barState:MODE_TRANSPARENT, isKeyguardShowing:false, navbarColorManagedByIme:false, stackAppearanceChanged:true, (AppearanceRegion{ bounds=[0,0][904,2316]}, ), packageName:com.bruste68.englishplayondevice.play
06-19 15:59:41.311  3779  3779 D NavigationBar: onSystemBarAttributesChanged() -  displayId:0, appearance:0, packageName: com.bruste68.englishplayondevice.play, navbarColorManagedByIme:false
06-19 15:59:41.311  3779  3779 D SamsungLightBarControlHelper: updateNavigationBar (WHITE button) isLightOpaque:false, hasLightNavigationBarFlag:false, packageName:com.bruste68.englishplayondevice.play, DirectReplying:false, NavBarColorMangedByIme:false, ForceDarkForScrim:false, QsCustomizing:false, PanelHasWhiteBg:true
06-19 15:59:41.312  3779  3779 D SamsungLightBarControlHelper: updateStatusBar (WHITE icon) numStacks:1, StatusBarMode:MODE_TRANSPARENT, lightBarBounds:[], StatusBarState:SHADE, packageName:com.bruste68.englishplayondevice.play, isWhiteKeyguardStatusBar:false
06-19 15:59:41.326  9530 18859 I HBD     : i [SKE_SPECIFIC] specific model[com.bruste68.englishplayondevice.play] loaded, 10490000 ns
06-19 15:59:41.329  7206  7259 D nativeloader: Load /data/app/~~dV9zonWjho18V0Hr0EL34g==/com.bruste68.englishplayondevice.play-ILuDfzhHvOsKZVQv9WedUg==/base.apk!/lib/arm64-v8a/libreact_nativemodule_core.so using ns clns-6 from class loader (caller=/data/app/~~dV9zonWjho18V0Hr0EL34g==/com.bruste68.englishplayondevice.play-ILuDfzhHvOsKZVQv9WedUg==/base.apk): ok
06-19 15:59:41.330  7206  7259 D nativeloader: Load /data/app/~~dV9zonWjho18V0Hr0EL34g==/com.bruste68.englishplayondevice.play-ILuDfzhHvOsKZVQv9WedUg==/base.apk!/lib/arm64-v8a/libexpo-modules-core.so using ns clns-6 from class loader (caller=/data/app/~~dV9zonWjho18V0Hr0EL34g==/com.bruste68.englishplayondevice.play-ILuDfzhHvOsKZVQv9WedUg==/base.apk): ok
06-19 15:59:41.335  7206  7259 D nativeloader: Load /data/app/~~dV9zonWjho18V0Hr0EL34g==/com.bruste68.englishplayondevice.play-ILuDfzhHvOsKZVQv9WedUg==/base.apk!/lib/arm64-v8a/libturbomodulejsijni.so using ns clns-6 from class loader (caller=/data/app/~~dV9zonWjho18V0Hr0EL34g==/com.bruste68.englishplayondevice.play-ILuDfzhHvOsKZVQv9WedUg==/base.apk): ok
06-19 15:59:41.340  2603  5946 V WindowManager: Relayout Window{1c4c89e u0 Splash Screen com.bruste68.englishplayondevice.play}: viewVisibility=8 req=904x2316 ty=3 d0
06-19 15:59:41.341  2603  5946 D WindowManager: updateSystemBarAttributes: displayId=0, win=Window{23b2ca u0 com.bruste68.englishplayondevice.play/com.bruste68.englishplayondevice.MainActivity}, navColorWin=Window{23b2ca u0 com.bruste68.englishplayondevice.play/com.bruste68.englishplayondevice.MainActivity}, focusedCanBeNavColorWin=false, behavior=1, appearance=16, statusBarAppearanceRegions=[AppearanceRegion{ bounds=[0,0][904,2316]}], requestedVisibilities=-9, from=com.android.server.wm.DisplayPolicy.finishPostLayoutPolicyLw:2339 com.android.server.wm.DisplayContent.applySurfaceChangesTransaction:6181 com.android.server.wm.RootWindowContainer.applySurfaceChangesTransaction:1183 
06-19 15:59:41.343  2603  6222 D CoreBackPreview: Window{1c4c89e u0 Splash Screen com.bruste68.englishplayondevice.play EXITING}: Setting back callback null
06-19 15:59:41.343  2603  5946 D WindowManager: Starting window removed Window{1c4c89e u0 Splash Screen com.bruste68.englishplayondevice.play EXITING}
06-19 15:59:41.343  2603  5946 I WindowManager: Cancelling animation restarting=false, leash=Surface(name=Surface(name=23b2ca com.bruste68.englishplayondevice.play/com.bruste68.englishplayondevice.MainActivity)/@0x351eb03 - animation-leash of starting_reveal)/@0xf62d229
06-19 15:59:41.343  2603  5946 I WindowManager: Reparenting to original parent: Surface(name=ActivityRecord{7a5031c u0 com.bruste68.englishplayondevice.play/com.bruste68.englishplayondevice.MainActivity t91004})/@0xfe7d467, destroy=false, surface=Surface(name=23b2ca com.bruste68.englishplayondevice.play/com.bruste68.englishplayondevice.MainActivity)/@0x351eb03
06-19 15:59:41.344  2603  5946 W InputManager-JNI: Input channel object '1c4c89e Splash Screen com.bruste68.englishplayondevice.play (client)' was disposed without first being removed with the input manager!
06-19 15:59:41.344  2603  5946 V WindowManager: Remove Window{1c4c89e u0 Splash Screen com.bruste68.englishplayondevice.play EXITING}: mSurfaceController=Surface(name=Splash Screen com.bruste68.englishplayondevice.play$_3779)/@0xe6c5f84 mAnimatingExit=true mRemoveOnExit=false mHasSurface=true surfaceShowing=true animating=false app-animation=false mDisplayFrozen=false callers=com.android.server.wm.WindowManagerService.removeWindow:2151 com.android.server.wm.Session.remove:257 android.view.IWindowSession$Stub.onTransact:747 com.android.server.wm.Session.onTransact:204 android.os.Binder.execTransactInternal:1380 android.os.Binder.execTransact:1311 
06-19 15:59:41.350  7206  7259 D nativeloader: Load /data/app/~~dV9zonWjho18V0Hr0EL34g==/com.bruste68.englishplayondevice.play-ILuDfzhHvOsKZVQv9WedUg==/base.apk!/lib/arm64-v8a/libreactnativeblob.so using ns clns-6 from class loader (caller=/data/app/~~dV9zonWjho18V0Hr0EL34g==/com.bruste68.englishplayondevice.play-ILuDfzhHvOsKZVQv9WedUg==/base.apk): ok
06-19 15:59:41.352  1892  1892 I Layer   : Layer::reparent [23b2ca com.bruste68.englishplayondevice.play/com.bruste68.englishplayondevice.MainActivity#51704] newParent : ActivityRecord{7a5031c u0 com.bruste68.englishplayondevice.play/com.bruste68.englishplayondevice.MainActivity t91004}#51694 , isRemovedFromCurrentState : 0 -------------------------
06-19 15:59:41.352  1892  1892 I Layer   : Layer::reparent [23b2ca com.bruste68.englishplayondevice.play/com.bruste68.englishplayondevice.MainActivity#51704] End -------------------------
06-19 15:59:41.352  1892  1892 I Layer   : Layer::reparent [Surface(name=23b2ca com.bruste68.englishplayondevice.play/com.bruste68.englishplayondevice.MainActivity)/@0x351eb03 - animation-leash of starting_reveal#51714] newParentHandle : null -------------------------
06-19 15:59:41.352  1892  1892 I Layer   : id=51714 removeFromCurrentState Surface(name=23b2ca com.bruste68.englishplayondevice.play/com.bruste68.englishplayondevice.MainActivity)/@0x351eb03 - animation-leash of starting_reveal#51714 (228)
06-19 15:59:41.352  1892  1892 I Layer   : Layer::reparent [Surface(name=23b2ca com.bruste68.englishplayondevice.play/com.bruste68.englishplayondevice.MainActivity)/@0x351eb03 - animation-leash of starting_reveal#51714] End -------------------------
06-19 15:59:41.356  1892  1892 D SurfaceFlinger:      CLIENT | 0xb400006fb48feda0 | 0102 | RGBA_8888    |    0.0    0.0  904.0 2316.0 |    4   53  858 2243 | com.bruste68.englishplayondevice.pla[...]layondevice.MainActivity$_7206#51710
06-19 15:59:41.357  3779  3779 D NavigationBar: onSystemBarAttributesChanged() -  displayId:0, appearance:16, packageName: com.bruste68.englishplayondevice.play (APPEARANCE_LIGHT_NAVIGATION_BARS ), navbarColorManagedByIme:false
06-19 15:59:41.357  3779  3779 D SamsungLightBarControlHelper: updateNavigationBar (BLACK button) isLightOpaque:false, hasLightNavigationBarFlag:true, packageName:com.bruste68.englishplayondevice.play, DirectReplying:false, NavBarColorMangedByIme:false, ForceDarkForScrim:false, QsCustomizing:false, PanelHasWhiteBg:true
06-19 15:59:41.421  2603  5946 V WindowManager: Relayout Window{23b2ca u0 com.bruste68.englishplayondevice.play/com.bruste68.englishplayondevice.MainActivity}: viewVisibility=0 req=904x2316 ty=1 d0
06-19 15:59:41.422  2603  5946 D WindowManager: updateSystemBarAttributes: displayId=0, win=Window{23b2ca u0 com.bruste68.englishplayondevice.play/com.bruste68.englishplayondevice.MainActivity}, navColorWin=Window{23b2ca u0 com.bruste68.englishplayondevice.play/com.bruste68.englishplayondevice.MainActivity}, focusedCanBeNavColorWin=false, behavior=1, appearance=24, statusBarAppearanceRegions=[AppearanceRegion{LIGHT_STATUS_BARS bounds=[0,0][904,2316]}], requestedVisibilities=-9, from=com.android.server.wm.DisplayPolicy.finishPostLayoutPolicyLw:2339 com.android.server.wm.DisplayContent.applySurfaceChangesTransaction:6181 com.android.server.wm.RootWindowContainer.applySurfaceChangesTransaction:1183 
06-19 15:59:41.425  3779  3779 D SamsungLightBarControlHelper: onStatusBarAppearanceChanged() -  sbModeChanged:false, statusBarMode:0, barState:MODE_TRANSPARENT, isKeyguardShowing:false, navbarColorManagedByIme:false, stackAppearanceChanged:true, (AppearanceRegion{LIGHT_STATUS_BARS bounds=[0,0][904,2316]}, ), packageName:com.bruste68.englishplayondevice.play
